<html>
<body>
<pre>
<h1>µVision Build Log</h1>
<h2>Tool Versions:</h2>
IDE-Version: ¦ÌVision V5.28.0.0
Copyright (C) 2019 ARM Ltd and ARM Germany GmbH. All rights reserved.
License Information: W HJ, XINSHEN, LIC=HN0WF-6HDHZ-CJA6Z-JD31E-H6EJK-MXQB8
 
Tool Versions:
Toolchain:       MDK-ARM Plus  Version: 5.28.0.0
Toolchain Path:  C:\Keil_v5\ARM\ARMCC\Bin
C Compiler:      Armcc.exe V5.06 update 6 (build 750)
Assembler:       Armasm.exe V5.06 update 6 (build 750)
Linker/Locator:  ArmLink.exe V5.06 update 6 (build 750)
Library Manager: ArmAr.exe V5.06 update 6 (build 750)
Hex Converter:   FromElf.exe V5.06 update 6 (build 750)
CPU DLL:         SARMCM3.DLL V5.28.0.0
Dialog DLL:      DCM.DLL V1.17.3.0
Target DLL:      Segger\JL2CM3.dll V2.99.36.0
Dialog DLL:      TCM.DLL V1.36.2.0
 
<h2>Project:</h2>
C:\Users\Administrator\Desktop\obd_wifi_ap (1)\obd_wifi.uvprojx
Project File Date:  03/17/2020

<h2>Output:</h2>
*** Using Compiler 'V5.06 update 6 (build 750)', folder: 'C:\Keil_v5\ARM\ARMCC\Bin'
Build target 'Target 1'
compiling nmdrv.c...
.\wifi\bsp/include/nm_bsp_internal.h(112): warning:  #1-D: last line of file ends without a newline
  #endif //_NM_BSP_INTERNAL_H_
.\wifi\driver/include/m2m_types.h(671): warning:  #1565-D: white space between backslash and newline in line splice ignored
  @struct	\	
.\wifi\driver/include/m2m_types.h(703): warning:  #1565-D: white space between backslash and newline in line splice ignored
  @struct	\	
.\wifi\driver/include/m2m_types.h(720): warning:  #1565-D: white space between backslash and newline in line splice ignored
  @struct	\	
.\wifi\driver/include/m2m_types.h(737): warning:  #1565-D: white space between backslash and newline in line splice ignored
  @struct	\	
.\wifi\driver/include/m2m_types.h(754): warning:  #1565-D: white space between backslash and newline in line splice ignored
  @struct	\	
.\wifi\driver/include/m2m_types.h(772): warning:  #1565-D: white space between backslash and newline in line splice ignored
  @struct	\	
wifi\driver\source\nmdrv.c: 7 warnings, 0 errors
compiling m2m_ssl.c...
.\wifi\bsp/include/nm_bsp_internal.h(112): warning:  #1-D: last line of file ends without a newline
  #endif //_NM_BSP_INTERNAL_H_
.\wifi\driver/include/m2m_types.h(671): warning:  #1565-D: white space between backslash and newline in line splice ignored
  @struct	\	
.\wifi\driver/include/m2m_types.h(703): warning:  #1565-D: white space between backslash and newline in line splice ignored
  @struct	\	
.\wifi\driver/include/m2m_types.h(720): warning:  #1565-D: white space between backslash and newline in line splice ignored
  @struct	\	
.\wifi\driver/include/m2m_types.h(737): warning:  #1565-D: white space between backslash and newline in line splice ignored
  @struct	\	
.\wifi\driver/include/m2m_types.h(754): warning:  #1565-D: white space between backslash and newline in line splice ignored
  @struct	\	
.\wifi\driver/include/m2m_types.h(772): warning:  #1565-D: white space between backslash and newline in line splice ignored
  @struct	\	
.\wifi\socket/include/socket.h(934): warning:  #1565-D: white space between backslash and newline in line splice ignored
  @fn	\			
.\wifi\socket/include/socket.h(1363): warning:  #1565-D: white space between backslash and newline in line splice ignored
  @fn	\	
.\wifi\socket/include/socket.h(1588): warning:  #1565-D: white space between backslash and newline in line splice ignored
  @fn	\	
.\wifi\socket/include/socket.h(1694): warning:  #1565-D: white space between backslash and newline in line splice ignored
  @fn	\		
.\wifi\socket/include/socket.h(1904): warning:  #1029-D: __packed ignored for non-pointer parameter
  NMI_API sint8 sslEnableCertExpirationCheck(tenuSslCertExpSettings enuValidationSetting);
.\wifi\socket/include/socket.h(1963): warning:  #1565-D: white space between backslash and newline in line splice ignored
  @fn	\		
.\wifi\driver/include/m2m_ssl.h(185): warning:  #1-D: last line of file ends without a newline
  #endif /* __M2M_SSL_H__ */
wifi\driver\source\m2m_ssl.c(406): warning:  #1-D: last line of file ends without a newline
  }
wifi\driver\source\m2m_ssl.c: 15 warnings, 0 errors
compiling m2m_periph.c...
.\wifi\bsp/include/nm_bsp_internal.h(112): warning:  #1-D: last line of file ends without a newline
  #endif //_NM_BSP_INTERNAL_H_
.\wifi\driver/include/m2m_types.h(671): warning:  #1565-D: white space between backslash and newline in line splice ignored
  @struct	\	
.\wifi\driver/include/m2m_types.h(703): warning:  #1565-D: white space between backslash and newline in line splice ignored
  @struct	\	
.\wifi\driver/include/m2m_types.h(720): warning:  #1565-D: white space between backslash and newline in line splice ignored
  @struct	\	
.\wifi\driver/include/m2m_types.h(737): warning:  #1565-D: white space between backslash and newline in line splice ignored
  @struct	\	
.\wifi\driver/include/m2m_types.h(754): warning:  #1565-D: white space between backslash and newline in line splice ignored
  @struct	\	
.\wifi\driver/include/m2m_types.h(772): warning:  #1565-D: white space between backslash and newline in line splice ignored
  @struct	\	
.\wifi\driver/include/m2m_periph.h(404): warning:  #1-D: last line of file ends without a newline
  #endif /* _M2M_PERIPH_H_ */
wifi\driver\source\m2m_periph.c(150): warning:  #1-D: last line of file ends without a newline
  #endif /* CONF_PERIPH */
wifi\driver\source\m2m_periph.c: 9 warnings, 0 errors
compiling m2m_crypto.c...
.\wifi\bsp/include/nm_bsp_internal.h(112): warning:  #1-D: last line of file ends without a newline
  #endif //_NM_BSP_INTERNAL_H_
.\wifi\driver/include/m2m_types.h(671): warning:  #1565-D: white space between backslash and newline in line splice ignored
  @struct	\	
.\wifi\driver/include/m2m_types.h(703): warning:  #1565-D: white space between backslash and newline in line splice ignored
  @struct	\	
.\wifi\driver/include/m2m_types.h(720): warning:  #1565-D: white space between backslash and newline in line splice ignored
  @struct	\	
.\wifi\driver/include/m2m_types.h(737): warning:  #1565-D: white space between backslash and newline in line splice ignored
  @struct	\	
.\wifi\driver/include/m2m_types.h(754): warning:  #1565-D: white space between backslash and newline in line splice ignored
  @struct	\	
.\wifi\driver/include/m2m_types.h(772): warning:  #1565-D: white space between backslash and newline in line splice ignored
  @struct	\	
wifi\driver\source\m2m_crypto.c(1002): warning:  #1-D: last line of file ends without a newline
  #endif
wifi\driver\source\m2m_crypto.c: 8 warnings, 0 errors
compiling m2m_ota.c...
.\wifi\bsp/include/nm_bsp_internal.h(112): warning:  #1-D: last line of file ends without a newline
  #endif //_NM_BSP_INTERNAL_H_
.\wifi\driver/include/m2m_types.h(671): warning:  #1565-D: white space between backslash and newline in line splice ignored
  @struct	\	
.\wifi\driver/include/m2m_types.h(703): warning:  #1565-D: white space between backslash and newline in line splice ignored
  @struct	\	
.\wifi\driver/include/m2m_types.h(720): warning:  #1565-D: white space between backslash and newline in line splice ignored
  @struct	\	
.\wifi\driver/include/m2m_types.h(737): warning:  #1565-D: white space between backslash and newline in line splice ignored
  @struct	\	
.\wifi\driver/include/m2m_types.h(754): warning:  #1565-D: white space between backslash and newline in line splice ignored
  @struct	\	
.\wifi\driver/include/m2m_types.h(772): warning:  #1565-D: white space between backslash and newline in line splice ignored
  @struct	\	
.\wifi\driver/include/m2m_wifi.h(3031): warning:  #1029-D: __packed ignored for non-pointer parameter
  NMI_API sint8 m2m_wifi_configure_sntp(uint8 *pu8NTPServerName, uint8 u8NTPServerNameLength, tenuSNTPUseDHCP useDHCP);
wifi\driver\source\m2m_ota.c(557): warning:  #940-D: missing return statement at end of non-void function "m2m_ota_host_file_read_spi" 
  }
wifi\driver\source\m2m_ota.c(596): warning:  #1-D: last line of file ends without a newline
  }
wifi\driver\source\m2m_ota.c: 10 warnings, 0 errors
compiling nmasic.c...
.\wifi\bsp/include/nm_bsp_internal.h(112): warning:  #1-D: last line of file ends without a newline
  #endif //_NM_BSP_INTERNAL_H_
.\wifi\driver/include/m2m_types.h(671): warning:  #1565-D: white space between backslash and newline in line splice ignored
  @struct	\	
.\wifi\driver/include/m2m_types.h(703): warning:  #1565-D: white space between backslash and newline in line splice ignored
  @struct	\	
.\wifi\driver/include/m2m_types.h(720): warning:  #1565-D: white space between backslash and newline in line splice ignored
  @struct	\	
.\wifi\driver/include/m2m_types.h(737): warning:  #1565-D: white space between backslash and newline in line splice ignored
  @struct	\	
.\wifi\driver/include/m2m_types.h(754): warning:  #1565-D: white space between backslash and newline in line splice ignored
  @struct	\	
.\wifi\driver/include/m2m_types.h(772): warning:  #1565-D: white space between backslash and newline in line splice ignored
  @struct	\	
wifi\driver\source\nmasic.c: 7 warnings, 0 errors
compiling m2m_hif.c...
.\wifi\bsp/include/nm_bsp_internal.h(112): warning:  #1-D: last line of file ends without a newline
  #endif //_NM_BSP_INTERNAL_H_
.\wifi\driver/include/m2m_types.h(671): warning:  #1565-D: white space between backslash and newline in line splice ignored
  @struct	\	
.\wifi\driver/include/m2m_types.h(703): warning:  #1565-D: white space between backslash and newline in line splice ignored
  @struct	\	
.\wifi\driver/include/m2m_types.h(720): warning:  #1565-D: white space between backslash and newline in line splice ignored
  @struct	\	
.\wifi\driver/include/m2m_types.h(737): warning:  #1565-D: white space between backslash and newline in line splice ignored
  @struct	\	
.\wifi\driver/include/m2m_types.h(754): warning:  #1565-D: white space between backslash and newline in line splice ignored
  @struct	\	
.\wifi\driver/include/m2m_types.h(772): warning:  #1565-D: white space between backslash and newline in line splice ignored
  @struct	\	
.\wifi\driver/include/m2m_periph.h(404): warning:  #1-D: last line of file ends without a newline
  #endif /* _M2M_PERIPH_H_ */
wifi\driver\source\m2m_hif.c: 8 warnings, 0 errors
compiling socket.c...
.\wifi\bsp/include/nm_bsp_internal.h(112): warning:  #1-D: last line of file ends without a newline
  #endif //_NM_BSP_INTERNAL_H_
.\wifi\driver/include/m2m_types.h(671): warning:  #1565-D: white space between backslash and newline in line splice ignored
  @struct	\	
.\wifi\driver/include/m2m_types.h(703): warning:  #1565-D: white space between backslash and newline in line splice ignored
  @struct	\	
.\wifi\driver/include/m2m_types.h(720): warning:  #1565-D: white space between backslash and newline in line splice ignored
  @struct	\	
.\wifi\driver/include/m2m_types.h(737): warning:  #1565-D: white space between backslash and newline in line splice ignored
  @struct	\	
.\wifi\driver/include/m2m_types.h(754): warning:  #1565-D: white space between backslash and newline in line splice ignored
  @struct	\	
.\wifi\driver/include/m2m_types.h(772): warning:  #1565-D: white space between backslash and newline in line splice ignored
  @struct	\	
.\wifi\socket/include/socket.h(934): warning:  #1565-D: white space between backslash and newline in line splice ignored
  @fn	\			
.\wifi\socket/include/socket.h(1363): warning:  #1565-D: white space between backslash and newline in line splice ignored
  @fn	\	
.\wifi\socket/include/socket.h(1588): warning:  #1565-D: white space between backslash and newline in line splice ignored
  @fn	\	
.\wifi\socket/include/socket.h(1694): warning:  #1565-D: white space between backslash and newline in line splice ignored
  @fn	\		
.\wifi\socket/include/socket.h(1904): warning:  #1029-D: __packed ignored for non-pointer parameter
  NMI_API sint8 sslEnableCertExpirationCheck(tenuSslCertExpSettings enuValidationSetting);
.\wifi\socket/include/socket.h(1963): warning:  #1565-D: white space between backslash and newline in line splice ignored
  @fn	\		
wifi\socket\source\socket.c(1296): warning:  #1029-D: __packed ignored for non-pointer parameter
  sint8 sslEnableCertExpirationCheck(tenuSslCertExpSettings enuValidationSetting)
wifi\socket\source\socket.c(1324): warning:  #1-D: last line of file ends without a newline
  }
wifi\socket\source\socket.c: 15 warnings, 0 errors
compiling m2m_wifi.c...
.\wifi\bsp/include/nm_bsp_internal.h(112): warning:  #1-D: last line of file ends without a newline
  #endif //_NM_BSP_INTERNAL_H_
.\wifi\driver/include/m2m_types.h(671): warning:  #1565-D: white space between backslash and newline in line splice ignored
  @struct	\	
.\wifi\driver/include/m2m_types.h(703): warning:  #1565-D: white space between backslash and newline in line splice ignored
  @struct	\	
.\wifi\driver/include/m2m_types.h(720): warning:  #1565-D: white space between backslash and newline in line splice ignored
  @struct	\	
.\wifi\driver/include/m2m_types.h(737): warning:  #1565-D: white space between backslash and newline in line splice ignored
  @struct	\	
.\wifi\driver/include/m2m_types.h(754): warning:  #1565-D: white space between backslash and newline in line splice ignored
  @struct	\	
.\wifi\driver/include/m2m_types.h(772): warning:  #1565-D: white space between backslash and newline in line splice ignored
  @struct	\	
.\wifi\driver/include/m2m_wifi.h(3031): warning:  #1029-D: __packed ignored for non-pointer parameter
  NMI_API sint8 m2m_wifi_configure_sntp(uint8 *pu8NTPServerName, uint8 u8NTPServerNameLength, tenuSNTPUseDHCP useDHCP);
wifi\driver\source\m2m_wifi.c(554): warning:  #1029-D: __packed ignored for non-pointer parameter
  	tenuM2mSecType		enuAuthType,
wifi\driver\source\m2m_wifi.c(694): warning:  #223-D: function "malloc" declared implicitly
  			tstrM2mWifiWep	*pstrWep = (tstrM2mWifiWep*)malloc(sizeof(tstrM2mWifiWep));
wifi\driver\source\m2m_wifi.c(704): warning:  #223-D: function "free" declared implicitly
  				free(pstrWep);
wifi\driver\source\m2m_wifi.c(731): warning:  #223-D: function "malloc" declared implicitly
  			tstrM2mWifiPsk	*pstrPsk = (tstrM2mWifiPsk*)malloc(sizeof(tstrM2mWifiPsk));
wifi\driver\source\m2m_wifi.c(766): warning:  #223-D: function "free" declared implicitly
  				free(pstrPsk);
wifi\driver\source\m2m_wifi.c(805): warning:  #223-D: function "malloc" declared implicitly
  				tstrM2mWifi1xHdr	*pstr1xHdr = (tstrM2mWifi1xHdr*)malloc(u16AuthSize);
wifi\driver\source\m2m_wifi.c(837): warning:  #223-D: function "free" declared implicitly
  					free(pstr1xHdr);
wifi\driver\source\m2m_wifi.c(882): warning:  #223-D: function "malloc" declared implicitly
  				tstrM2mWifi1xHdr	*pstr1xHdr = (tstrM2mWifi1xHdr*)malloc(u16Payload1Size);
wifi\driver\source\m2m_wifi.c(933): warning:  #223-D: function "free" declared implicitly
  					free(pstr1xHdr);
wifi\driver\source\m2m_wifi.c(1543): warning:  #1029-D: __packed ignored for non-pointer parameter
  sint8 m2m_wifi_configure_sntp(uint8 *pu8NTPServerName, uint8 u8NTPServerNameLength, tenuSNTPUseDHCP useDHCP)
wifi\driver\source\m2m_wifi.c: 18 warnings, 0 errors
compiling main.c...
.\nxpLib\gpio.h(11): warning:  #1295-D: Deprecated declaration GpioInit - give arg types
  void GpioInit();
.\nxpLib\timer.h(10): warning:  #1295-D: Deprecated declaration LPTMR_Reset - give arg types
  void LPTMR_Reset();
.\nxpLib\timer.h(16): warning:  #1295-D: Deprecated declaration LPTMR_COUNT - give arg types
  int LPTMR_COUNT();
.\nxpLib\timer.h(19): warning:  #1295-D: Deprecated declaration LPIT0_COUNT - give arg types
  int LPIT0_COUNT();
.\wifi\bsp/include/nm_bsp_internal.h(112): warning:  #1-D: last line of file ends without a newline
  #endif //_NM_BSP_INTERNAL_H_
.\wifi\driver/include/m2m_types.h(671): warning:  #1565-D: white space between backslash and newline in line splice ignored
  @struct	\	
.\wifi\driver/include/m2m_types.h(703): warning:  #1565-D: white space between backslash and newline in line splice ignored
  @struct	\	
.\wifi\driver/include/m2m_types.h(720): warning:  #1565-D: white space between backslash and newline in line splice ignored
  @struct	\	
.\wifi\driver/include/m2m_types.h(737): warning:  #1565-D: white space between backslash and newline in line splice ignored
  @struct	\	
.\wifi\driver/include/m2m_types.h(754): warning:  #1565-D: white space between backslash and newline in line splice ignored
  @struct	\	
.\wifi\driver/include/m2m_types.h(772): warning:  #1565-D: white space between backslash and newline in line splice ignored
  @struct	\	
.\wifi\socket\include\socket.h(934): warning:  #1565-D: white space between backslash and newline in line splice ignored
  @fn	\			
.\wifi\socket\include\socket.h(1363): warning:  #1565-D: white space between backslash and newline in line splice ignored
  @fn	\	
.\wifi\socket\include\socket.h(1588): warning:  #1565-D: white space between backslash and newline in line splice ignored
  @fn	\	
.\wifi\socket\include\socket.h(1694): warning:  #1565-D: white space between backslash and newline in line splice ignored
  @fn	\		
.\wifi\socket\include\socket.h(1904): warning:  #1029-D: __packed ignored for non-pointer parameter
  NMI_API sint8 sslEnableCertExpirationCheck(tenuSslCertExpSettings enuValidationSetting);
.\wifi\socket\include\socket.h(1963): warning:  #1565-D: white space between backslash and newline in line splice ignored
  @fn	\		
wifi/driver/include/m2m_wifi.h(3031): warning:  #1029-D: __packed ignored for non-pointer parameter
  NMI_API sint8 m2m_wifi_configure_sntp(uint8 *pu8NTPServerName, uint8 u8NTPServerNameLength, tenuSNTPUseDHCP useDHCP);
main.c(41): warning:  #177-D: variable "pu8IPAddress"  was declared but never referenced
  		uint8_t *pu8IPAddress = (uint8_t *)pvMsg;
main.c(107): warning:  #111-D: statement is unreachable
  		return 0;
main.c(55): warning:  #177-D: variable "slen"  was declared but never referenced
  	  int ret = 0, slen = 0, rlen = 0;
main.c(55): warning:  #177-D: variable "rlen"  was declared but never referenced
  	  int ret = 0, slen = 0, rlen = 0;
main.c(56): warning:  #177-D: variable "timeNum"  was declared but never referenced
  		int timeNum = 0, num;
main.c(56): warning:  #177-D: variable "num"  was declared but never referenced
  		int timeNum = 0, num;
main.c(57): warning:  #177-D: variable "wData"  was declared but never referenced
  		unsigned char wData[10] = {0, 1, 2, 3, 4, 5, 6, 7, 8, 9};
main.c(126): warning:  #1-D: last line of file ends without a newline
  #endif
main.c: 26 warnings, 0 errors
linking...
Program Size: Code=22232 RO-data=2204 RW-data=212 ZI-data=9872  
".\Objects\obd_wifi.axf" - 0 Error(s), 123 Warning(s).

<h2>Software Packages used:</h2>

Package Vendor: ARM
                http://www.keil.com/pack/ARM.CMSIS.5.5.1.pack
                ARM.CMSIS.5.5.1
                CMSIS (Cortex Microcontroller Software Interface Standard)
   * Component: CORE Version: 5.2.0

Package Vendor: Keil
                http://www.keil.com/pack/Keil.S32_SDK_DFP.1.2.0.pack
                Keil.S32_SDK_DFP.1.2.0
                NXP S32 SDK including S32K144HFT0VLLT, S32K144LFT0MLLT basic CMSIS Device Support
   * Component: Startup Version: 2.0.0

<h2>Collection of Component include folders:</h2>
  .\RTE\Device\S32K142HAxxxLHx
  .\RTE\_Target_1
  C:\Users\Administrator\AppData\Local\Arm\Packs\ARM\CMSIS\5.5.1\CMSIS\Core\Include
  C:\Users\Administrator\AppData\Local\Arm\Packs\Keil\S32_SDK_DFP\1.2.0\platform\devices
  C:\Users\Administrator\AppData\Local\Arm\Packs\Keil\S32_SDK_DFP\1.2.0\platform\devices\common

<h2>Collection of Component Files used:</h2>

   * Component: ARM::CMSIS:CORE:5.2.0

   * Component: Keil::Device:Startup:2.0.0
      Include file:  platform\devices\device_registers.h
      Include file:  platform\devices\S32K142\startup\system_S32K142.h
      Source file:   platform\devices\S32K142\startup\system_S32K142.c
      Source file:   platform\devices\startup.c
      Source file:   platform\devices\S32K142\startup\arm\startup_S32K142.s
Build Time Elapsed:  00:00:01
</pre>
</body>
</html>
