<html>
<body>
<pre>
<h1>µVision Build Log</h1>
<h2>Tool Versions:</h2>
IDE-Version: ¦ÌVision V5.28.0.0
Copyright (C) 2019 ARM Ltd and ARM Germany GmbH. All rights reserved.
License Information: W HJ, XINSHEN, LIC=HN0WF-6HDHZ-CJA6Z-JD31E-H6EJK-MXQB8
 
Tool Versions:
Toolchain:       MDK-ARM Plus  Version: 5.28.0.0
Toolchain Path:  C:\Keil_v5\ARM\ARMCC\Bin
C Compiler:      Armcc.exe V5.06 update 6 (build 750)
Assembler:       Armasm.exe V5.06 update 6 (build 750)
Linker/Locator:  ArmLink.exe V5.06 update 6 (build 750)
Library Manager: ArmAr.exe V5.06 update 6 (build 750)
Hex Converter:   FromElf.exe V5.06 update 6 (build 750)
CPU DLL:         SARMCM3.DLL V5.28.0.0
Dialog DLL:      DCM.DLL V1.17.3.0
Target DLL:      Segger\JL2CM3.dll V2.99.36.0
Dialog DLL:      TCM.DLL V1.36.2.0
 
<h2>Project:</h2>
C:\Users\Administrator\Desktop\obd_wifi_ap (1)\obd_wifi.uvprojx
Project File Date:  03/19/2020

<h2>Output:</h2>
*** Using Compiler 'V5.06 update 6 (build 750)', folder: 'C:\Keil_v5\ARM\ARMCC\Bin'
Build target 'Target 1'
compiling main.c...
.\nxpLib\gpio.h(11): warning:  #1295-D: Deprecated declaration GpioInit - give arg types
  void GpioInit();
.\nxpLib\timer.h(10): warning:  #1295-D: Deprecated declaration LPTMR_Reset - give arg types
  void LPTMR_Reset();
.\nxpLib\timer.h(16): warning:  #1295-D: Deprecated declaration LPTMR_COUNT - give arg types
  int LPTMR_COUNT();
.\nxpLib\timer.h(19): warning:  #1295-D: Deprecated declaration LPIT0_COUNT - give arg types
  int LPIT0_COUNT();
.\wifi\bsp/include/nm_bsp_internal.h(112): warning:  #1-D: last line of file ends without a newline
  #endif //_NM_BSP_INTERNAL_H_
.\wifi\driver/include/m2m_types.h(671): warning:  #1565-D: white space between backslash and newline in line splice ignored
  @struct	\	
.\wifi\driver/include/m2m_types.h(703): warning:  #1565-D: white space between backslash and newline in line splice ignored
  @struct	\	
.\wifi\driver/include/m2m_types.h(720): warning:  #1565-D: white space between backslash and newline in line splice ignored
  @struct	\	
.\wifi\driver/include/m2m_types.h(737): warning:  #1565-D: white space between backslash and newline in line splice ignored
  @struct	\	
.\wifi\driver/include/m2m_types.h(754): warning:  #1565-D: white space between backslash and newline in line splice ignored
  @struct	\	
.\wifi\driver/include/m2m_types.h(772): warning:  #1565-D: white space between backslash and newline in line splice ignored
  @struct	\	
.\wifi\socket\include\socket.h(934): warning:  #1565-D: white space between backslash and newline in line splice ignored
  @fn	\			
.\wifi\socket\include\socket.h(1363): warning:  #1565-D: white space between backslash and newline in line splice ignored
  @fn	\	
.\wifi\socket\include\socket.h(1588): warning:  #1565-D: white space between backslash and newline in line splice ignored
  @fn	\	
.\wifi\socket\include\socket.h(1694): warning:  #1565-D: white space between backslash and newline in line splice ignored
  @fn	\		
.\wifi\socket\include\socket.h(1904): warning:  #1029-D: __packed ignored for non-pointer parameter
  NMI_API sint8 sslEnableCertExpirationCheck(tenuSslCertExpSettings enuValidationSetting);
.\wifi\socket\include\socket.h(1963): warning:  #1565-D: white space between backslash and newline in line splice ignored
  @fn	\		
wifi/driver/include/m2m_wifi.h(3031): warning:  #1029-D: __packed ignored for non-pointer parameter
  NMI_API sint8 m2m_wifi_configure_sntp(uint8 *pu8NTPServerName, uint8 u8NTPServerNameLength, tenuSNTPUseDHCP useDHCP);
main.c(47): warning:  #68-D: integer conversion resulted in a change of sign
  char tx_socket = -1;
main.c(48): warning:  #68-D: integer conversion resulted in a change of sign
  char rx_socket = -1;
main.c(52): warning:  #68-D: integer conversion resulted in a change of sign
  static char tcp_server_socket = -1;
main.c(53): warning:  #68-D: integer conversion resulted in a change of sign
  static char tcp_client_socket = -1;
main.c(68): warning:  #68-D: integer conversion resulted in a change of sign
  			tcp_server_socket = -1;
main.c(83): warning:  #68-D: integer conversion resulted in a change of sign
  			tcp_server_socket = -1;
main.c(101): warning:  #68-D: integer conversion resulted in a change of sign
  			tcp_server_socket = -1;
main.c(131): warning:  #68-D: integer conversion resulted in a change of sign
  			tcp_server_socket = -1;
main.c(257): warning:  #186-D: pointless comparison of unsigned integer with zero
  				if ((tcp_server_socket = socket(AF_INET, SOCK_STREAM, 0)) < 0) {
main.c(268): warning:  #111-D: statement is unreachable
  		return 0;
main.c(200): warning:  #177-D: variable "slen"  was declared but never referenced
  	  int ret = 0, slen = 0, rlen = 0;
main.c(200): warning:  #177-D: variable "rlen"  was declared but never referenced
  	  int ret = 0, slen = 0, rlen = 0;
main.c(201): warning:  #177-D: variable "timeNum"  was declared but never referenced
  		int timeNum = 0, num;
main.c(201): warning:  #177-D: variable "num"  was declared but never referenced
  		int timeNum = 0, num;
main.c(202): warning:  #177-D: variable "wData"  was declared but never referenced
  		unsigned char wData[10] = {0, 1, 2, 3, 4, 5, 6, 7, 8, 9};
main.c(287): warning:  #1-D: last line of file ends without a newline
  #endif
main.c(41): warning:  #177-D: variable "msg_wifi_product_main"  was declared but never referenced
  static t_msg_wifi_product_main msg_wifi_product_main = {
main.c(44): warning:  #177-D: variable "packetCnt"  was declared but never referenced
  static uint8_t packetCnt = 0;
main.c: 36 warnings, 0 errors
linking...
Program Size: Code=25492 RO-data=2220 RW-data=268 ZI-data=11508  
".\Objects\obd_wifi.axf" - 0 Error(s), 36 Warning(s).

<h2>Software Packages used:</h2>

Package Vendor: ARM
                http://www.keil.com/pack/ARM.CMSIS.5.5.1.pack
                ARM.CMSIS.5.5.1
                CMSIS (Cortex Microcontroller Software Interface Standard)
   * Component: CORE Version: 5.2.0

Package Vendor: Keil
                http://www.keil.com/pack/Keil.S32_SDK_DFP.1.2.0.pack
                Keil.S32_SDK_DFP.1.2.0
                NXP S32 SDK including S32K144HFT0VLLT, S32K144LFT0MLLT basic CMSIS Device Support
   * Component: Startup Version: 2.0.0

<h2>Collection of Component include folders:</h2>
  .\RTE\Device\S32K142HAxxxLHx
  .\RTE\_Target_1
  C:\Users\Administrator\AppData\Local\Arm\Packs\ARM\CMSIS\5.5.1\CMSIS\Core\Include
  C:\Users\Administrator\AppData\Local\Arm\Packs\Keil\S32_SDK_DFP\1.2.0\platform\devices
  C:\Users\Administrator\AppData\Local\Arm\Packs\Keil\S32_SDK_DFP\1.2.0\platform\devices\common

<h2>Collection of Component Files used:</h2>

   * Component: ARM::CMSIS:CORE:5.2.0

   * Component: Keil::Device:Startup:2.0.0
      Include file:  platform\devices\device_registers.h
      Source file:   platform\devices\S32K142\startup\arm\startup_S32K142.s
      Source file:   platform\devices\S32K142\startup\system_S32K142.c
      Include file:  platform\devices\S32K142\startup\system_S32K142.h
      Source file:   platform\devices\startup.c
Build Time Elapsed:  00:00:01
</pre>
</body>
</html>
