Component: ARM Compiler 5.06 update 6 (build 750) Tool: armlink [4d35ed]

==============================================================================

Section Cross References

    main.o(i.main) refers to clocks_and_modes.o(i.SOSC_init_8MHz) for SOSC_init_8MHz
    main.o(i.main) refers to clocks_and_modes.o(i.SPLL_init_160MHz) for SPLL_init_160MHz
    main.o(i.main) refers to clocks_and_modes.o(i.NormalRUNmode_80MHz) for NormalRUNmode_80MHz
    main.o(i.main) refers to spi.o(i.SpiInitMaster) for SpiInitMaster
    main.o(i.main) refers to nm_bsp.o(i.nm_bsp_init) for nm_bsp_init
    main.o(i.main) refers to rt_memclr_w.o(.text) for __aeabi_memclr4
    main.o(i.main) refers to uart.o(i.uartInit) for uartInit
    main.o(i.main) refers to m2m_wifi.o(i.m2m_wifi_init) for m2m_wifi_init
    main.o(i.main) refers to strcpy.o(.text) for strcpy
    main.o(i.main) refers to m2m_wifi.o(i.m2m_wifi_enable_ap) for m2m_wifi_enable_ap
    main.o(i.main) refers to printf.o(i.nxpPrintf) for nxpPrintf
    main.o(i.main) refers to m2m_wifi.o(i.m2m_wifi_handle_events) for m2m_wifi_handle_events
    main.o(i.main) refers to main.o(i.wifi_cb) for wifi_cb
    canbus.o(i.CAN0_ORed_0_15_MB_IRQHandler) refers to canbus.o(i.Canbus0Recv) for Canbus0Recv
    canbus.o(i.CAN0_ORed_16_31_MB_IRQHandler) refers to canbus.o(i.Canbus0Recv) for Canbus0Recv
    canbus.o(i.Canbus0Init) refers to canbus.o(i.canbusParaInit) for canbusParaInit
    canbus.o(i.Canbus0Init) refers to canbus.o(.data) for canbusBaudrate
    canbus.o(i.Canbus0Init) refers to canbus.o(.bss) for str_baudParameter
    canbus.o(i.Canbus0Recv) refers to nxpqueue.o(i.enQueueCan) for enQueueCan
    canbus.o(i.Canbus0Recv) refers to canbus.o(.data) for RxCODE
    canbus.o(i.Canbus0Recv) refers to canbus.o(.bss) for str_elemType0
    canbus.o(i.canbus0ReadIrq) refers to nxpqueue.o(i.deQueueCan) for deQueueCan
    canbus.o(i.canbus0ReadIrq) refers to nxpqueue.o(i.getQueueLenCan) for getQueueLenCan
    canbus.o(i.canbus0ReadIrq) refers to canbus.o(.bss) for str_canbusQueue0
    canbus.o(i.canbusParaInit) refers to nxpqueue.o(i.initQueueCan) for initQueueCan
    canbus.o(i.canbusParaInit) refers to canbus.o(.bss) for str_baudParameter
    canbus.o(i.canbusParaInit) refers to canbus.o(.data) for queueMaxSize
    flash_driver.o(i.FLASH_DRV_DEFlashPartition) refers to flash_driver.o(i.FLASH_DRV_CommandSequence) for FLASH_DRV_CommandSequence
    flash_driver.o(i.FLASH_DRV_EEEWrite) refers to flash_driver.o(i.FLASH_DRV_WaitEEWriteToFinish) for FLASH_DRV_WaitEEWriteToFinish
    flash_driver.o(i.FLASH_DRV_EraseAllBlock) refers to flash_driver.o(i.FLASH_DRV_CommandSequence) for FLASH_DRV_CommandSequence
    flash_driver.o(i.FLASH_DRV_EraseAllBlockUnsecure) refers to flash_driver.o(i.FLASH_DRV_CommandSequence) for FLASH_DRV_CommandSequence
    flash_driver.o(i.FLASH_DRV_EraseBlock) refers to flash_driver.o(i.FLASH_DRV_CommandSequence) for FLASH_DRV_CommandSequence
    flash_driver.o(i.FLASH_DRV_EraseSector) refers to flash_driver.o(i.FLASH_DRV_CommandSequence) for FLASH_DRV_CommandSequence
    flash_driver.o(i.FLASH_DRV_Init) refers to flash_driver.o(i.FLASH_DRV_GetDEPartitionCode) for FLASH_DRV_GetDEPartitionCode
    flash_driver.o(i.FLASH_DRV_Program) refers to flash_driver.o(i.FLASH_DRV_CommandSequence) for FLASH_DRV_CommandSequence
    flash_driver.o(i.FLASH_DRV_ProgramCheck) refers to flash_driver.o(i.FLASH_DRV_CommandSequence) for FLASH_DRV_CommandSequence
    flash_driver.o(i.FLASH_DRV_ProgramOnce) refers to flash_driver.o(i.FLASH_DRV_CommandSequence) for FLASH_DRV_CommandSequence
    flash_driver.o(i.FLASH_DRV_ProgramSection) refers to flash_driver.o(i.FLASH_DRV_CommandSequence) for FLASH_DRV_CommandSequence
    flash_driver.o(i.FLASH_DRV_ReadOnce) refers to flash_driver.o(i.FLASH_DRV_CommandSequence) for FLASH_DRV_CommandSequence
    flash_driver.o(i.FLASH_DRV_SecurityBypass) refers to flash_driver.o(i.FLASH_DRV_CommandSequence) for FLASH_DRV_CommandSequence
    flash_driver.o(i.FLASH_DRV_SetFlexRamFunction) refers to flash_driver.o(i.FLASH_DRV_CommandSequence) for FLASH_DRV_CommandSequence
    flash_driver.o(i.FLASH_DRV_VerifyAllBlock) refers to flash_driver.o(i.FLASH_DRV_CommandSequence) for FLASH_DRV_CommandSequence
    flash_driver.o(i.FLASH_DRV_VerifyBlock) refers to flash_driver.o(i.FLASH_DRV_CommandSequence) for FLASH_DRV_CommandSequence
    flash_driver.o(i.FLASH_DRV_VerifySection) refers to flash_driver.o(i.FLASH_DRV_CommandSequence) for FLASH_DRV_CommandSequence
    nxpqueue.o(i.deQueue) refers to nxpqueue.o(i.isEmpityQueue) for isEmpityQueue
    nxpqueue.o(i.deQueueCan) refers to nxpqueue.o(i.isEmpityQueueCan) for isEmpityQueueCan
    nxpqueue.o(i.destroyQueue) refers to h1_free.o(.text) for free
    nxpqueue.o(i.destroyQueueCan) refers to h1_free.o(.text) for free
    nxpqueue.o(i.enQueue) refers to nxpqueue.o(i.isFullQueue) for isFullQueue
    nxpqueue.o(i.enQueue) refers to nxpqueue.o(i.deQueue) for deQueue
[...]
    i.nm_bsp_interrupt_ctrl                  0x00003068   Section        0  nm_bsp.o(i.nm_bsp_interrupt_ctrl)
    i.nm_bsp_register_isr                    0x00003080   Section        0  nm_bsp.o(i.nm_bsp_register_isr)
    i.nm_bsp_reset                           0x00003094   Section        0  nm_bsp.o(i.nm_bsp_reset)
    i.nm_bsp_sleep                           0x000030d2   Section        0  nm_bsp.o(i.nm_bsp_sleep)
    i.nm_bus_deinit                          0x000030e6   Section        0  nm_bus_wrapper.o(i.nm_bus_deinit)
    i.nm_bus_iface_deinit                    0x000030ea   Section        0  nmbus.o(i.nm_bus_iface_deinit)
    i.nm_bus_iface_init                      0x000030f8   Section        0  nmbus.o(i.nm_bus_iface_init)
    i.nm_bus_init                            0x0000310a   Section        0  nm_bus_wrapper.o(i.nm_bus_init)
    i.nm_bus_ioctl                           0x00003110   Section        0  nm_bus_wrapper.o(i.nm_bus_ioctl)
    i.nm_bus_reset                           0x00003188   Section        0  nmbus.o(i.nm_bus_reset)
    i.nm_drv_deinit                          0x00003194   Section        0  nmdrv.o(i.nm_drv_deinit)
    i.nm_drv_init_hold                       0x0000328c   Section        0  nmdrv.o(i.nm_drv_init_hold)
    i.nm_drv_init_start                      0x00003338   Section        0  nmdrv.o(i.nm_drv_init_start)
    i.nm_get_firmware_full_info              0x000033e4   Section        0  nmdrv.o(i.nm_get_firmware_full_info)
    i.nm_read_block                          0x000034b8   Section        0  nmbus.o(i.nm_read_block)
    i.nm_read_reg                            0x00003510   Section        0  nmbus.o(i.nm_read_reg)
    i.nm_read_reg_with_ret                   0x0000351c   Section        0  nmbus.o(i.nm_read_reg_with_ret)
    i.nm_spi_deinit                          0x0000352c   Section        0  nmspi.o(i.nm_spi_deinit)
    i.nm_spi_init                            0x00003538   Section        0  nmspi.o(i.nm_spi_init)
    i.nm_spi_read                            0x000036d8   Section        0  nmspi.o(i.nm_spi_read)
    nm_spi_read                              0x000036d9   Thumb Code   300  nmspi.o(i.nm_spi_read)
    i.nm_spi_read_block                      0x000038cc   Section        0  nmspi.o(i.nm_spi_read_block)
    i.nm_spi_read_reg                        0x000038f4   Section        0  nmspi.o(i.nm_spi_read_reg)
    i.nm_spi_read_reg_with_ret               0x00003904   Section        0  nmspi.o(i.nm_spi_read_reg_with_ret)
    i.nm_spi_reset                           0x00003924   Section        0  nmspi.o(i.nm_spi_reset)
    i.nm_spi_write                           0x00003940   Section        0  nmspi.o(i.nm_spi_write)
    nm_spi_write                             0x00003941   Thumb Code   314  nmspi.o(i.nm_spi_write)
    i.nm_spi_write_block                     0x00003b48   Section        0  nmspi.o(i.nm_spi_write_block)
    i.nm_spi_write_reg                       0x00003b70   Section        0  nmspi.o(i.nm_spi_write_reg)
    i.nm_write_block                         0x00003b90   Section        0  nmbus.o(i.nm_write_block)
    i.nm_write_reg                           0x00003be8   Section        0  nmbus.o(i.nm_write_reg)
    i.nmi_get_chipid                         0x00003bf8   Section        0  nmasic.o(i.nmi_get_chipid)
    i.nmi_spi_read                           0x00003cb4   Section        0  nmspi.o(i.nmi_spi_read)
    nmi_spi_read                             0x00003cb5   Thumb Code    26  nmspi.o(i.nmi_spi_read)
    i.nmi_spi_write                          0x00003cce   Section        0  nmspi.o(i.nmi_spi_write)
    nmi_spi_write                            0x00003ccf   Thumb Code    26  nmspi.o(i.nmi_spi_write)
    i.nxpPrintf                              0x00003ce8   Section        0  printf.o(i.nxpPrintf)
    i.out_char                               0x00003d18   Section        0  printf.o(i.out_char)
    i.p_nm_read_block                        0x00003d30   Section        0  nmbus.o(i.p_nm_read_block)
    p_nm_read_block                          0x00003d31   Thumb Code    20  nmbus.o(i.p_nm_read_block)
    i.p_nm_write_block                       0x00003d44   Section        0  nmbus.o(i.p_nm_write_block)
    p_nm_write_block                         0x00003d45   Thumb Code    20  nmbus.o(i.p_nm_write_block)
    i.printk                                 0x00003d58   Section        0  printf.o(i.printk)
    i.printk_mknumstr                        0x000041dc   Section        0  printf.o(i.printk_mknumstr)
    printk_mknumstr                          0x000041dd   Thumb Code   140  printf.o(i.printk_mknumstr)
    i.printk_pad_space                       0x00004268   Section        0  printf.o(i.printk_pad_space)
    printk_pad_space                         0x00004269   Thumb Code    38  printf.o(i.printk_pad_space)
    i.printk_pad_zero                        0x0000428e   Section        0  printf.o(i.printk_pad_zero)
    printk_pad_zero                          0x0000428f   Thumb Code    38  printf.o(i.printk_pad_zero)
    i.printk_putc                            0x000042b4   Section        0  printf.o(i.printk_putc)
    printk_putc                              0x000042b5   Thumb Code    52  printf.o(i.printk_putc)
    i.spi_cmd                                0x000042e8   Section        0  nmspi.o(i.spi_cmd)
    spi_cmd                                  0x000042e9   Thumb Code   450  nmspi.o(i.spi_cmd)
    i.spi_cmd_rsp                            0x000044f8   Section        0  nmspi.o(i.spi_cmd_rsp)
    spi_cmd_rsp                              0x000044f9   Thumb Code   164  nmspi.o(i.spi_cmd_rsp)
    i.spi_data_read                          0x000045ec   Section        0  nmspi.o(i.spi_data_read)
    spi_data_read                            0x000045ed   Thumb Code   290  nmspi.o(i.spi_data_read)
    i.spi_data_rsp                           0x00004800   Section        0  nmspi.o(i.spi_data_rsp)
    spi_data_rsp                             0x00004801   Thumb Code   128  nmspi.o(i.spi_data_rsp)
    i.spi_data_write                         0x000048f0   Section        0  nmspi.o(i.spi_data_write)
    spi_data_write                           0x000048f1   Thumb Code   258  nmspi.o(i.spi_data_write)
    i.spi_init_pkt_sz                        0x00004abc   Section        0  nmspi.o(i.spi_init_pkt_sz)
    spi_init_pkt_sz                          0x00004abd   Thumb Code   110  nmspi.o(i.spi_init_pkt_sz)
    i.spi_read_reg                           0x00004b2c   Section        0  nmspi.o(i.spi_read_reg)
    spi_read_reg                             0x00004b2d   Thumb Code   304  nmspi.o(i.spi_read_reg)
    i.spi_rw                                 0x00004d10   Section        0  nm_bus_wrapper.o(i.spi_rw)
    spi_rw                                   0x00004d11   Thumb Code   228  nm_bus_wrapper.o(i.spi_rw)
    i.spi_write_reg                          0x00004e38   Section        0  nmspi.o(i.spi_write_reg)
    spi_write_reg                            0x00004e39   Thumb Code   230  nmspi.o(i.spi_write_reg)
    i.uartInit                               0x00004fbc   Section        0  uart.o(i.uartInit)
    i.wait_for_bootrom                       0x000051d4   Section        0  nmasic.o(i.wait_for_bootrom)
    i.wait_for_firmware_start                0x00005314   Section        0  nmasic.o(i.wait_for_firmware_start)
    i.wifi_cb                                0x0000538c   Section        0  main.o(i.wifi_cb)
    wifi_cb                                  0x0000538d   Thumb Code    32  main.o(i.wifi_cb)
    x$fpl$dadd                               0x000053ac   Section      336  daddsub_clz.o(x$fpl$dadd)
    $v0                                      0x000053ac   Number         0  daddsub_clz.o(x$fpl$dadd)
    _dadd1                                   0x000053bd   Thumb Code     0  daddsub_clz.o(x$fpl$dadd)
    x$fpl$ddiv                               0x000054fc   Section      688  ddiv.o(x$fpl$ddiv)
    $v0                                      0x000054fc   Number         0  ddiv.o(x$fpl$ddiv)
    ddiv_entry                               0x00005503   Thumb Code     0  ddiv.o(x$fpl$ddiv)
    x$fpl$dfix                               0x000057ac   Section       94  dfix.o(x$fpl$dfix)
    $v0                                      0x000057ac   Number         0  dfix.o(x$fpl$dfix)
    x$fpl$dflt                               0x0000580a   Section       46  dflt_clz.o(x$fpl$dflt)
    $v0                                      0x0000580a   Number         0  dflt_clz.o(x$fpl$dflt)
    x$fpl$dfltu                              0x00005838   Section       38  dflt_clz.o(x$fpl$dfltu)
    $v0                                      0x00005838   Number         0  dflt_clz.o(x$fpl$dfltu)
    x$fpl$dnaninf                            0x0000585e   Section      156  dnaninf.o(x$fpl$dnaninf)
    $v0                                      0x0000585e   Number         0  dnaninf.o(x$fpl$dnaninf)
    x$fpl$dretinf                            0x000058fa   Section       12  dretinf.o(x$fpl$dretinf)
    $v0                                      0x000058fa   Number         0  dretinf.o(x$fpl$dretinf)
    x$fpl$dsub                               0x00005908   Section      468  daddsub_clz.o(x$fpl$dsub)
    $v0                                      0x00005908   Number         0  daddsub_clz.o(x$fpl$dsub)
    _dsub1                                   0x00005919   Thumb Code     0  daddsub_clz.o(x$fpl$dsub)
    x$fpl$fpinit                             0x00005adc   Section       10  fpinit.o(x$fpl$fpinit)
    $v0                                      0x00005adc   Number         0  fpinit.o(x$fpl$fpinit)
    x$fpl$usenofp                            0x00005ae6   Section        0  usenofp.o(x$fpl$usenofp)
    .constdata                               0x00005ae8   Section       36  uart.o(.constdata)
    .constdata                               0x00005b0c   Section       13  nm_bus_wrapper.o(.constdata)
    __FUNCTION__                             0x00005b0c   Data          13  nm_bus_wrapper.o(.constdata)
    .constdata                               0x00005b19   Section       60  m2m_hif.o(.constdata)
    __FUNCTION__                             0x00005b19   Data           9  m2m_hif.o(.constdata)
    __FUNCTION__                             0x00005b22   Data           8  m2m_hif.o(.constdata)
    __FUNCTION__                             0x00005b2a   Data          15  m2m_hif.o(.constdata)
    __FUNCTION__                             0x00005b39   Data          12  m2m_hif.o(.constdata)
    __FUNCTION__                             0x00005b45   Data          16  m2m_hif.o(.constdata)
    .constdata                               0x00005b55   Section      213  m2m_wifi.o(.constdata)
    __FUNCTION__                             0x00005b55   Data          12  m2m_wifi.o(.constdata)
    __FUNCTION__                             0x00005b61   Data          27  m2m_wifi.o(.constdata)
    __FUNCTION__                             0x00005b7c   Data          26  m2m_wifi.o(.constdata)
    __FUNCTION__                             0x00005b96   Data          20  m2m_wifi.o(.constdata)
    __FUNCTION__                             0x00005baa   Data          25  m2m_wifi.o(.constdata)
    __FUNCTION__                             0x00005bc3   Data          25  m2m_wifi.o(.constdata)
    __FUNCTION__                             0x00005bdc   Data          13  m2m_wifi.o(.constdata)
    __FUNCTION__                             0x00005be9   Data          34  m2m_wifi.o(.constdata)
    __FUNCTION__                             0x00005c0b   Data          31  m2m_wifi.o(.constdata)
    .constdata                               0x00005c2a   Section       34  nmasic.o(.constdata)
    __FUNCTION__                             0x00005c2a   Data          10  nmasic.o(.constdata)
    __FUNCTION__                             0x00005c34   Data          12  nmasic.o(.constdata)
    __FUNCTION__                             0x00005c40   Data          12  nmasic.o(.constdata)
    .constdata                               0x00005c4c   Section       75  nmdrv.o(.constdata)
    __FUNCTION__                             0x00005c4c   Data          26  nmdrv.o(.constdata)
    __FUNCTION__                             0x00005c66   Data          17  nmdrv.o(.constdata)
    __FUNCTION__                             0x00005c77   Data          18  nmdrv.o(.constdata)
    __FUNCTION__                             0x00005c89   Data          14  nmdrv.o(.constdata)
    .constdata                               0x00005c97   Section      382  nmspi.o(.constdata)
    crc7_syndrome_table                      0x00005c97   Data         256  nmspi.o(.constdata)
    __FUNCTION__                             0x00005d97   Data           8  nmspi.o(.constdata)
    __FUNCTION__                             0x00005d9f   Data          13  nmspi.o(.constdata)
    __FUNCTION__                             0x00005dac   Data          12  nmspi.o(.constdata)
    __FUNCTION__                             0x00005db8   Data          14  nmspi.o(.constdata)
    __FUNCTION__                             0x00005dc6   Data          15  nmspi.o(.constdata)
    __FUNCTION__                             0x00005dd5   Data          14  nmspi.o(.constdata)
    __FUNCTION__                             0x00005de3   Data          13  nmspi.o(.constdata)
    __FUNCTION__                             0x00005df0   Data          13  nmspi.o(.constdata)
    __FUNCTION__                             0x00005dfd   Data          12  nmspi.o(.constdata)
    __FUNCTION__                             0x00005e09   Data          12  nmspi.o(.constdata)
    .constdata                               0x00005e18   Section        4  startup.o(.constdata)
    .conststring                             0x00005e1c   Section      215  m2m_hif.o(.conststring)
    .conststring                             0x00005ef4   Section       80  nmspi.o(.conststring)
    .data                                    0x1fffc000   Section       48  canbus.o(.data)
    canbusBaudrate                           0x1fffc018   Data          20  canbus.o(.data)
    queueMaxSize                             0x1fffc02c   Data           4  canbus.o(.data)
    .data                                    0x1fffc030   Section       29  spi.o(.data)
    queueMaxSize                             0x1fffc030   Data           4  spi.o(.data)
    spi_sendStatus                           0x1fffc034   Data           4  spi.o(.data)
    spi_readStatus                           0x1fffc038   Data           4  spi.o(.data)
    spi_sendNum                              0x1fffc03c   Data           4  spi.o(.data)
    spi_needSendNum                          0x1fffc040   Data           4  spi.o(.data)
    spi_readNum                              0x1fffc044   Data           4  spi.o(.data)
    spi_needReadNum                          0x1fffc048   Data           4  spi.o(.data)
    _transBits                               0x1fffc04c   Data           1  spi.o(.data)
    .data                                    0x1fffc050   Section       36  timer.o(.data)
    timerNum                                 0x1fffc050   Data           4  timer.o(.data)
    timerMax                                 0x1fffc054   Data           4  timer.o(.data)
    heartbeat                                0x1fffc058   Data           4  timer.o(.data)
    timeInitFlag                             0x1fffc05c   Data           4  timer.o(.data)
    timerLpitNum                             0x1fffc064   Data           4  timer.o(.data)
    timerLpitMax                             0x1fffc068   Data           4  timer.o(.data)
    heartbeatLpit                            0x1fffc06c   Data           4  timer.o(.data)
    timeLpitInitFlag                         0x1fffc070   Data           4  timer.o(.data)
    .data                                    0x1fffc074   Section       44  uart.o(.data)
    uartIrq                                  0x1fffc074   Data           1  uart.o(.data)
    uart0_readStatus                         0x1fffc075   Data           1  uart.o(.data)
    uart0_sendStatus                         0x1fffc076   Data           1  uart.o(.data)
    uart0_readNum                            0x1fffc078   Data           4  uart.o(.data)
    uart0_needReadNum                        0x1fffc07c   Data           4  uart.o(.data)
    uart0_sendNum                            0x1fffc080   Data           4  uart.o(.data)
    uart0_needSendNum                        0x1fffc084   Data           4  uart.o(.data)
    uart1_readStatus                         0x1fffc088   Data           1  uart.o(.data)
    uart1_sendStatus                         0x1fffc089   Data           1  uart.o(.data)
    uart1_readNum                            0x1fffc08c   Data           4  uart.o(.data)
    uart1_needReadNum                        0x1fffc090   Data           4  uart.o(.data)
    uart1_sendNum                            0x1fffc094   Data           4  uart.o(.data)
    uart1_needSendNum                        0x1fffc098   Data           4  uart.o(.data)
    queueMaxSize                             0x1fffc09c   Data           4  uart.o(.data)
    .data                                    0x1fffc0a0   Section        4  nm_bsp.o(.data)
    gpfIsr                                   0x1fffc0a0   Data           4  nm_bsp.o(.data)
    .data                                    0x1fffc0a4   Section       12  nm_bus_wrapper.o(.data)
    gpfIsr                                   0x1fffc0a4   Data           4  nm_bus_wrapper.o(.data)
    .data                                    0x1fffc0b0   Section        4  m2m_hif.o(.data)
    .data                                    0x1fffc0b4   Section        8  m2m_wifi.o(.data)
    gu8WifiState                             0x1fffc0b4   Data           1  m2m_wifi.o(.data)
    gu8ChNum                                 0x1fffc0b5   Data           1  m2m_wifi.o(.data)
    gu8scanInProgress                        0x1fffc0b6   Data           1  m2m_wifi.o(.data)
    gpfAppWifiCb                             0x1fffc0b8   Data           4  m2m_wifi.o(.data)
    .data                                    0x1fffc0bc   Section        4  nmasic.o(.data)
    chipid                                   0x1fffc0bc   Data           4  nmasic.o(.data)
    .data                                    0x1fffc0c0   Section       17  nmspi.o(.data)
    gu8Crc_off                               0x1fffc0c0   Data           1  nmspi.o(.data)
    .bss                                     0x1fffc0d4   Section       60  canbus.o(.bss)
    str_elemType0                            0x1fffc0f4   Data          12  canbus.o(.bss)
    str_canbusQueue0                         0x1fffc100   Data          16  canbus.o(.bss)
    .bss                                     0x1fffc110   Section     2080  spi.o(.bss)
    str_recvQueue                            0x1fffc110   Data          16  spi.o(.bss)
    str_sendQueue                            0x1fffc120   Data          16  spi.o(.bss)
    .bss                                     0x1fffc930   Section      160  timer.o(.bss)
    timer                                    0x1fffc930   Data          40  timer.o(.bss)
    timerFlag                                0x1fffc958   Data          40  timer.o(.bss)
    timerLpit                                0x1fffc980   Data          40  timer.o(.bss)
    timerLpitFlag                            0x1fffc9a8   Data          40  timer.o(.bss)
    .bss                                     0x1fffc9d0   Section     4160  uart.o(.bss)
    str_recvQueue0                           0x1fffd9d0   Data          16  uart.o(.bss)
    str_recvQueue1                           0x1fffd9e0   Data          16  uart.o(.bss)
    str_sendQueue0                           0x1fffd9f0   Data          16  uart.o(.bss)
    str_sendQueue1                           0x1fffda00   Data          16  uart.o(.bss)
    .bss                                     0x1fffda10   Section       44  m2m_hif.o(.bss)
    .bss                                     0x1fffda3c   Section       96  libspace.o(.bss)
    .bss                                     0x20000000   Section     1224  nm_bus_wrapper.o(.bss)

    Global Symbols

    Symbol Name                              Value     Ov Type        Size  Object(Section)

    BuildAttributes$$THM_ISAv4$E$P$D$K$B$S$7EM$VFPi3$EXTD16$VFPS$VFMA$PE$A:L22UL41UL21$X:L11$S22US41US21$IEEE1$IW$USESV6$~STKCKD$USESV7$~SHL$OTIME$ROPI$IEEEJ$EBA8$UX$STANDARDLIB$REQ8$PRES8$EABIv2 0x00000000   Number         0  anon$$obj.o ABSOLUTE
    Image$$VECTOR_RAM$$Base                  0x00000000   Number         0  anon$$obj.o ABSOLUTE
    Image$$VECTOR_ROM$$Base                  0x00000000   Number         0  anon$$obj.o ABSOLUTE
    __ARM_use_no_argv                        0x00000000   Number         0  main.o ABSOLUTE
    __Vectors                                0x00000000   Data           4  startup_s32k142.o(RESET)
    _printf_flags                            0x00000000   Number         0  printf_stubs.o ABSOLUTE
    _printf_return_value                     0x00000000   Number         0  printf_stubs.o ABSOLUTE
    _printf_sizespec                         0x00000000   Number         0  printf_stubs.o ABSOLUTE
    _printf_widthprec                        0x00000000   Number         0  printf_stubs.o ABSOLUTE
    Image$$ZI$$Limit                          - Undefined Weak Reference
    __ARM_exceptions_init                     - Undefined Weak Reference
    __alloca_initialize                       - Undefined Weak Reference
    __arm_preinit_                            - Undefined Weak Reference
    __cpp_initialize__aeabi_                  - Undefined Weak Reference
    __cxa_finalize                            - Undefined Weak Reference
    __sigvec_lookup                           - Undefined Weak Reference
    __user_heap_extent                        - Undefined Weak Reference
    _atexit_init                              - Undefined Weak Reference
    _call_atexit_fns                          - Undefined Weak Reference
    _clock_init                               - Undefined Weak Reference
    _fp_trap_init                             - Undefined Weak Reference
    _fp_trap_shutdown                         - Undefined Weak Reference
    _get_lc_collate                           - Undefined Weak Reference
    _get_lc_monetary                          - Undefined Weak Reference
    _get_lc_time                              - Undefined Weak Reference
    _getenv_init                              - Undefined Weak Reference
    _handle_redirection                       - Undefined Weak Reference
    _mutex_acquire                            - Undefined Weak Reference
    _mutex_free                               - Undefined Weak Reference
    _mutex_release                            - Undefined Weak Reference
    _printf_mbtowc                            - Undefined Weak Reference
    _printf_wc                                - Undefined Weak Reference
    _rand_init                                - Undefined Weak Reference
    _signal_finish                            - Undefined Weak Reference
    _signal_init                              - Undefined Weak Reference
    __Vectors_End                            0x00000400   Data           0  startup_s32k142.o(RESET)
    __Vectors_Size                           0x00000400   Number         0  startup_s32k142.o ABSOLUTE
    __main                                   0x00000411   Thumb Code     8  __main.o(!!!main)
    __scatterload                            0x00000419   Thumb Code     0  __scatter.o(!!!scatter)
    __scatterload_rt2                        0x00000419   Thumb Code    44  __scatter.o(!!!scatter)
    __scatterload_rt2_thumb_only             0x00000419   Thumb Code     0  __scatter.o(!!!scatter)
    __scatterload_null                       0x00000427   Thumb Code     0  __scatter.o(!!!scatter)
    __scatterload_copy                       0x0000044d   Thumb Code    26  __scatter_copy.o(!!handler_copy)
    __scatterload_zeroinit                   0x00000469   Thumb Code    28  __scatter_zi.o(!!handler_zi)
    __rt_lib_init                            0x00000485   Thumb Code     0  libinit.o(.ARM.Collect$$libinit$$00000000)
    __rt_lib_init_fp_1                       0x00000487   Thumb Code     0  libinit2.o(.ARM.Collect$$libinit$$00000001)
    __rt_lib_init_heap_2                     0x0000048b   Thumb Code     0  libinit5.o(.ARM.Collect$$libinit$$00000008)
    __rt_lib_init_preinit_1                  0x0000048b   Thumb Code     0  libinit2.o(.ARM.Collect$$libinit$$00000004)
    __rt_lib_init_alloca_1                   0x00000493   Thumb Code     0  libinit2.o(.ARM.Collect$$libinit$$0000002E)
    __rt_lib_init_argv_1                     0x00000493   Thumb Code     0  libinit2.o(.ARM.Collect$$libinit$$0000002C)
    __rt_lib_init_atexit_1                   0x00000493   Thumb Code     0  libinit2.o(.ARM.Collect$$libinit$$0000001B)
    __rt_lib_init_clock_1                    0x00000493   Thumb Code     0  libinit2.o(.ARM.Collect$$libinit$$00000021)
    __rt_lib_init_cpp_1                      0x00000493   Thumb Code     0  libinit2.o(.ARM.Collect$$libinit$$00000032)
    __rt_lib_init_exceptions_1               0x00000493   Thumb Code     0  libinit2.o(.ARM.Collect$$libinit$$00000030)
    __rt_lib_init_fp_trap_1                  0x00000493   Thumb Code     0  libinit2.o(.ARM.Collect$$libinit$$0000001F)
    __rt_lib_init_getenv_1                   0x00000493   Thumb Code     0  libinit2.o(.ARM.Collect$$libinit$$00000023)
    __rt_lib_init_heap_1                     0x00000493   Thumb Code     0  libinit2.o(.ARM.Collect$$libinit$$0000000A)
    __rt_lib_init_lc_collate_1               0x00000493   Thumb Code     0  libinit2.o(.ARM.Collect$$libinit$$00000011)
    __rt_lib_init_lc_ctype_1                 0x00000493   Thumb Code     0  libinit2.o(.ARM.Collect$$libinit$$00000013)
    __rt_lib_init_lc_monetary_1              0x00000493   Thumb Code     0  libinit2.o(.ARM.Collect$$libinit$$00000015)
    __rt_lib_init_lc_numeric_1               0x00000493   Thumb Code     0  libinit2.o(.ARM.Collect$$libinit$$00000017)
    __rt_lib_init_lc_time_1                  0x00000493   Thumb Code     0  libinit2.o(.ARM.Collect$$libinit$$00000019)
    __rt_lib_init_rand_1                     0x00000493   Thumb Code     0  libinit2.o(.ARM.Collect$$libinit$$0000000E)
    __rt_lib_init_return                     0x00000493   Thumb Code     0  libinit2.o(.ARM.Collect$$libinit$$00000033)
    __rt_lib_init_signal_1                   0x00000493   Thumb Code     0  libinit2.o(.ARM.Collect$$libinit$$0000001D)
    __rt_lib_init_stdio_1                    0x00000493   Thumb Code     0  libinit2.o(.ARM.Collect$$libinit$$00000025)
    __rt_lib_init_user_alloc_1               0x00000493   Thumb Code     0  libinit2.o(.ARM.Collect$$libinit$$0000000C)
    __rt_lib_shutdown                        0x0000049d   Thumb Code     0  libshutdown.o(.ARM.Collect$$libshutdown$$00000000)
    __rt_lib_shutdown_cpp_1                  0x0000049f   Thumb Code     0  libshutdown2.o(.ARM.Collect$$libshutdown$$00000002)
    __rt_lib_shutdown_fp_trap_1              0x0000049f   Thumb Code     0  libshutdown2.o(.ARM.Collect$$libshutdown$$00000007)
    __rt_lib_shutdown_heap_1                 0x0000049f   Thumb Code     0  libshutdown2.o(.ARM.Collect$$libshutdown$$0000000F)
    __rt_lib_shutdown_return                 0x0000049f   Thumb Code     0  libshutdown2.o(.ARM.Collect$$libshutdown$$00000010)
    __rt_lib_shutdown_signal_1               0x0000049f   Thumb Code     0  libshutdown2.o(.ARM.Collect$$libshutdown$$0000000A)
    __rt_lib_shutdown_stdio_1                0x0000049f   Thumb Code     0  libshutdown2.o(.ARM.Collect$$libshutdown$$00000004)
    __rt_lib_shutdown_user_alloc_1           0x0000049f   Thumb Code     0  libshutdown2.o(.ARM.Collect$$libshutdown$$0000000C)
    __rt_entry                               0x000004a1   Thumb Code     0  __rtentry.o(.ARM.Collect$$rtentry$$00000000)
    __rt_entry_presh_1                       0x000004a1   Thumb Code     0  __rtentry2.o(.ARM.Collect$$rtentry$$00000002)
    __rt_entry_sh                            0x000004a1   Thumb Code     0  __rtentry7.o(.ARM.Collect$$rtentry$$00000007)
    __rt_entry_li                            0x000004a5   Thumb Code     0  __rtentry2.o(.ARM.Collect$$rtentry$$0000000A)
    __rt_entry_postsh_1                      0x000004a5   Thumb Code     0  __rtentry2.o(.ARM.Collect$$rtentry$$00000009)
    __rt_entry_main                          0x000004a9   Thumb Code     0  __rtentry2.o(.ARM.Collect$$rtentry$$0000000D)
    __rt_entry_postli_1                      0x000004a9   Thumb Code     0  __rtentry2.o(.ARM.Collect$$rtentry$$0000000C)
    __rt_exit                                0x000004b5   Thumb Code     0  rtexit.o(.ARM.Collect$$rtexit$$00000000)
    __rt_exit_ls                             0x000004b7   Thumb Code     0  rtexit2.o(.ARM.Collect$$rtexit$$00000003)
    __rt_exit_prels_1                        0x000004b7   Thumb Code     0  rtexit2.o(.ARM.Collect$$rtexit$$00000002)
    __rt_exit_exit                           0x000004bb   Thumb Code     0  rtexit2.o(.ARM.Collect$$rtexit$$00000004)
    Reset_Handler                            0x000004c1   Thumb Code    18  startup_s32k142.o(.text)
    _maybe_terminate_alloc                   0x000004c1   Thumb Code     0  maybetermalloc1.o(.emb_text)
    NMI_Handler                              0x000004d3   Thumb Code     2  startup_s32k142.o(.text)
    HardFault_Handler                        0x000004d5   Thumb Code     2  startup_s32k142.o(.text)
    MemManage_Handler                        0x000004d7   Thumb Code     2  startup_s32k142.o(.text)
    BusFault_Handler                         0x000004d9   Thumb Code     2  startup_s32k142.o(.text)
    UsageFault_Handler                       0x000004db   Thumb Code     2  startup_s32k142.o(.text)
    SVC_Handler                              0x000004dd   Thumb Code     2  startup_s32k142.o(.text)
    DebugMon_Handler                         0x000004df   Thumb Code     2  startup_s32k142.o(.text)
    PendSV_Handler                           0x000004e1   Thumb Code     2  startup_s32k142.o(.text)
    SysTick_Handler                          0x000004e3   Thumb Code     2  startup_s32k142.o(.text)
    ADC0_IRQHandler                          0x000004e5   Thumb Code     0  startup_s32k142.o(.text)
    ADC1_IRQHandler                          0x000004e5   Thumb Code     0  startup_s32k142.o(.text)
    CAN0_Error_IRQHandler                    0x000004e5   Thumb Code     0  startup_s32k142.o(.text)
    CAN0_ORed_IRQHandler                     0x000004e5   Thumb Code     0  startup_s32k142.o(.text)
    CAN0_Wake_Up_IRQHandler                  0x000004e5   Thumb Code     0  startup_s32k142.o(.text)
    CAN1_Error_IRQHandler                    0x000004e5   Thumb Code     0  startup_s32k142.o(.text)
    CAN1_ORed_0_15_MB_IRQHandler             0x000004e5   Thumb Code     0  startup_s32k142.o(.text)
    CAN1_ORed_IRQHandler                     0x000004e5   Thumb Code     0  startup_s32k142.o(.text)
    CMP0_IRQHandler                          0x000004e5   Thumb Code     0  startup_s32k142.o(.text)
    DMA0_IRQHandler                          0x000004e5   Thumb Code     0  startup_s32k142.o(.text)
    DMA10_IRQHandler                         0x000004e5   Thumb Code     0  startup_s32k142.o(.text)
    DMA11_IRQHandler                         0x000004e5   Thumb Code     0  startup_s32k142.o(.text)
    DMA12_IRQHandler                         0x000004e5   Thumb Code     0  startup_s32k142.o(.text)
    DMA13_IRQHandler                         0x000004e5   Thumb Code     0  startup_s32k142.o(.text)
    DMA14_IRQHandler                         0x000004e5   Thumb Code     0  startup_s32k142.o(.text)
    DMA15_IRQHandler                         0x000004e5   Thumb Code     0  startup_s32k142.o(.text)
    DMA1_IRQHandler                          0x000004e5   Thumb Code     0  startup_s32k142.o(.text)
    DMA2_IRQHandler                          0x000004e5   Thumb Code     0  startup_s32k142.o(.text)
    DMA3_IRQHandler                          0x000004e5   Thumb Code     0  startup_s32k142.o(.text)
    DMA4_IRQHandler                          0x000004e5   Thumb Code     0  startup_s32k142.o(.text)
    DMA5_IRQHandler                          0x000004e5   Thumb Code     0  startup_s32k142.o(.text)
    DMA6_IRQHandler                          0x000004e5   Thumb Code     0  startup_s32k142.o(.text)
    DMA7_IRQHandler                          0x000004e5   Thumb Code     0  startup_s32k142.o(.text)
    DMA8_IRQHandler                          0x000004e5   Thumb Code     0  startup_s32k142.o(.text)
    DMA9_IRQHandler                          0x000004e5   Thumb Code     0  startup_s32k142.o(.text)
    DMA_Error_IRQHandler                     0x000004e5   Thumb Code     0  startup_s32k142.o(.text)
    DefaultISR                               0x000004e5   Thumb Code     0  startup_s32k142.o(.text)
    ERM_double_fault_IRQHandler              0x000004e5   Thumb Code     0  startup_s32k142.o(.text)
    ERM_single_fault_IRQHandler              0x000004e5   Thumb Code     0  startup_s32k142.o(.text)
    FLEXIO_IRQHandler                        0x000004e5   Thumb Code     0  startup_s32k142.o(.text)
    FTFC_Fault_IRQHandler                    0x000004e5   Thumb Code     0  startup_s32k142.o(.text)
    FTFC_IRQHandler                          0x000004e5   Thumb Code     0  startup_s32k142.o(.text)
    FTM0_Ch0_Ch1_IRQHandler                  0x000004e5   Thumb Code     0  startup_s32k142.o(.text)
    FTM0_Ch2_Ch3_IRQHandler                  0x000004e5   Thumb Code     0  startup_s32k142.o(.text)
    FTM0_Ch4_Ch5_IRQHandler                  0x000004e5   Thumb Code     0  startup_s32k142.o(.text)
    FTM0_Ch6_Ch7_IRQHandler                  0x000004e5   Thumb Code     0  startup_s32k142.o(.text)
    FTM0_Fault_IRQHandler                    0x000004e5   Thumb Code     0  startup_s32k142.o(.text)
    FTM0_Ovf_Reload_IRQHandler               0x000004e5   Thumb Code     0  startup_s32k142.o(.text)
    FTM1_Ch0_Ch1_IRQHandler                  0x000004e5   Thumb Code     0  startup_s32k142.o(.text)
    FTM1_Ch2_Ch3_IRQHandler                  0x000004e5   Thumb Code     0  startup_s32k142.o(.text)
    FTM1_Ch4_Ch5_IRQHandler                  0x000004e5   Thumb Code     0  startup_s32k142.o(.text)
    FTM1_Ch6_Ch7_IRQHandler                  0x000004e5   Thumb Code     0  startup_s32k142.o(.text)
    FTM1_Fault_IRQHandler                    0x000004e5   Thumb Code     0  startup_s32k142.o(.text)
    FTM1_Ovf_Reload_IRQHandler               0x000004e5   Thumb Code     0  startup_s32k142.o(.text)
    FTM2_Ch0_Ch1_IRQHandler                  0x000004e5   Thumb Code     0  startup_s32k142.o(.text)
    FTM2_Ch2_Ch3_IRQHandler                  0x000004e5   Thumb Code     0  startup_s32k142.o(.text)
    FTM2_Ch4_Ch5_IRQHandler                  0x000004e5   Thumb Code     0  startup_s32k142.o(.text)
    FTM2_Ch6_Ch7_IRQHandler                  0x000004e5   Thumb Code     0  startup_s32k142.o(.text)
    FTM2_Fault_IRQHandler                    0x000004e5   Thumb Code     0  startup_s32k142.o(.text)
    FTM2_Ovf_Reload_IRQHandler               0x000004e5   Thumb Code     0  startup_s32k142.o(.text)
    FTM3_Ch0_Ch1_IRQHandler                  0x000004e5   Thumb Code     0  startup_s32k142.o(.text)
    FTM3_Ch2_Ch3_IRQHandler                  0x000004e5   Thumb Code     0  startup_s32k142.o(.text)
    FTM3_Ch4_Ch5_IRQHandler                  0x000004e5   Thumb Code     0  startup_s32k142.o(.text)
    FTM3_Ch6_Ch7_IRQHandler                  0x000004e5   Thumb Code     0  startup_s32k142.o(.text)
    FTM3_Fault_IRQHandler                    0x000004e5   Thumb Code     0  startup_s32k142.o(.text)
    FTM3_Ovf_Reload_IRQHandler               0x000004e5   Thumb Code     0  startup_s32k142.o(.text)
    LPI2C0_Master_IRQHandler                 0x000004e5   Thumb Code     0  startup_s32k142.o(.text)
    LPI2C0_Slave_IRQHandler                  0x000004e5   Thumb Code     0  startup_s32k142.o(.text)
    LPIT0_Ch1_IRQHandler                     0x000004e5   Thumb Code     0  startup_s32k142.o(.text)
    LPIT0_Ch2_IRQHandler                     0x000004e5   Thumb Code     0  startup_s32k142.o(.text)
    LPIT0_Ch3_IRQHandler                     0x000004e5   Thumb Code     0  startup_s32k142.o(.text)
    LPSPI1_IRQHandler                        0x000004e5   Thumb Code     0  startup_s32k142.o(.text)
    LVD_LVW_IRQHandler                       0x000004e5   Thumb Code     0  startup_s32k142.o(.text)
    MCM_IRQHandler                           0x000004e5   Thumb Code     0  startup_s32k142.o(.text)
    PDB0_IRQHandler                          0x000004e5   Thumb Code     0  startup_s32k142.o(.text)
    PDB1_IRQHandler                          0x000004e5   Thumb Code     0  startup_s32k142.o(.text)
    PORTA_IRQHandler                         0x000004e5   Thumb Code     0  startup_s32k142.o(.text)
    PORTC_IRQHandler                         0x000004e5   Thumb Code     0  startup_s32k142.o(.text)
    PORTD_IRQHandler                         0x000004e5   Thumb Code     0  startup_s32k142.o(.text)
    PORTE_IRQHandler                         0x000004e5   Thumb Code     0  startup_s32k142.o(.text)
    RCM_IRQHandler                           0x000004e5   Thumb Code     0  startup_s32k142.o(.text)
    RTC_IRQHandler                           0x000004e5   Thumb Code     0  startup_s32k142.o(.text)
    RTC_Seconds_IRQHandler                   0x000004e5   Thumb Code     0  startup_s32k142.o(.text)
    Read_Collision_IRQHandler                0x000004e5   Thumb Code     0  startup_s32k142.o(.text)
    Reserved100_IRQHandler                   0x000004e5   Thumb Code     0  startup_s32k142.o(.text)
    Reserved103_IRQHandler                   0x000004e5   Thumb Code     0  startup_s32k142.o(.text)
    Reserved105_IRQHandler                   0x000004e5   Thumb Code     0  startup_s32k142.o(.text)
    Reserved106_IRQHandler                   0x000004e5   Thumb Code     0  startup_s32k142.o(.text)
    Reserved107_IRQHandler                   0x000004e5   Thumb Code     0  startup_s32k142.o(.text)
    Reserved108_IRQHandler                   0x000004e5   Thumb Code     0  startup_s32k142.o(.text)
    Reserved109_IRQHandler                   0x000004e5   Thumb Code     0  startup_s32k142.o(.text)
    Reserved110_IRQHandler                   0x000004e5   Thumb Code     0  startup_s32k142.o(.text)
    Reserved111_IRQHandler                   0x000004e5   Thumb Code     0  startup_s32k142.o(.text)
    Reserved112_IRQHandler                   0x000004e5   Thumb Code     0  startup_s32k142.o(.text)
    Reserved113_IRQHandler                   0x000004e5   Thumb Code     0  startup_s32k142.o(.text)
    Reserved114_IRQHandler                   0x000004e5   Thumb Code     0  startup_s32k142.o(.text)
    Reserved44_IRQHandler                    0x000004e5   Thumb Code     0  startup_s32k142.o(.text)
    Reserved45_IRQHandler                    0x000004e5   Thumb Code     0  startup_s32k142.o(.text)
    Reserved46_IRQHandler                    0x000004e5   Thumb Code     0  startup_s32k142.o(.text)
    Reserved48_IRQHandler                    0x000004e5   Thumb Code     0  startup_s32k142.o(.text)
    Reserved50_IRQHandler                    0x000004e5   Thumb Code     0  startup_s32k142.o(.text)
    Reserved51_IRQHandler                    0x000004e5   Thumb Code     0  startup_s32k142.o(.text)
    Reserved52_IRQHandler                    0x000004e5   Thumb Code     0  startup_s32k142.o(.text)
    Reserved53_IRQHandler                    0x000004e5   Thumb Code     0  startup_s32k142.o(.text)
    Reserved54_IRQHandler                    0x000004e5   Thumb Code     0  startup_s32k142.o(.text)
    Reserved58_IRQHandler                    0x000004e5   Thumb Code     0  startup_s32k142.o(.text)
    Reserved59_IRQHandler                    0x000004e5   Thumb Code     0  startup_s32k142.o(.text)
    Reserved69_IRQHandler                    0x000004e5   Thumb Code     0  startup_s32k142.o(.text)
    Reserved70_IRQHandler                    0x000004e5   Thumb Code     0  startup_s32k142.o(.text)
    Reserved71_IRQHandler                    0x000004e5   Thumb Code     0  startup_s32k142.o(.text)
    Reserved72_IRQHandler                    0x000004e5   Thumb Code     0  startup_s32k142.o(.text)
    Reserved81_IRQHandler                    0x000004e5   Thumb Code     0  startup_s32k142.o(.text)
    Reserved82_IRQHandler                    0x000004e5   Thumb Code     0  startup_s32k142.o(.text)
    Reserved83_IRQHandler                    0x000004e5   Thumb Code     0  startup_s32k142.o(.text)
    Reserved86_IRQHandler                    0x000004e5   Thumb Code     0  startup_s32k142.o(.text)
    Reserved87_IRQHandler                    0x000004e5   Thumb Code     0  startup_s32k142.o(.text)
    Reserved88_IRQHandler                    0x000004e5   Thumb Code     0  startup_s32k142.o(.text)
    Reserved89_IRQHandler                    0x000004e5   Thumb Code     0  startup_s32k142.o(.text)
    Reserved90_IRQHandler                    0x000004e5   Thumb Code     0  startup_s32k142.o(.text)
    Reserved91_IRQHandler                    0x000004e5   Thumb Code     0  startup_s32k142.o(.text)
    Reserved92_IRQHandler                    0x000004e5   Thumb Code     0  startup_s32k142.o(.text)
    Reserved93_IRQHandler                    0x000004e5   Thumb Code     0  startup_s32k142.o(.text)
    Reserved99_IRQHandler                    0x000004e5   Thumb Code     0  startup_s32k142.o(.text)
    SCG_IRQHandler                           0x000004e5   Thumb Code     0  startup_s32k142.o(.text)
    SWI_IRQHandler                           0x000004e5   Thumb Code     0  startup_s32k142.o(.text)
    WDOG_EWM_IRQHandler                      0x000004e5   Thumb Code     0  startup_s32k142.o(.text)
    malloc                                   0x000004f9   Thumb Code    94  h1_alloc.o(.text)
    free                                     0x00000557   Thumb Code    78  h1_free.o(.text)
    strcpy                                   0x000005a5   Thumb Code    72  strcpy.o(.text)
    strlen                                   0x000005ed   Thumb Code    62  strlen.o(.text)
    __aeabi_memcpy                           0x0000062b   Thumb Code     0  rt_memcpy_v6.o(.text)
    __rt_memcpy                              0x0000062b   Thumb Code   138  rt_memcpy_v6.o(.text)
    _memcpy_lastbytes                        0x00000691   Thumb Code     0  rt_memcpy_v6.o(.text)
    __aeabi_memcpy4                          0x000006b5   Thumb Code     0  rt_memcpy_w.o(.text)
    __aeabi_memcpy8                          0x000006b5   Thumb Code     0  rt_memcpy_w.o(.text)
    __rt_memcpy_w                            0x000006b5   Thumb Code   100  rt_memcpy_w.o(.text)
    _memcpy_lastbytes_aligned                0x000006fd   Thumb Code     0  rt_memcpy_w.o(.text)
    __aeabi_memclr4                          0x00000719   Thumb Code     0  rt_memclr_w.o(.text)
    __aeabi_memclr8                          0x00000719   Thumb Code     0  rt_memclr_w.o(.text)
    __rt_memclr_w                            0x00000719   Thumb Code    78  rt_memclr_w.o(.text)
    _memset_w                                0x0000071d   Thumb Code     0  rt_memclr_w.o(.text)
    __rt_heap_descriptor                     0x00000769   Thumb Code     8  rt_heap_descriptor_intlibspace.o(.text)
    __use_no_heap                            0x00000771   Thumb Code     2  hguard.o(.text)
    __heap$guard                             0x00000773   Thumb Code     2  hguard.o(.text)
    _terminate_user_alloc                    0x00000775   Thumb Code     2  init_alloc.o(.text)
    _init_user_alloc                         0x00000777   Thumb Code     2  init_alloc.o(.text)
    __Heap_Full                              0x00000779   Thumb Code    34  init_alloc.o(.text)
    __Heap_Broken                            0x0000079b   Thumb Code     6  init_alloc.o(.text)
    _init_alloc                              0x000007a1   Thumb Code    94  init_alloc.o(.text)
    __Heap_Initialize                        0x000007ff   Thumb Code    10  h1_init.o(.text)
    __Heap_DescSize                          0x00000809   Thumb Code     4  h1_init.o(.text)
    __Heap_ProvideMemory                     0x0000080d   Thumb Code    52  h1_extend.o(.text)
    __rt_SIGRTMEM                            0x00000841   Thumb Code    14  defsig_rtmem_outer.o(.text)
    __I$use$semihosting                      0x0000084f   Thumb Code     0  use_no_semi.o(.text)
    __use_no_semihosting_swi                 0x0000084f   Thumb Code     2  use_no_semi.o(.text)
    __semihosting_library_function           0x00000851   Thumb Code     0  indicate_semi.o(.text)
    exit                                     0x00000851   Thumb Code    18  exit.o(.text)
    __sig_exit                               0x00000863   Thumb Code    10  defsig_exit.o(.text)
    __rt_SIGRTMEM_inner                      0x0000086d   Thumb Code    22  defsig_rtmem_inner.o(.text)
    _sys_exit                                0x000008bd   Thumb Code     8  sys_exit.o(.text)
    __default_signal_display                 0x000008c9   Thumb Code    50  defsig_general.o(.text)
    _ttywrch                                 0x000008fb   Thumb Code    14  sys_wrch.o(.text)
    CAN0_ORed_0_15_MB_IRQHandler             0x00000909   Thumb Code    16  canbus.o(i.CAN0_ORed_0_15_MB_IRQHandler)
    CAN0_ORed_16_31_MB_IRQHandler            0x00000919   Thumb Code    16  canbus.o(i.CAN0_ORed_16_31_MB_IRQHandler)
    Canbus0Recv                              0x00000929   Thumb Code   348  canbus.o(i.Canbus0Recv)
    GpioInit                                 0x00000aa5   Thumb Code    72  gpio.o(i.GpioInit)
    GpioSetDirection                         0x00000af5   Thumb Code   284  gpio.o(i.GpioSetDirection)
    GpioSetVal                               0x00000c2d   Thumb Code   234  gpio.o(i.GpioSetVal)
    LPIT0_Ch0_IRQHandler                     0x00000d21   Thumb Code    98  timer.o(i.LPIT0_Ch0_IRQHandler)
    LPIT0_init                               0x00000d9d   Thumb Code    74  timer.o(i.LPIT0_init)
    LPSPI0_IRQHandler                        0x00000df9   Thumb Code   248  spi.o(i.LPSPI0_IRQHandler)
    LPTMR0_IRQHandler                        0x00000f0d   Thumb Code   106  timer.o(i.LPTMR0_IRQHandler)
    LPUART0_RxTx_IRQHandler                  0x00000f99   Thumb Code   170  uart.o(i.LPUART0_RxTx_IRQHandler)
    LPUART1_RxTx_IRQHandler                  0x00001061   Thumb Code   170  uart.o(i.LPUART1_RxTx_IRQHandler)
    NormalRUNmode_80MHz                      0x00001129   Thumb Code    30  clocks_and_modes.o(i.NormalRUNmode_80MHz)
    PORTB_IRQHandler                         0x00001155   Thumb Code    34  nm_bsp.o(i.PORTB_IRQHandler)
    SOSC_init_8MHz                           0x00001181   Thumb Code    58  clocks_and_modes.o(i.SOSC_init_8MHz)
    SPLL_init_160MHz                         0x000011c5   Thumb Code    92  clocks_and_modes.o(i.SPLL_init_160MHz)
    SpiInitMaster                            0x00001225   Thumb Code   178  spi.o(i.SpiInitMaster)
    SpiRecv                                  0x00001305   Thumb Code   184  spi.o(i.SpiRecv)
    SpiSend                                  0x000013c9   Thumb Code   250  spi.o(i.SpiSend)
    SystemInit                               0x000014cd   Thumb Code    48  system_s32k142.o(i.SystemInit)
    chip_apply_conf                          0x0000150d   Thumb Code    64  nmasic.o(i.chip_apply_conf)
    chip_deinit                              0x0000154d   Thumb Code   108  nmasic.o(i.chip_deinit)
    chip_sleep                               0x000015f1   Thumb Code   128  nmasic.o(i.chip_sleep)
    chip_wake                                0x00001671   Thumb Code   210  nmasic.o(i.chip_wake)
    deQueue                                  0x000017c9   Thumb Code    48  nxpqueue.o(i.deQueue)
    deQueueCan                               0x000017f9   Thumb Code    54  nxpqueue.o(i.deQueueCan)
    enQueue                                  0x0000182f   Thumb Code    58  nxpqueue.o(i.enQueue)
    enQueueCan                               0x00001869   Thumb Code    66  nxpqueue.o(i.enQueueCan)
    enable_interrupts                        0x000018ab   Thumb Code    94  nmasic.o(i.enable_interrupts)
    getQueueLen                              0x00001909   Thumb Code    22  nxpqueue.o(i.getQueueLen)
    hif_chip_sleep                           0x00001921   Thumb Code    50  m2m_hif.o(i.hif_chip_sleep)
    hif_chip_sleep_sc                        0x00001959   Thumb Code    22  m2m_hif.o(i.hif_chip_sleep_sc)
    hif_chip_wake                            0x00001975   Thumb Code    52  m2m_hif.o(i.hif_chip_wake)
    hif_handle_isr                           0x000019ad   Thumb Code   142  m2m_hif.o(i.hif_handle_isr)
    hif_init                                 0x00001a99   Thumb Code    32  m2m_hif.o(i.hif_init)
    hif_receive                              0x0000201d   Thumb Code   224  m2m_hif.o(i.hif_receive)
    hif_register_cb                          0x00002145   Thumb Code   108  m2m_hif.o(i.hif_register_cb)
    hif_send                                 0x000021dd   Thumb Code   558  m2m_hif.o(i.hif_send)
    initQueue                                0x000024e9   Thumb Code    34  nxpqueue.o(i.initQueue)
    init_data_bss                            0x00002545   Thumb Code    68  startup.o(i.init_data_bss)
    isEmpityQueue                            0x00002599   Thumb Code    18  nxpqueue.o(i.isEmpityQueue)
    isEmpityQueueCan                         0x000025ab   Thumb Code    18  nxpqueue.o(i.isEmpityQueueCan)
    isFullQueue                              0x000025bd   Thumb Code    30  nxpqueue.o(i.isFullQueue)
    isFullQueueCan                           0x000025db   Thumb Code    30  nxpqueue.o(i.isFullQueueCan)
    m2mStub_EintDisable                      0x00002609   Thumb Code    10  nm_bsp.o(i.m2mStub_EintDisable)
    m2mStub_EintEnable                       0x00002619   Thumb Code    30  nm_bsp.o(i.m2mStub_EintEnable)
    m2m_EintHandler                          0x00002649   Thumb Code    12  m2m_hif.o(i.m2m_EintHandler)
    m2m_memcpy                               0x0000265b   Thumb Code    24  nm_common.o(i.m2m_memcpy)
    m2m_memset                               0x00002673   Thumb Code    20  nm_common.o(i.m2m_memset)
    m2m_strlen                               0x00002687   Thumb Code    20  nm_common.o(i.m2m_strlen)
    m2m_wifi_enable_ap                       0x00002c6d   Thumb Code    56  m2m_wifi.o(i.m2m_wifi_enable_ap)
    m2m_wifi_enable_ap_ext                   0x00002ca5   Thumb Code    44  m2m_wifi.o(i.m2m_wifi_enable_ap_ext)
    m2m_wifi_handle_events                   0x00002cd1   Thumb Code    10  m2m_wifi.o(i.m2m_wifi_handle_events)
    m2m_wifi_init                            0x00002cdb   Thumb Code    26  m2m_wifi.o(i.m2m_wifi_init)
    m2m_wifi_init_hold                       0x00002cf5   Thumb Code    24  m2m_wifi.o(i.m2m_wifi_init_hold)
    m2m_wifi_init_start                      0x00002d11   Thumb Code   290  m2m_wifi.o(i.m2m_wifi_init_start)
    main                                     0x00002f39   Thumb Code   168  main.o(i.main)
    nm_bsp_init                              0x0000304d   Thumb Code    24  nm_bsp.o(i.nm_bsp_init)
    nm_bsp_interrupt_ctrl                    0x00003069   Thumb Code    22  nm_bsp.o(i.nm_bsp_interrupt_ctrl)
    nm_bsp_register_isr                      0x00003081   Thumb Code    14  nm_bsp.o(i.nm_bsp_register_isr)
    nm_bsp_reset                             0x00003095   Thumb Code    62  nm_bsp.o(i.nm_bsp_reset)
    nm_bsp_sleep                             0x000030d3   Thumb Code    20  nm_bsp.o(i.nm_bsp_sleep)
    nm_bus_deinit                            0x000030e7   Thumb Code     4  nm_bus_wrapper.o(i.nm_bus_deinit)
    nm_bus_iface_deinit                      0x000030eb   Thumb Code    14  nmbus.o(i.nm_bus_iface_deinit)
    nm_bus_iface_init                        0x000030f9   Thumb Code    18  nmbus.o(i.nm_bus_iface_init)
    nm_bus_init                              0x0000310b   Thumb Code     6  nm_bus_wrapper.o(i.nm_bus_init)
    nm_bus_ioctl                             0x00003111   Thumb Code    72  nm_bus_wrapper.o(i.nm_bus_ioctl)
    nm_bus_reset                             0x00003189   Thumb Code    10  nmbus.o(i.nm_bus_reset)
    nm_drv_deinit                            0x00003195   Thumb Code   124  nmdrv.o(i.nm_drv_deinit)
    nm_drv_init_hold                         0x0000328d   Thumb Code    86  nmdrv.o(i.nm_drv_init_hold)
    nm_drv_init_start                        0x00003339   Thumb Code   112  nmdrv.o(i.nm_drv_init_start)
    nm_get_firmware_full_info                0x000033e5   Thumb Code   208  nmdrv.o(i.nm_get_firmware_full_info)
    nm_read_block                            0x000034b9   Thumb Code    84  nmbus.o(i.nm_read_block)
    nm_read_reg                              0x00003511   Thumb Code    12  nmbus.o(i.nm_read_reg)
    nm_read_reg_with_ret                     0x0000351d   Thumb Code    16  nmbus.o(i.nm_read_reg_with_ret)
    nm_spi_deinit                            0x0000352d   Thumb Code     8  nmspi.o(i.nm_spi_deinit)
    nm_spi_init                              0x00003539   Thumb Code   238  nmspi.o(i.nm_spi_init)
    nm_spi_read_block                        0x000038cd   Thumb Code    40  nmspi.o(i.nm_spi_read_block)
    nm_spi_read_reg                          0x000038f5   Thumb Code    16  nmspi.o(i.nm_spi_read_reg)
    nm_spi_read_reg_with_ret                 0x00003905   Thumb Code    32  nmspi.o(i.nm_spi_read_reg_with_ret)
    nm_spi_reset                             0x00003925   Thumb Code    28  nmspi.o(i.nm_spi_reset)
    nm_spi_write_block                       0x00003b49   Thumb Code    40  nmspi.o(i.nm_spi_write_block)
    nm_spi_write_reg                         0x00003b71   Thumb Code    32  nmspi.o(i.nm_spi_write_reg)
    nm_write_block                           0x00003b91   Thumb Code    84  nmbus.o(i.nm_write_block)
    nm_write_reg                             0x00003be9   Thumb Code    16  nmbus.o(i.nm_write_reg)
    nmi_get_chipid                           0x00003bf9   Thumb Code   176  nmasic.o(i.nmi_get_chipid)
    nxpPrintf                                0x00003ce9   Thumb Code    42  printf.o(i.nxpPrintf)
    out_char                                 0x00003d19   Thumb Code    20  printf.o(i.out_char)
    printk                                   0x00003d59   Thumb Code  1156  printf.o(i.printk)
    uartInit                                 0x00004fbd   Thumb Code   454  uart.o(i.uartInit)
    wait_for_bootrom                         0x000051d5   Thumb Code   262  nmasic.o(i.wait_for_bootrom)
    wait_for_firmware_start                  0x00005315   Thumb Code   106  nmasic.o(i.wait_for_firmware_start)
    __aeabi_dadd                             0x000053ad   Thumb Code     0  daddsub_clz.o(x$fpl$dadd)
    _dadd                                    0x000053ad   Thumb Code   332  daddsub_clz.o(x$fpl$dadd)
    __aeabi_ddiv                             0x000054fd   Thumb Code     0  ddiv.o(x$fpl$ddiv)
    _ddiv                                    0x000054fd   Thumb Code   552  ddiv.o(x$fpl$ddiv)
    __aeabi_d2iz                             0x000057ad   Thumb Code     0  dfix.o(x$fpl$dfix)
    _dfix                                    0x000057ad   Thumb Code    94  dfix.o(x$fpl$dfix)
    __aeabi_i2d                              0x0000580b   Thumb Code     0  dflt_clz.o(x$fpl$dflt)
    _dflt                                    0x0000580b   Thumb Code    46  dflt_clz.o(x$fpl$dflt)
    __aeabi_ui2d                             0x00005839   Thumb Code     0  dflt_clz.o(x$fpl$dfltu)
    _dfltu                                   0x00005839   Thumb Code    38  dflt_clz.o(x$fpl$dfltu)
    __fpl_dnaninf                            0x0000585f   Thumb Code   156  dnaninf.o(x$fpl$dnaninf)
    __fpl_dretinf                            0x000058fb   Thumb Code    12  dretinf.o(x$fpl$dretinf)
    __aeabi_dsub                             0x00005909   Thumb Code     0  daddsub_clz.o(x$fpl$dsub)
    _dsub                                    0x00005909   Thumb Code   464  daddsub_clz.o(x$fpl$dsub)
    _fp_init                                 0x00005add   Thumb Code    10  fpinit.o(x$fpl$fpinit)
    __fplib_config_fpu_vfp                   0x00005ae5   Thumb Code     0  fpinit.o(x$fpl$fpinit)
    __fplib_config_pureend_doubles           0x00005ae5   Thumb Code     0  fpinit.o(x$fpl$fpinit)
    __I$use$fp                               0x00005ae6   Number         0  usenofp.o(x$fpl$usenofp)
    Region$$Table$$Base                      0x00005f44   Number         0  anon$$obj.o(Region$$Table)
    Region$$Table$$Limit                     0x00005f74   Number         0  anon$$obj.o(Region$$Table)
    Image$$RW_m_data$$Base                   0x1fffc000   Number         0  anon$$obj.o ABSOLUTE
    RxCODE                                   0x1fffc000   Data           4  canbus.o(.data)
    RxID                                     0x1fffc004   Data           4  canbus.o(.data)
    RxLENGTH                                 0x1fffc008   Data           4  canbus.o(.data)
    RxDATA                                   0x1fffc00c   Data           8  canbus.o(.data)
    RxTIMESTAMP                              0x1fffc014   Data           4  canbus.o(.data)
    modeTemp                                 0x1fffc060   Data           4  timer.o(.data)
    egstrNmBusCapabilities                   0x1fffc0a8   Data           2  nm_bus_wrapper.o(.data)
    g_winc_logstart                          0x1fffc0ac   Data           4  nm_bus_wrapper.o(.data)
    str                                      0x1fffc0b0   Data           4  m2m_hif.o(.data)
    buf                                      0x1fffc0c1   Data           8  nmspi.o(.data)
    buf56                                    0x1fffc0c9   Data           8  nmspi.o(.data)
    str_baudParameter                        0x1fffc0d4   Data          30  canbus.o(.bss)
    spi_buf                                  0x1fffc130   Data        1024  spi.o(.bss)
    spi_recv                                 0x1fffc530   Data        1024  spi.o(.bss)
    uart0_buf                                0x1fffc9d0   Data        1024  uart.o(.bss)
    uart0_recv                               0x1fffcdd0   Data        1024  uart.o(.bss)
    uart1_buf                                0x1fffd1d0   Data        1024  uart.o(.bss)
    uart1_recv                               0x1fffd5d0   Data        1024  uart.o(.bss)
    gstrHifCxt                               0x1fffda10   Data          44  m2m_hif.o(.bss)
    __libspace_start                         0x1fffda3c   Data          96  libspace.o(.bss)
    __temporary_stack_top$libspace           0x1fffda9c   Data           0  libspace.o(.bss)
    spi_txbuf                                0x20000000   Data        1024  nm_bus_wrapper.o(.bss)
    pu8Mosibuf                               0x20000400   Data         100  nm_bus_wrapper.o(.bss)
    pu8Misobuf                               0x20000464   Data         100  nm_bus_wrapper.o(.bss)
    Image$$ARM_LIB_HEAP$$ZI$$Base            0x200004c8   Number         0  anon$$obj.o ABSOLUTE
    Image$$ARM_LIB_HEAP$$ZI$$Limit           0x200008c8   Number         0  anon$$obj.o ABSOLUTE
    Image$$ARM_LIB_STACK$$ZI$$Limit          0x20003000   Number         0  anon$$obj.o ABSOLUTE



==============================================================================

Memory Map of the image

  Image Entry point : 0x00000411

  Load Region LR_m_text (Base: 0x00000410, Size: 0x00005c38, Max: 0x0003fbf0, ABSOLUTE)

    Execution Region ER_m_text (Exec base: 0x00000410, Load base: 0x00000410, Size: 0x00005b64, Max: 0x0003fbf0, ABSOLUTE)

    Exec Addr    Load Addr    Size         Type   Attr      Idx    E Section Name        Object

    0x00000410   0x00000410   0x00000008   Code   RO         2904  * !!!main             c_w.l(__main.o)
    0x00000418   0x00000418   0x00000034   Code   RO         3377    !!!scatter          c_w.l(__scatter.o)
    0x0000044c   0x0000044c   0x0000001a   Code   RO         3379    !!handler_copy      c_w.l(__scatter_copy.o)
    0x00000466   0x00000466   0x00000002   PAD
    0x00000468   0x00000468   0x0000001c   Code   RO         3381    !!handler_zi        c_w.l(__scatter_zi.o)
    0x00000484   0x00000484   0x00000002   Code   RO         3272    .ARM.Collect$$libinit$$00000000  c_w.l(libinit.o)
    0x00000486   0x00000486   0x00000004   Code   RO         3051    .ARM.Collect$$libinit$$00000001  c_w.l(libinit2.o)
    0x0000048a   0x0000048a   0x00000000   Code   RO         3054    .ARM.Collect$$libinit$$00000004  c_w.l(libinit2.o)
    0x0000048a   0x0000048a   0x00000008   Code   RO         3328    .ARM.Collect$$libinit$$00000008  c_w.l(libinit5.o)
    0x00000492   0x00000492   0x00000000   Code   RO         3057    .ARM.Collect$$libinit$$0000000A  c_w.l(libinit2.o)
    0x00000492   0x00000492   0x00000000   Code   RO         3059    .ARM.Collect$$libinit$$0000000C  c_w.l(libinit2.o)
    0x00000492   0x00000492   0x00000000   Code   RO         3061    .ARM.Collect$$libinit$$0000000E  c_w.l(libinit2.o)
    0x00000492   0x00000492   0x00000000   Code   RO         3064    .ARM.Collect$$libinit$$00000011  c_w.l(libinit2.o)
    0x00000492   0x00000492   0x00000000   Code   RO         3066    .ARM.Collect$$libinit$$00000013  c_w.l(libinit2.o)
    0x00000492   0x00000492   0x00000000   Code   RO         3068    .ARM.Collect$$libinit$$00000015  c_w.l(libinit2.o)
    0x00000492   0x00000492   0x00000000   Code   RO         3070    .ARM.Collect$$libinit$$00000017  c_w.l(libinit2.o)
    0x00000492   0x00000492   0x00000000   Code   RO         3072    .ARM.Collect$$libinit$$00000019  c_w.l(libinit2.o)
    0x00000492   0x00000492   0x00000000   Code   RO         3074    .ARM.Collect$$libinit$$0000001B  c_w.l(libinit2.o)
    0x00000492   0x00000492   0x00000000   Code   RO         3076    .ARM.Collect$$libinit$$0000001D  c_w.l(libinit2.o)
    0x00000492   0x00000492   0x00000000   Code   RO         3078    .ARM.Collect$$libinit$$0000001F  c_w.l(libinit2.o)
    0x00000492   0x00000492   0x00000000   Code   RO         3080    .ARM.Collect$$libinit$$00000021  c_w.l(libinit2.o)
    0x00000492   0x00000492   0x00000000   Code   RO         3082    .ARM.Collect$$libinit$$00000023  c_w.l(libinit2.o)
    0x00000492   0x00000492   0x00000000   Code   RO         3084    .ARM.Collect$$libinit$$00000025  c_w.l(libinit2.o)
    0x00000492   0x00000492   0x00000000   Code   RO         3088    .ARM.Collect$$libinit$$0000002C  c_w.l(libinit2.o)
    0x00000492   0x00000492   0x00000000   Code   RO         3090    .ARM.Collect$$libinit$$0000002E  c_w.l(libinit2.o)
    0x00000492   0x00000492   0x00000000   Code   RO         3092    .ARM.Collect$$libinit$$00000030  c_w.l(libinit2.o)
    0x00000492   0x00000492   0x00000000   Code   RO         3094    .ARM.Collect$$libinit$$00000032  c_w.l(libinit2.o)
    0x00000492   0x00000492   0x00000002   Code   RO         3095    .ARM.Collect$$libinit$$00000033  c_w.l(libinit2.o)
    0x00000494   0x00000494   0x00000008   Code   RO         3329    .ARM.Collect$$libinit$$00002719  c_w.l(libinit5.o)
    0x0000049c   0x0000049c   0x00000002   Code   RO         3374    .ARM.Collect$$libshutdown$$00000000  c_w.l(libshutdown.o)
    0x0000049e   0x0000049e   0x00000000   Code   RO         3274    .ARM.Collect$$libshutdown$$00000002  c_w.l(libshutdown2.o)
    0x0000049e   0x0000049e   0x00000000   Code   RO         3276    .ARM.Collect$$libshutdown$$00000004  c_w.l(libshutdown2.o)
    0x0000049e   0x0000049e   0x00000000   Code   RO         3279    .ARM.Collect$$libshutdown$$00000007  c_w.l(libshutdown2.o)
    0x0000049e   0x0000049e   0x00000000   Code   RO         3282    .ARM.Collect$$libshutdown$$0000000A  c_w.l(libshutdown2.o)
    0x0000049e   0x0000049e   0x00000000   Code   RO         3284    .ARM.Collect$$libshutdown$$0000000C  c_w.l(libshutdown2.o)
    0x0000049e   0x0000049e   0x00000000   Code   RO         3287    .ARM.Collect$$libshutdown$$0000000F  c_w.l(libshutdown2.o)
    0x0000049e   0x0000049e   0x00000002   Code   RO         3288    .ARM.Collect$$libshutdown$$00000010  c_w.l(libshutdown2.o)
    0x000004a0   0x000004a0   0x00000000   Code   RO         2928    .ARM.Collect$$rtentry$$00000000  c_w.l(__rtentry.o)
    0x000004a0   0x000004a0   0x00000000   Code   RO         3115    .ARM.Collect$$rtentry$$00000002  c_w.l(__rtentry2.o)
    0x000004a0   0x000004a0   0x00000004   Code   RO         3129    .ARM.Collect$$rtentry$$00000007  c_w.l(__rtentry7.o)
    0x000004a4   0x000004a4   0x00000000   Code   RO         3117    .ARM.Collect$$rtentry$$00000009  c_w.l(__rtentry2.o)
    0x000004a4   0x000004a4   0x00000004   Code   RO         3118    .ARM.Collect$$rtentry$$0000000A  c_w.l(__rtentry2.o)
    0x000004a8   0x000004a8   0x00000000   Code   RO         3120    .ARM.Collect$$rtentry$$0000000C  c_w.l(__rtentry2.o)
    0x000004a8   0x000004a8   0x00000008   Code   RO         3121    .ARM.Collect$$rtentry$$0000000D  c_w.l(__rtentry2.o)
    0x000004b0   0x000004b0   0x00000004   Code   RO         3130    .ARM.Collect$$rtentry$$00002718  c_w.l(__rtentry7.o)
    0x000004b4   0x000004b4   0x00000002   Code   RO         3299    .ARM.Collect$$rtexit$$00000000  c_w.l(rtexit.o)
    0x000004b6   0x000004b6   0x00000000   Code   RO         3335    .ARM.Collect$$rtexit$$00000002  c_w.l(rtexit2.o)
    0x000004b6   0x000004b6   0x00000004   Code   RO         3336    .ARM.Collect$$rtexit$$00000003  c_w.l(rtexit2.o)
    0x000004ba   0x000004ba   0x00000006   Code   RO         3337    .ARM.Collect$$rtexit$$00000004  c_w.l(rtexit2.o)
    0x000004c0   0x000004c0   0x00000000   Code   RO         3136    .emb_text           c_w.l(maybetermalloc1.o)
    0x000004c0   0x000004c0   0x00000038   Code   RO         2777    .text               startup_s32k142.o
    0x000004f8   0x000004f8   0x0000005e   Code   RO         2830    .text               c_w.l(h1_alloc.o)
    0x00000556   0x00000556   0x0000004e   Code   RO         2832    .text               c_w.l(h1_free.o)
    0x000005a4   0x000005a4   0x00000048   Code   RO         2894    .text               c_w.l(strcpy.o)
    0x000005ec   0x000005ec   0x0000003e   Code   RO         2896    .text               c_w.l(strlen.o)
    0x0000062a   0x0000062a   0x0000008a   Code   RO         2898    .text               c_w.l(rt_memcpy_v6.o)
    0x000006b4   0x000006b4   0x00000064   Code   RO         2900    .text               c_w.l(rt_memcpy_w.o)
    0x00000718   0x00000718   0x0000004e   Code   RO         2902    .text               c_w.l(rt_memclr_w.o)
    0x00000766   0x00000766   0x00000002   PAD
    0x00000768   0x00000768   0x00000008   Code   RO         2932    .text               c_w.l(rt_heap_descriptor_intlibspace.o)
    0x00000770   0x00000770   0x00000004   Code   RO         2934    .text               c_w.l(hguard.o)
    0x00000774   0x00000774   0x0000008a   Code   RO         2936    .text               c_w.l(init_alloc.o)
    0x000007fe   0x000007fe   0x0000000e   Code   RO         2940    .text               c_w.l(h1_init.o)
    0x0000080c   0x0000080c   0x00000034   Code   RO         3138    .text               c_w.l(h1_extend.o)
    0x00000840   0x00000840   0x0000000e   Code   RO         3174    .text               c_w.l(defsig_rtmem_outer.o)
    0x0000084e   0x0000084e   0x00000002   Code   RO         3192    .text               c_w.l(use_no_semi.o)
    0x00000850   0x00000850   0x00000000   Code   RO         3194    .text               c_w.l(indicate_semi.o)
    0x00000850   0x00000850   0x00000012   Code   RO         3253    .text               c_w.l(exit.o)
    0x00000862   0x00000862   0x0000000a   Code   RO         3255    .text               c_w.l(defsig_exit.o)
    0x0000086c   0x0000086c   0x00000050   Code   RO         3261    .text               c_w.l(defsig_rtmem_inner.o)
    0x000008bc   0x000008bc   0x0000000c   Code   RO         3295    .text               c_w.l(sys_exit.o)
    0x000008c8   0x000008c8   0x00000032   Code   RO         3320    .text               c_w.l(defsig_general.o)
    0x000008fa   0x000008fa   0x0000000e   Code   RO         3332    .text               c_w.l(sys_wrch.o)
    0x00000908   0x00000908   0x00000010   Code   RO          129    i.CAN0_ORed_0_15_MB_IRQHandler  canbus.o
    0x00000918   0x00000918   0x00000010   Code   RO          130    i.CAN0_ORed_16_31_MB_IRQHandler  canbus.o
    0x00000928   0x00000928   0x0000017c   Code   RO          133    i.Canbus0Recv       canbus.o
    0x00000aa4   0x00000aa4   0x00000050   Code   RO          472    i.GpioInit          gpio.o
    0x00000af4   0x00000af4   0x00000138   Code   RO          473    i.GpioSetDirection  gpio.o
    0x00000c2c   0x00000c2c   0x000000f4   Code   RO          474    i.GpioSetVal        gpio.o
    0x00000d20   0x00000d20   0x0000007c   Code   RO          772    i.LPIT0_Ch0_IRQHandler  timer.o
    0x00000d9c   0x00000d9c   0x0000005c   Code   RO          773    i.LPIT0_init        timer.o
    0x00000df8   0x00000df8   0x00000114   Code   RO          661    i.LPSPI0_IRQHandler  spi.o
    0x00000f0c   0x00000f0c   0x0000008c   Code   RO          776    i.LPTMR0_IRQHandler  timer.o
    0x00000f98   0x00000f98   0x000000c8   Code   RO          902    i.LPUART0_RxTx_IRQHandler  uart.o
    0x00001060   0x00001060   0x000000c8   Code   RO          903    i.LPUART1_RxTx_IRQHandler  uart.o
    0x00001128   0x00001128   0x0000002c   Code   RO          228    i.NormalRUNmode_80MHz  clocks_and_modes.o
    0x00001154   0x00001154   0x0000002c   Code   RO         1066    i.PORTB_IRQHandler  nm_bsp.o
    0x00001180   0x00001180   0x00000044   Code   RO          229    i.SOSC_init_8MHz    clocks_and_modes.o
    0x000011c4   0x000011c4   0x00000060   Code   RO          230    i.SPLL_init_160MHz  clocks_and_modes.o
    0x00001224   0x00001224   0x000000e0   Code   RO          668    i.SpiInitMaster     spi.o
    0x00001304   0x00001304   0x000000c4   Code   RO          669    i.SpiRecv           spi.o
    0x000013c8   0x000013c8   0x00000104   Code   RO          670    i.SpiSend           spi.o
    0x000014cc   0x000014cc   0x00000040   Code   RO         2785    i.SystemInit        system_s32k142.o
    0x0000150c   0x0000150c   0x00000040   Code   RO         2138    i.chip_apply_conf   nmasic.o
    0x0000154c   0x0000154c   0x000000a4   Code   RO         2139    i.chip_deinit       nmasic.o
    0x000015f0   0x000015f0   0x00000080   Code   RO         2143    i.chip_sleep        nmasic.o
    0x00001670   0x00001670   0x00000124   Code   RO         2144    i.chip_wake         nmasic.o
    0x00001794   0x00001794   0x00000022   Code   RO         2446    i.crc7              nmspi.o
    0x000017b6   0x000017b6   0x00000002   PAD
    0x000017b8   0x000017b8   0x00000010   Code   RO         2447    i.crc7_byte         nmspi.o
    0x000017c8   0x000017c8   0x00000030   Code   RO          512    i.deQueue           nxpqueue.o
    0x000017f8   0x000017f8   0x00000036   Code   RO          513    i.deQueueCan        nxpqueue.o
    0x0000182e   0x0000182e   0x0000003a   Code   RO          516    i.enQueue           nxpqueue.o
    0x00001868   0x00001868   0x00000042   Code   RO          517    i.enQueueCan        nxpqueue.o
    0x000018aa   0x000018aa   0x0000005e   Code   RO         2147    i.enable_interrupts  nmasic.o
    0x00001908   0x00001908   0x00000016   Code   RO          518    i.getQueueLen       nxpqueue.o
    0x0000191e   0x0000191e   0x00000002   PAD
    0x00001920   0x00001920   0x00000038   Code   RO         1285    i.hif_chip_sleep    m2m_hif.o
    0x00001958   0x00001958   0x0000001c   Code   RO         1286    i.hif_chip_sleep_sc  m2m_hif.o
    0x00001974   0x00001974   0x00000038   Code   RO         1287    i.hif_chip_wake     m2m_hif.o
    0x000019ac   0x000019ac   0x000000ec   Code   RO         1290    i.hif_handle_isr    m2m_hif.o
    0x00001a98   0x00001a98   0x0000002c   Code   RO         1291    i.hif_init          m2m_hif.o
    0x00001ac4   0x00001ac4   0x00000558   Code   RO         1292    i.hif_isr           m2m_hif.o
    0x0000201c   0x0000201c   0x00000128   Code   RO         1293    i.hif_receive       m2m_hif.o
    0x00002144   0x00002144   0x00000098   Code   RO         1294    i.hif_register_cb   m2m_hif.o
    0x000021dc   0x000021dc   0x000002c8   Code   RO         1295    i.hif_send          m2m_hif.o
    0x000024a4   0x000024a4   0x00000044   Code   RO         1296    i.hif_set_rx_done   m2m_hif.o
    0x000024e8   0x000024e8   0x00000022   Code   RO          520    i.initQueue         nxpqueue.o
    0x0000250a   0x0000250a   0x0000003a   Code   RO         1068    i.init_chip_pins    nm_bsp.o
    0x00002544   0x00002544   0x00000054   Code   RO         2749    i.init_data_bss     startup.o
    0x00002598   0x00002598   0x00000012   Code   RO          522    i.isEmpityQueue     nxpqueue.o
    0x000025aa   0x000025aa   0x00000012   Code   RO          523    i.isEmpityQueueCan  nxpqueue.o
    0x000025bc   0x000025bc   0x0000001e   Code   RO          524    i.isFullQueue       nxpqueue.o
    0x000025da   0x000025da   0x0000001e   Code   RO          525    i.isFullQueueCan    nxpqueue.o
    0x000025f8   0x000025f8   0x00000010   Code   RO         1299    i.isr               m2m_hif.o
    0x00002608   0x00002608   0x00000010   Code   RO         1069    i.m2mStub_EintDisable  nm_bsp.o
    0x00002618   0x00002618   0x00000030   Code   RO         1070    i.m2mStub_EintEnable  nm_bsp.o
    0x00002648   0x00002648   0x00000010   Code   RO         1300    i.m2m_EintHandler   m2m_hif.o
    0x00002658   0x00002658   0x00000002   Code   RO         1301    i.m2m_hif_cb        m2m_hif.o
    0x0000265a   0x0000265a   0x00000018   Code   RO         1207    i.m2m_memcpy        nm_common.o
    0x00002672   0x00002672   0x00000014   Code   RO         1208    i.m2m_memset        nm_common.o
    0x00002686   0x00002686   0x00000014   Code   RO         1209    i.m2m_strlen        nm_common.o
    0x0000269a   0x0000269a   0x00000002   PAD
    0x0000269c   0x0000269c   0x000002bc   Code   RO         1662    i.m2m_validate_ap_parameters  m2m_wifi.o
    0x00002958   0x00002958   0x00000314   Code   RO         1664    i.m2m_wifi_cb       m2m_wifi.o
    0x00002c6c   0x00002c6c   0x00000038   Code   RO         1682    i.m2m_wifi_enable_ap  m2m_wifi.o
    0x00002ca4   0x00002ca4   0x0000002c   Code   RO         1683    i.m2m_wifi_enable_ap_ext  m2m_wifi.o
    0x00002cd0   0x00002cd0   0x0000000a   Code   RO         1696    i.m2m_wifi_handle_events  m2m_wifi.o
    0x00002cda   0x00002cda   0x0000001a   Code   RO         1697    i.m2m_wifi_init     m2m_wifi.o
    0x00002cf4   0x00002cf4   0x0000001c   Code   RO         1698    i.m2m_wifi_init_hold  m2m_wifi.o
    0x00002d10   0x00002d10   0x00000228   Code   RO         1699    i.m2m_wifi_init_start  m2m_wifi.o
    0x00002f38   0x00002f38   0x00000114   Code   RO            7    i.main              main.o
    0x0000304c   0x0000304c   0x0000001c   Code   RO         1072    i.nm_bsp_init       nm_bsp.o
    0x00003068   0x00003068   0x00000016   Code   RO         1073    i.nm_bsp_interrupt_ctrl  nm_bsp.o
    0x0000307e   0x0000307e   0x00000002   PAD
    0x00003080   0x00003080   0x00000014   Code   RO         1074    i.nm_bsp_register_isr  nm_bsp.o
    0x00003094   0x00003094   0x0000003e   Code   RO         1075    i.nm_bsp_reset      nm_bsp.o
    0x000030d2   0x000030d2   0x00000014   Code   RO         1076    i.nm_bsp_sleep      nm_bsp.o
    0x000030e6   0x000030e6   0x00000004   Code   RO         1164    i.nm_bus_deinit     nm_bus_wrapper.o
    0x000030ea   0x000030ea   0x0000000e   Code   RO         2288    i.nm_bus_iface_deinit  nmbus.o
    0x000030f8   0x000030f8   0x00000012   Code   RO         2289    i.nm_bus_iface_init  nmbus.o
    0x0000310a   0x0000310a   0x00000006   Code   RO         1165    i.nm_bus_init       nm_bus_wrapper.o
    0x00003110   0x00003110   0x00000078   Code   RO         1166    i.nm_bus_ioctl      nm_bus_wrapper.o
    0x00003188   0x00003188   0x0000000a   Code   RO         2291    i.nm_bus_reset      nmbus.o
    0x00003192   0x00003192   0x00000002   PAD
    0x00003194   0x00003194   0x000000f8   Code   RO         2374    i.nm_drv_deinit     nmdrv.o
    0x0000328c   0x0000328c   0x000000ac   Code   RO         2377    i.nm_drv_init_hold  nmdrv.o
    0x00003338   0x00003338   0x000000ac   Code   RO         2378    i.nm_drv_init_start  nmdrv.o
    0x000033e4   0x000033e4   0x000000d4   Code   RO         2379    i.nm_get_firmware_full_info  nmdrv.o
    0x000034b8   0x000034b8   0x00000058   Code   RO         2292    i.nm_read_block     nmbus.o
    0x00003510   0x00003510   0x0000000c   Code   RO         2293    i.nm_read_reg       nmbus.o
    0x0000351c   0x0000351c   0x00000010   Code   RO         2294    i.nm_read_reg_with_ret  nmbus.o
    0x0000352c   0x0000352c   0x0000000c   Code   RO         2448    i.nm_spi_deinit     nmspi.o
    0x00003538   0x00003538   0x000001a0   Code   RO         2449    i.nm_spi_init       nmspi.o
    0x000036d8   0x000036d8   0x000001f4   Code   RO         2450    i.nm_spi_read       nmspi.o
    0x000038cc   0x000038cc   0x00000028   Code   RO         2451    i.nm_spi_read_block  nmspi.o
    0x000038f4   0x000038f4   0x00000010   Code   RO         2452    i.nm_spi_read_reg   nmspi.o
    0x00003904   0x00003904   0x00000020   Code   RO         2453    i.nm_spi_read_reg_with_ret  nmspi.o
    0x00003924   0x00003924   0x0000001c   Code   RO         2454    i.nm_spi_reset      nmspi.o
    0x00003940   0x00003940   0x00000208   Code   RO         2455    i.nm_spi_write      nmspi.o
    0x00003b48   0x00003b48   0x00000028   Code   RO         2456    i.nm_spi_write_block  nmspi.o
    0x00003b70   0x00003b70   0x00000020   Code   RO         2457    i.nm_spi_write_reg  nmspi.o
    0x00003b90   0x00003b90   0x00000058   Code   RO         2295    i.nm_write_block    nmbus.o
    0x00003be8   0x00003be8   0x00000010   Code   RO         2296    i.nm_write_reg      nmbus.o
    0x00003bf8   0x00003bf8   0x000000bc   Code   RO         2149    i.nmi_get_chipid    nmasic.o
    0x00003cb4   0x00003cb4   0x0000001a   Code   RO         2458    i.nmi_spi_read      nmspi.o
    0x00003cce   0x00003cce   0x0000001a   Code   RO         2459    i.nmi_spi_write     nmspi.o
    0x00003ce8   0x00003ce8   0x00000030   Code   RO          995    i.nxpPrintf         printf.o
    0x00003d18   0x00003d18   0x00000018   Code   RO          996    i.out_char          printf.o
    0x00003d30   0x00003d30   0x00000014   Code   RO         2297    i.p_nm_read_block   nmbus.o
    0x00003d44   0x00003d44   0x00000014   Code   RO         2298    i.p_nm_write_block  nmbus.o
    0x00003d58   0x00003d58   0x00000484   Code   RO          997    i.printk            printf.o
    0x000041dc   0x000041dc   0x0000008c   Code   RO          998    i.printk_mknumstr   printf.o
    0x00004268   0x00004268   0x00000026   Code   RO          999    i.printk_pad_space  printf.o
    0x0000428e   0x0000428e   0x00000026   Code   RO         1000    i.printk_pad_zero   printf.o
    0x000042b4   0x000042b4   0x00000034   Code   RO         1001    i.printk_putc       printf.o
    0x000042e8   0x000042e8   0x00000210   Code   RO         2460    i.spi_cmd           nmspi.o
    0x000044f8   0x000044f8   0x000000f4   Code   RO         2461    i.spi_cmd_rsp       nmspi.o
    0x000045ec   0x000045ec   0x00000214   Code   RO         2462    i.spi_data_read     nmspi.o
    0x00004800   0x00004800   0x000000f0   Code   RO         2463    i.spi_data_rsp      nmspi.o
    0x000048f0   0x000048f0   0x000001cc   Code   RO         2464    i.spi_data_write    nmspi.o
    0x00004abc   0x00004abc   0x0000006e   Code   RO         2465    i.spi_init_pkt_sz   nmspi.o
    0x00004b2a   0x00004b2a   0x00000002   PAD
    0x00004b2c   0x00004b2c   0x000001e4   Code   RO         2466    i.spi_read_reg      nmspi.o
    0x00004d10   0x00004d10   0x00000128   Code   RO         1167    i.spi_rw            nm_bus_wrapper.o
    0x00004e38   0x00004e38   0x00000184   Code   RO         2467    i.spi_write_reg     nmspi.o
    0x00004fbc   0x00004fbc   0x00000218   Code   RO          906    i.uartInit          uart.o
    0x000051d4   0x000051d4   0x00000140   Code   RO         2159    i.wait_for_bootrom  nmasic.o
    0x00005314   0x00005314   0x00000078   Code   RO         2160    i.wait_for_firmware_start  nmasic.o
    0x0000538c   0x0000538c   0x00000020   Code   RO            8    i.wifi_cb           main.o
    0x000053ac   0x000053ac   0x00000150   Code   RO         2906    x$fpl$dadd          fz_wm.l(daddsub_clz.o)
    0x000054fc   0x000054fc   0x000002b0   Code   RO         2913    x$fpl$ddiv          fz_wm.l(ddiv.o)
    0x000057ac   0x000057ac   0x0000005e   Code   RO         2916    x$fpl$dfix          fz_wm.l(dfix.o)
    0x0000580a   0x0000580a   0x0000002e   Code   RO         2921    x$fpl$dflt          fz_wm.l(dflt_clz.o)
    0x00005838   0x00005838   0x00000026   Code   RO         2920    x$fpl$dfltu         fz_wm.l(dflt_clz.o)
    0x0000585e   0x0000585e   0x0000009c   Code   RO         3096    x$fpl$dnaninf       fz_wm.l(dnaninf.o)
    0x000058fa   0x000058fa   0x0000000c   Code   RO         3098    x$fpl$dretinf       fz_wm.l(dretinf.o)
    0x00005906   0x00005906   0x00000002   PAD
    0x00005908   0x00005908   0x000001d4   Code   RO         2908    x$fpl$dsub          fz_wm.l(daddsub_clz.o)
    0x00005adc   0x00005adc   0x0000000a   Code   RO         3185    x$fpl$fpinit        fz_wm.l(fpinit.o)
    0x00005ae6   0x00005ae6   0x00000000   Code   RO         3108    x$fpl$usenofp       fz_wm.l(usenofp.o)
    0x00005ae6   0x00005ae6   0x00000002   PAD
    0x00005ae8   0x00005ae8   0x00000024   Data   RO          914    .constdata          uart.o
    0x00005b0c   0x00005b0c   0x0000000d   Data   RO         1169    .constdata          nm_bus_wrapper.o
    0x00005b19   0x00005b19   0x0000003c   Data   RO         1303    .constdata          m2m_hif.o
    0x00005b55   0x00005b55   0x000000d5   Data   RO         1738    .constdata          m2m_wifi.o
    0x00005c2a   0x00005c2a   0x00000022   Data   RO         2161    .constdata          nmasic.o
    0x00005c4c   0x00005c4c   0x0000004b   Data   RO         2382    .constdata          nmdrv.o
    0x00005c97   0x00005c97   0x0000017e   Data   RO         2468    .constdata          nmspi.o
    0x00005e15   0x00005e15   0x00000003   PAD
    0x00005e18   0x00005e18   0x00000004   Data   RO         2750    .constdata          startup.o
    0x00005e1c   0x00005e1c   0x000000d7   Data   RO         1304    .conststring        m2m_hif.o
    0x00005ef3   0x00005ef3   0x00000001   PAD
    0x00005ef4   0x00005ef4   0x00000050   Data   RO         2469    .conststring        nmspi.o
    0x00005f44   0x00005f44   0x00000030   Data   RO         3375    Region$$Table       anon$$obj.o


    Execution Region RW_m_data (Exec base: 0x1fffc000, Load base: 0x00005f74, Size: 0x00001a9c, Max: 0x00004000, ABSOLUTE)

    Exec Addr    Load Addr    Size         Type   Attr      Idx    E Section Name        Object

    0x1fffc000   0x00005f74   0x00000030   Data   RW          138    .data               canbus.o
    0x1fffc030   0x00005fa4   0x0000001d   Data   RW          675    .data               spi.o
    0x1fffc04d   0x00005fc1   0x00000003   PAD
    0x1fffc050   0x00005fc4   0x00000024   Data   RW          788    .data               timer.o
    0x1fffc074   0x00005fe8   0x0000002c   Data   RW          915    .data               uart.o
    0x1fffc0a0   0x00006014   0x00000004   Data   RW         1077    .data               nm_bsp.o
    0x1fffc0a4   0x00006018   0x0000000c   Data   RW         1170    .data               nm_bus_wrapper.o
    0x1fffc0b0   0x00006024   0x00000004   Data   RW         1305    .data               m2m_hif.o
    0x1fffc0b4   0x00006028   0x00000008   Data   RW         1739    .data               m2m_wifi.o
    0x1fffc0bc   0x00006030   0x00000004   Data   RW         2162    .data               nmasic.o
    0x1fffc0c0   0x00006034   0x00000011   Data   RW         2470    .data               nmspi.o
    0x1fffc0d1   0x00006045   0x00000003   PAD
    0x1fffc0d4        -       0x0000003c   Zero   RW          137    .bss                canbus.o
    0x1fffc110        -       0x00000820   Zero   RW          674    .bss                spi.o
    0x1fffc930        -       0x000000a0   Zero   RW          787    .bss                timer.o
    0x1fffc9d0        -       0x00001040   Zero   RW          913    .bss                uart.o
    0x1fffda10        -       0x0000002c   Zero   RW         1302    .bss                m2m_hif.o
    0x1fffda3c        -       0x00000060   Zero   RW         3112    .bss                c_w.l(libspace.o)


    Execution Region RW_m_data_2 (Exec base: 0x20000000, Load base: 0x00006048, Size: 0x000004c8, Max: 0x00002800, ABSOLUTE)

    Exec Addr    Load Addr    Size         Type   Attr      Idx    E Section Name        Object

    0x20000000        -       0x000004c8   Zero   RW         1168    .bss                nm_bus_wrapper.o


    Execution Region ARM_LIB_HEAP (Exec base: 0x200004c8, Load base: 0x00006048, Size: 0x00000400, Max: 0x00000400, ABSOLUTE)

    Exec Addr    Load Addr    Size         Type   Attr      Idx    E Section Name        Object

    0x200004c8        -       0x00000400   Zero   RW            1    ARM_LIB_HEAP.bss    anon$$obj.o


    Execution Region ARM_LIB_STACK (Exec base: 0x20002c00, Load base: 0x00006048, Size: 0x00000400, Max: 0x00000400, ABSOLUTE)

    Exec Addr    Load Addr    Size         Type   Attr      Idx    E Section Name        Object

    0x20002c00        -       0x00000400   Zero   RW            2    ARM_LIB_STACK.bss   anon$$obj.o



  Load Region LR_m_interrupts (Base: 0x00000000, Size: 0x00000400, Max: 0x00000400, ABSOLUTE)

    Execution Region VECTOR_RAM (Exec base: 0x00000000, Load base: 0x00000000, Size: 0x00000000, Max: 0x00000000, ABSOLUTE)

    Exec Addr    Load Addr    Size         Type   Attr      Idx    E Section Name        Object

    0x00000000        -       0x00000000   Zero   RW            3    VECTOR_RAM.bss      anon$$obj.o


    Execution Region VECTOR_ROM (Exec base: 0x00000000, Load base: 0x00000000, Size: 0x00000400, Max: 0x00000400, ABSOLUTE)

    Exec Addr    Load Addr    Size         Type   Attr      Idx    E Section Name        Object

    0x00000000   0x00000000   0x00000400   Data   RO         2775    RESET               startup_s32k142.o



  Load Region LR_m_flash_config (Base: 0x00000400, Size: 0x00000010, Max: 0x00000010, ABSOLUTE)

    Execution Region ER_m_flash_config (Exec base: 0x00000400, Load base: 0x00000400, Size: 0x00000010, Max: 0x00000010, ABSOLUTE)

    Exec Addr    Load Addr    Size         Type   Attr      Idx    E Section Name        Object

    0x00000400   0x00000400   0x00000010   Data   RO         2776    FlashConfig         startup_s32k142.o


==============================================================================

Image component sizes


      Code (inc. data)   RO Data    RW Data    ZI Data      Debug   Object Name

       412         32          0         48         60       4201   canbus.o
       208         28          0          0          0       1498   clocks_and_modes.o
       636         58          0          0          0       1859   gpio.o
         0          0          0          0          0       2665   m2m_crypto.o
      3050        936        275          4         44      11223   m2m_hif.o
      2204        598        213          8          0      13568   m2m_wifi.o
       308        108          0          0          0      32355   main.o
       318         44          0          4          0       4804   nm_bsp.o
       426        116         13         12       1224       5710   nm_bus_wrapper.o
        64          0          0          0          0       2179   nm_common.o
      1370        222         34          4          0       7273   nmasic.o
       302          8          0          0          0       6778   nmbus.o
       804        274         75          0          0       4191   nmdrv.o
      4724       1660        462         17          0      18610   nmspi.o
       378          0          0          0          0       6346   nxpqueue.o
      1496         30          0          0          0       7732   printf.o
       956         96          0         29       2080       5075   spi.o
        84         16          4          0          0       1941   startup.o
        56         18       1040          0          0        860   startup_s32k142.o
        64         16          0          0          0        521   system_s32k142.o
       356         78          0         36        160       2743   timer.o
       936        150         36         44       4160       3819   uart.o

    ----------------------------------------------------------------------
     19164       4488       2204        212       9776     145951   Object Totals
         0          0         48          0       2048          0   (incl. Generated)
        12          0          4          6          0          0   (incl. Padding)

    ----------------------------------------------------------------------

      Code (inc. data)   RO Data    RW Data    ZI Data      Debug   Library Member Name

         8          0          0          0          0         68   __main.o
         0          0          0          0          0          0   __rtentry.o
        12          0          0          0          0          0   __rtentry2.o
         8          4          0          0          0          0   __rtentry7.o
        52          8          0          0          0          0   __scatter.o
        26          0          0          0          0          0   __scatter_copy.o
        28          0          0          0          0          0   __scatter_zi.o
        10          0          0          0          0         68   defsig_exit.o
        50          0          0          0          0         88   defsig_general.o
        80         58          0          0          0         76   defsig_rtmem_inner.o
        14          0          0          0          0         80   defsig_rtmem_outer.o
        18          0          0          0          0         80   exit.o
        94          0          0          0          0         80   h1_alloc.o
        52          0          0          0          0         68   h1_extend.o
        78          0          0          0          0         80   h1_free.o
        14          0          0          0          0         84   h1_init.o
         4          0          0          0          0        136   hguard.o
         0          0          0          0          0          0   indicate_semi.o
       138          0          0          0          0        168   init_alloc.o
         2          0          0          0          0          0   libinit.o
         6          0          0          0          0          0   libinit2.o
        16          8          0          0          0          0   libinit5.o
         2          0          0          0          0          0   libshutdown.o
         2          0          0          0          0          0   libshutdown2.o
         0          0          0          0         96          0   libspace.o
         0          0          0          0          0          0   maybetermalloc1.o
         8          4          0          0          0         68   rt_heap_descriptor_intlibspace.o
        78          0          0          0          0         80   rt_memclr_w.o
       138          0          0          0          0         68   rt_memcpy_v6.o
       100          0          0          0          0         80   rt_memcpy_w.o
         2          0          0          0          0          0   rtexit.o
        10          0          0          0          0          0   rtexit2.o
        72          0          0          0          0         80   strcpy.o
        62          0          0          0          0         76   strlen.o
        12          4          0          0          0         68   sys_exit.o
        14          0          0          0          0         76   sys_wrch.o
         2          0          0          0          0         68   use_no_semi.o
       804         16          0          0          0        368   daddsub_clz.o
       688        140          0          0          0        256   ddiv.o
        94          4          0          0          0        140   dfix.o
        84          0          0          0          0        232   dflt_clz.o
       156          4          0          0          0        140   dnaninf.o
        12          0          0          0          0        116   dretinf.o
        10          0          0          0          0        116   fpinit.o
         0          0          0          0          0          0   usenofp.o

    ----------------------------------------------------------------------
      3068        250          0          0         96       3108   Library Totals
         8          0          0          0          0          0   (incl. Padding)

    ----------------------------------------------------------------------

      Code (inc. data)   RO Data    RW Data    ZI Data      Debug   Library Name

      1212         86          0          0         96       1740   c_w.l
      1848        164          0          0          0       1368   fz_wm.l

    ----------------------------------------------------------------------
      3068        250          0          0         96       3108   Library Totals

    ----------------------------------------------------------------------

==============================================================================


      Code (inc. data)   RO Data    RW Data    ZI Data      Debug   

     22232       4738       2204        212       9872     135775   Grand Totals
     22232       4738       2204        212       9872     135775   ELF Image Totals
     22232       4738       2204        212          0          0   ROM Totals

==============================================================================

    Total RO  Size (Code + RO Data)                24436 (  23.86kB)
    Total RW  Size (RW Data + ZI Data)             10084 (   9.85kB)
    Total ROM Size (Code + RO Data + RW Data)      24648 (  24.07kB)

==============================================================================

