Component: ARM Compiler 5.06 update 6 (build 750) Tool: armlink [4d35ed]

==============================================================================

Section Cross References

    main.o(i.main) refers to clocks_and_modes.o(i.SOSC_init_8MHz) for SOSC_init_8MHz
    main.o(i.main) refers to clocks_and_modes.o(i.SPLL_init_160MHz) for SPLL_init_160MHz
    main.o(i.main) refers to clocks_and_modes.o(i.NormalRUNmode_80MHz) for NormalRUNmode_80MHz
    main.o(i.main) refers to spi.o(i.SpiInitMaster) for SpiInitMaster
    main.o(i.main) refers to nm_bsp.o(i.nm_bsp_init) for nm_bsp_init
    main.o(i.main) refers to rt_memclr_w.o(.text) for __aeabi_memclr4
    main.o(i.main) refers to uart.o(i.uartInit) for uartInit
    main.o(i.main) refers to m2m_wifi.o(i.m2m_wifi_init) for m2m_wifi_init
    main.o(i.main) refers to socket.o(i.socketInit) for socketInit
    main.o(i.main) refers to socket.o(i.registerSocketCallback) for registerSocketCallback
    main.o(i.main) refers to strcpy.o(.text) for strcpy
    main.o(i.main) refers to m2m_wifi.o(i.m2m_wifi_enable_ap) for m2m_wifi_enable_ap
    main.o(i.main) refers to printf.o(i.nxpPrintf) for nxpPrintf
    main.o(i.main) refers to m2m_wifi.o(i.m2m_wifi_handle_events) for m2m_wifi_handle_events
    main.o(i.main) refers to socket.o(i.socket) for socket
    main.o(i.main) refers to socket.o(i.bind) for bind
    main.o(i.main) refers to main.o(i.wifi_cb) for wifi_cb
    main.o(i.main) refers to main.o(i.socket_cb) for socket_cb
    main.o(i.main) refers to main.o(.data) for wifi_connected
    main.o(i.socket_cb) refers to printf.o(i.nxpPrintf) for nxpPrintf
    main.o(i.socket_cb) refers to socket.o(i.listen) for listen
    main.o(i.socket_cb) refers to socket.o(i.close) for close
    main.o(i.socket_cb) refers to socket.o(i.accept) for accept
    main.o(i.socket_cb) refers to socket.o(i.recv) for recv
    main.o(i.socket_cb) refers to rt_memclr.o(.text) for __aeabi_memclr
    main.o(i.socket_cb) refers to socket.o(i.send) for send
    main.o(i.socket_cb) refers to main.o(.data) for tcp_server_socket
    main.o(i.socket_cb) refers to main.o(.bss) for gau8SocketTestBuffer
    main.o(i.wifi_cb) refers to printf.o(i.nxpPrintf) for nxpPrintf
    main.o(i.wifi_cb) refers to m2m_wifi.o(i.m2m_wifi_request_dhcp_client) for m2m_wifi_request_dhcp_client
    main.o(i.wifi_cb) refers to main.o(.data) for wifi_connected
    canbus.o(i.CAN0_ORed_0_15_MB_IRQHandler) refers to canbus.o(i.Canbus0Recv) for Canbus0Recv
    canbus.o(i.CAN0_ORed_16_31_MB_IRQHandler) refers to canbus.o(i.Canbus0Recv) for Canbus0Recv
    canbus.o(i.Canbus0Init) refers to canbus.o(i.canbusParaInit) for canbusParaInit
    canbus.o(i.Canbus0Init) refers to canbus.o(.data) for canbusBaudrate
    canbus.o(i.Canbus0Init) refers to canbus.o(.bss) for str_baudParameter
    canbus.o(i.Canbus0Recv) refers to nxpqueue.o(i.enQueueCan) for enQueueCan
    canbus.o(i.Canbus0Recv) refers to canbus.o(.data) for RxCODE
    canbus.o(i.Canbus0Recv) refers to canbus.o(.bss) for str_elemType0
    canbus.o(i.canbus0ReadIrq) refers to nxpqueue.o(i.deQueueCan) for deQueueCan
    canbus.o(i.canbus0ReadIrq) refers to nxpqueue.o(i.getQueueLenCan) for getQueueLenCan
    canbus.o(i.canbus0ReadIrq) refers to canbus.o(.bss) for str_canbusQueue0
    canbus.o(i.canbusParaInit) refers to nxpqueue.o(i.initQueueCan) for initQueueCan
    canbus.o(i.canbusParaInit) refers to canbus.o(.bss) for str_baudParameter
    canbus.o(i.canbusParaInit) refers to canbus.o(.data) for queueMaxSize
    flash_driver.o(i.FLASH_DRV_DEFlashPartition) refers to flash_driver.o(i.FLASH_DRV_CommandSequence) for FLASH_DRV_CommandSequence
    flash_driver.o(i.FLASH_DRV_EEEWrite) refers to flash_driver.o(i.FLASH_DRV_WaitEEWriteToFinish) for FLASH_DRV_WaitEEWriteToFinish
    flash_driver.o(i.FLASH_DRV_EraseAllBlock) refers to flash_driver.o(i.FLASH_DRV_CommandSequence) for FLASH_DRV_CommandSequence
    flash_driver.o(i.FLASH_DRV_EraseAllBlockUnsecure) refers to flash_driver.o(i.FLASH_DRV_CommandSequence) for FLASH_DRV_CommandSequence
    flash_driver.o(i.FLASH_DRV_EraseBlock) refers to flash_driver.o(i.FLASH_DRV_CommandSequence) for FLASH_DRV_CommandSequence
    flash_driver.o(i.FLASH_DRV_EraseSector) refers to flash_driver.o(i.FLASH_DRV_CommandSequence) for FLASH_DRV_CommandSequence
    flash_driver.o(i.FLASH_DRV_Init) refers to flash_driver.o(i.FLASH_DRV_GetDEPartitionCode) for FLASH_DRV_GetDEPartitionCode
    flash_driver.o(i.FLASH_DRV_Program) refers to flash_driver.o(i.FLASH_DRV_CommandSequence) for FLASH_DRV_CommandSequence
    flash_driver.o(i.FLASH_DRV_ProgramCheck) refers to flash_driver.o(i.FLASH_DRV_CommandSequence) for FLASH_DRV_CommandSequence
    flash_driver.o(i.FLASH_DRV_ProgramOnce) refers to flash_driver.o(i.FLASH_DRV_CommandSequence) for FLASH_DRV_CommandSequence
    flash_driver.o(i.FLASH_DRV_ProgramSection) refers to flash_driver.o(i.FLASH_DRV_CommandSequence) for FLASH_DRV_CommandSequence
[...]
    spi_data_read                            0x00005219   Thumb Code   290  nmspi.o(i.spi_data_read)
    i.spi_data_rsp                           0x0000542c   Section        0  nmspi.o(i.spi_data_rsp)
    spi_data_rsp                             0x0000542d   Thumb Code   128  nmspi.o(i.spi_data_rsp)
    i.spi_data_write                         0x0000551c   Section        0  nmspi.o(i.spi_data_write)
    spi_data_write                           0x0000551d   Thumb Code   258  nmspi.o(i.spi_data_write)
    i.spi_init_pkt_sz                        0x000056e8   Section        0  nmspi.o(i.spi_init_pkt_sz)
    spi_init_pkt_sz                          0x000056e9   Thumb Code   110  nmspi.o(i.spi_init_pkt_sz)
    i.spi_read_reg                           0x00005758   Section        0  nmspi.o(i.spi_read_reg)
    spi_read_reg                             0x00005759   Thumb Code   304  nmspi.o(i.spi_read_reg)
    i.spi_rw                                 0x0000593c   Section        0  nm_bus_wrapper.o(i.spi_rw)
    spi_rw                                   0x0000593d   Thumb Code   204  nm_bus_wrapper.o(i.spi_rw)
    i.spi_write_reg                          0x00005a0c   Section        0  nmspi.o(i.spi_write_reg)
    spi_write_reg                            0x00005a0d   Thumb Code   230  nmspi.o(i.spi_write_reg)
    i.uartInit                               0x00005b90   Section        0  uart.o(i.uartInit)
    i.wait_for_bootrom                       0x00005da8   Section        0  nmasic.o(i.wait_for_bootrom)
    i.wait_for_firmware_start                0x00005ee8   Section        0  nmasic.o(i.wait_for_firmware_start)
    i.wifi_cb                                0x00005f60   Section        0  main.o(i.wifi_cb)
    wifi_cb                                  0x00005f61   Thumb Code    86  main.o(i.wifi_cb)
    x$fpl$dadd                               0x00006068   Section      336  daddsub_clz.o(x$fpl$dadd)
    $v0                                      0x00006068   Number         0  daddsub_clz.o(x$fpl$dadd)
    _dadd1                                   0x00006079   Thumb Code     0  daddsub_clz.o(x$fpl$dadd)
    x$fpl$ddiv                               0x000061b8   Section      688  ddiv.o(x$fpl$ddiv)
    $v0                                      0x000061b8   Number         0  ddiv.o(x$fpl$ddiv)
    ddiv_entry                               0x000061bf   Thumb Code     0  ddiv.o(x$fpl$ddiv)
    x$fpl$dfix                               0x00006468   Section       94  dfix.o(x$fpl$dfix)
    $v0                                      0x00006468   Number         0  dfix.o(x$fpl$dfix)
    x$fpl$dflt                               0x000064c6   Section       46  dflt_clz.o(x$fpl$dflt)
    $v0                                      0x000064c6   Number         0  dflt_clz.o(x$fpl$dflt)
    x$fpl$dfltu                              0x000064f4   Section       38  dflt_clz.o(x$fpl$dfltu)
    $v0                                      0x000064f4   Number         0  dflt_clz.o(x$fpl$dfltu)
    x$fpl$dnaninf                            0x0000651a   Section      156  dnaninf.o(x$fpl$dnaninf)
    $v0                                      0x0000651a   Number         0  dnaninf.o(x$fpl$dnaninf)
    x$fpl$dretinf                            0x000065b6   Section       12  dretinf.o(x$fpl$dretinf)
    $v0                                      0x000065b6   Number         0  dretinf.o(x$fpl$dretinf)
    x$fpl$dsub                               0x000065c4   Section      468  daddsub_clz.o(x$fpl$dsub)
    $v0                                      0x000065c4   Number         0  daddsub_clz.o(x$fpl$dsub)
    _dsub1                                   0x000065d5   Thumb Code     0  daddsub_clz.o(x$fpl$dsub)
    x$fpl$fpinit                             0x00006798   Section       10  fpinit.o(x$fpl$fpinit)
    $v0                                      0x00006798   Number         0  fpinit.o(x$fpl$fpinit)
    x$fpl$usenofp                            0x000067a2   Section        0  usenofp.o(x$fpl$usenofp)
    .constdata                               0x000067a4   Section       36  uart.o(.constdata)
    .constdata                               0x000067c8   Section       13  nm_bus_wrapper.o(.constdata)
    __FUNCTION__                             0x000067c8   Data          13  nm_bus_wrapper.o(.constdata)
    .constdata                               0x000067d5   Section       60  m2m_hif.o(.constdata)
    __FUNCTION__                             0x000067d5   Data           9  m2m_hif.o(.constdata)
    __FUNCTION__                             0x000067de   Data           8  m2m_hif.o(.constdata)
    __FUNCTION__                             0x000067e6   Data          15  m2m_hif.o(.constdata)
    __FUNCTION__                             0x000067f5   Data          12  m2m_hif.o(.constdata)
    __FUNCTION__                             0x00006801   Data          16  m2m_hif.o(.constdata)
    .constdata                               0x00006811   Section      213  m2m_wifi.o(.constdata)
    __FUNCTION__                             0x00006811   Data          12  m2m_wifi.o(.constdata)
    __FUNCTION__                             0x0000681d   Data          27  m2m_wifi.o(.constdata)
    __FUNCTION__                             0x00006838   Data          26  m2m_wifi.o(.constdata)
    __FUNCTION__                             0x00006852   Data          20  m2m_wifi.o(.constdata)
    __FUNCTION__                             0x00006866   Data          25  m2m_wifi.o(.constdata)
    __FUNCTION__                             0x0000687f   Data          25  m2m_wifi.o(.constdata)
    __FUNCTION__                             0x00006898   Data          13  m2m_wifi.o(.constdata)
    __FUNCTION__                             0x000068a5   Data          34  m2m_wifi.o(.constdata)
    __FUNCTION__                             0x000068c7   Data          31  m2m_wifi.o(.constdata)
    .constdata                               0x000068e6   Section       34  nmasic.o(.constdata)
    __FUNCTION__                             0x000068e6   Data          10  nmasic.o(.constdata)
    __FUNCTION__                             0x000068f0   Data          12  nmasic.o(.constdata)
    __FUNCTION__                             0x000068fc   Data          12  nmasic.o(.constdata)
    .constdata                               0x00006908   Section       75  nmdrv.o(.constdata)
    __FUNCTION__                             0x00006908   Data          26  nmdrv.o(.constdata)
    __FUNCTION__                             0x00006922   Data          17  nmdrv.o(.constdata)
    __FUNCTION__                             0x00006933   Data          18  nmdrv.o(.constdata)
    __FUNCTION__                             0x00006945   Data          14  nmdrv.o(.constdata)
    .constdata                               0x00006953   Section      382  nmspi.o(.constdata)
    crc7_syndrome_table                      0x00006953   Data         256  nmspi.o(.constdata)
    __FUNCTION__                             0x00006a53   Data           8  nmspi.o(.constdata)
    __FUNCTION__                             0x00006a5b   Data          13  nmspi.o(.constdata)
    __FUNCTION__                             0x00006a68   Data          12  nmspi.o(.constdata)
    __FUNCTION__                             0x00006a74   Data          14  nmspi.o(.constdata)
    __FUNCTION__                             0x00006a82   Data          15  nmspi.o(.constdata)
    __FUNCTION__                             0x00006a91   Data          14  nmspi.o(.constdata)
    __FUNCTION__                             0x00006a9f   Data          13  nmspi.o(.constdata)
    __FUNCTION__                             0x00006aac   Data          13  nmspi.o(.constdata)
    __FUNCTION__                             0x00006ab9   Data          12  nmspi.o(.constdata)
    __FUNCTION__                             0x00006ac5   Data          12  nmspi.o(.constdata)
    .constdata                               0x00006ad4   Section        4  startup.o(.constdata)
    .conststring                             0x00006ad8   Section      215  m2m_hif.o(.conststring)
    .conststring                             0x00006bb0   Section       80  nmspi.o(.conststring)
    .data                                    0x1fffc000   Section       28  main.o(.data)
    msg_wifi_product                         0x1fffc000   Data           9  main.o(.data)
    msg_wifi_product_main                    0x1fffc009   Data           9  main.o(.data)
    packetCnt                                0x1fffc012   Data           1  main.o(.data)
    wifi_connected                           0x1fffc015   Data           1  main.o(.data)
    tcp_server_socket                        0x1fffc016   Data           1  main.o(.data)
    tcp_client_socket                        0x1fffc017   Data           1  main.o(.data)
    .data                                    0x1fffc01c   Section       36  timer.o(.data)
    timerNum                                 0x1fffc01c   Data           4  timer.o(.data)
    timerMax                                 0x1fffc020   Data           4  timer.o(.data)
    heartbeat                                0x1fffc024   Data           4  timer.o(.data)
    timeInitFlag                             0x1fffc028   Data           4  timer.o(.data)
    timerLpitNum                             0x1fffc030   Data           4  timer.o(.data)
    timerLpitMax                             0x1fffc034   Data           4  timer.o(.data)
    heartbeatLpit                            0x1fffc038   Data           4  timer.o(.data)
    timeLpitInitFlag                         0x1fffc03c   Data           4  timer.o(.data)
    .data                                    0x1fffc040   Section       44  uart.o(.data)
    uartIrq                                  0x1fffc040   Data           1  uart.o(.data)
    uart0_readStatus                         0x1fffc041   Data           1  uart.o(.data)
    uart0_sendStatus                         0x1fffc042   Data           1  uart.o(.data)
    uart0_readNum                            0x1fffc044   Data           4  uart.o(.data)
    uart0_needReadNum                        0x1fffc048   Data           4  uart.o(.data)
    uart0_sendNum                            0x1fffc04c   Data           4  uart.o(.data)
    uart0_needSendNum                        0x1fffc050   Data           4  uart.o(.data)
    uart1_readStatus                         0x1fffc054   Data           1  uart.o(.data)
    uart1_sendStatus                         0x1fffc055   Data           1  uart.o(.data)
    uart1_readNum                            0x1fffc058   Data           4  uart.o(.data)
    uart1_needReadNum                        0x1fffc05c   Data           4  uart.o(.data)
    uart1_sendNum                            0x1fffc060   Data           4  uart.o(.data)
    uart1_needSendNum                        0x1fffc064   Data           4  uart.o(.data)
    queueMaxSize                             0x1fffc068   Data           4  uart.o(.data)
    .data                                    0x1fffc06c   Section        8  m2m_wifi.o(.data)
    gu8WifiState                             0x1fffc06c   Data           1  m2m_wifi.o(.data)
    gu8ChNum                                 0x1fffc06d   Data           1  m2m_wifi.o(.data)
    gu8scanInProgress                        0x1fffc06e   Data           1  m2m_wifi.o(.data)
    gpfAppWifiCb                             0x1fffc070   Data           4  m2m_wifi.o(.data)
    .data                                    0x1fffc074   Section        4  nmasic.o(.data)
    chipid                                   0x1fffc074   Data           4  nmasic.o(.data)
    .data                                    0x1fffc078   Section       17  nmspi.o(.data)
    gu8Crc_off                               0x1fffc078   Data           1  nmspi.o(.data)
    .bss                                     0x1fffc08c   Section       60  canbus.o(.bss)
    str_elemType0                            0x1fffc0ac   Data          12  canbus.o(.bss)
    str_canbusQueue0                         0x1fffc0b8   Data          16  canbus.o(.bss)
    .bss                                     0x1fffc0c8   Section     2080  spi.o(.bss)
    str_recvQueue                            0x1fffc0c8   Data          16  spi.o(.bss)
    str_sendQueue                            0x1fffc0d8   Data          16  spi.o(.bss)
    .bss                                     0x1fffc8e8   Section     4160  uart.o(.bss)
    str_recvQueue0                           0x1fffd8e8   Data          16  uart.o(.bss)
    str_recvQueue1                           0x1fffd8f8   Data          16  uart.o(.bss)
    str_sendQueue0                           0x1fffd908   Data          16  uart.o(.bss)
    str_sendQueue1                           0x1fffd918   Data          16  uart.o(.bss)
    .bss                                     0x1fffd928   Section     1224  nm_bus_wrapper.o(.bss)
    .bss                                     0x1fffddf0   Section      176  socket.o(.bss)
    .bss                                     0x1fffdea0   Section       96  libspace.o(.bss)
    .data                                    0x20000000   Section       48  canbus.o(.data)
    canbusBaudrate                           0x20000018   Data          20  canbus.o(.data)
    queueMaxSize                             0x2000002c   Data           4  canbus.o(.data)
    .data                                    0x20000030   Section       29  spi.o(.data)
    queueMaxSize                             0x20000030   Data           4  spi.o(.data)
    spi_sendStatus                           0x20000034   Data           4  spi.o(.data)
    spi_readStatus                           0x20000038   Data           4  spi.o(.data)
    spi_sendNum                              0x2000003c   Data           4  spi.o(.data)
    spi_needSendNum                          0x20000040   Data           4  spi.o(.data)
    spi_readNum                              0x20000044   Data           4  spi.o(.data)
    spi_needReadNum                          0x20000048   Data           4  spi.o(.data)
    _transBits                               0x2000004c   Data           1  spi.o(.data)
    .data                                    0x20000050   Section        4  nm_bsp.o(.data)
    gpfIsr                                   0x20000050   Data           4  nm_bsp.o(.data)
    .data                                    0x20000054   Section       12  nm_bus_wrapper.o(.data)
    gpfIsr                                   0x20000054   Data           4  nm_bus_wrapper.o(.data)
    .data                                    0x20000060   Section        4  m2m_hif.o(.data)
    .data                                    0x20000064   Section       26  socket.o(.data)
    u8NextTcpSock                            0x2000007c   Data           1  socket.o(.data)
    u8NextUdpSock                            0x2000007d   Data           1  socket.o(.data)
    .bss                                     0x20000080   Section     1460  main.o(.bss)
    gau8SocketTestBuffer                     0x20000080   Data        1460  main.o(.bss)
    .bss                                     0x20000634   Section      160  timer.o(.bss)
    timer                                    0x20000634   Data          40  timer.o(.bss)
    timerFlag                                0x2000065c   Data          40  timer.o(.bss)
    timerLpit                                0x20000684   Data          40  timer.o(.bss)
    timerLpitFlag                            0x200006ac   Data          40  timer.o(.bss)
    .bss                                     0x200006d4   Section       44  m2m_hif.o(.bss)

    Global Symbols

    Symbol Name                              Value     Ov Type        Size  Object(Section)

    BuildAttributes$$THM_ISAv4$E$P$D$K$B$S$7EM$VFPi3$EXTD16$VFPS$VFMA$PE$A:L22UL41UL21$X:L11$S22US41US21$IEEE1$IW$USESV6$~STKCKD$USESV7$~SHL$OTIME$ROPI$IEEEJ$EBA8$UX$STANDARDLIB$REQ8$PRES8$EABIv2 0x00000000   Number         0  anon$$obj.o ABSOLUTE
    Image$$VECTOR_RAM$$Base                  0x00000000   Number         0  anon$$obj.o ABSOLUTE
    Image$$VECTOR_ROM$$Base                  0x00000000   Number         0  anon$$obj.o ABSOLUTE
    __ARM_use_no_argv                        0x00000000   Number         0  main.o ABSOLUTE
    __Vectors                                0x00000000   Data           4  startup_s32k142.o(RESET)
    _printf_flags                            0x00000000   Number         0  printf_stubs.o ABSOLUTE
    _printf_return_value                     0x00000000   Number         0  printf_stubs.o ABSOLUTE
    _printf_sizespec                         0x00000000   Number         0  printf_stubs.o ABSOLUTE
    _printf_widthprec                        0x00000000   Number         0  printf_stubs.o ABSOLUTE
    Image$$ZI$$Limit                          - Undefined Weak Reference
    __ARM_exceptions_init                     - Undefined Weak Reference
    __alloca_initialize                       - Undefined Weak Reference
    __arm_preinit_                            - Undefined Weak Reference
    __cpp_initialize__aeabi_                  - Undefined Weak Reference
    __cxa_finalize                            - Undefined Weak Reference
    __sigvec_lookup                           - Undefined Weak Reference
    __user_heap_extent                        - Undefined Weak Reference
    _atexit_init                              - Undefined Weak Reference
    _call_atexit_fns                          - Undefined Weak Reference
    _clock_init                               - Undefined Weak Reference
    _fp_trap_init                             - Undefined Weak Reference
    _fp_trap_shutdown                         - Undefined Weak Reference
    _get_lc_collate                           - Undefined Weak Reference
    _get_lc_monetary                          - Undefined Weak Reference
    _get_lc_time                              - Undefined Weak Reference
    _getenv_init                              - Undefined Weak Reference
    _handle_redirection                       - Undefined Weak Reference
    _mutex_acquire                            - Undefined Weak Reference
    _mutex_free                               - Undefined Weak Reference
    _mutex_release                            - Undefined Weak Reference
    _printf_mbtowc                            - Undefined Weak Reference
    _printf_wc                                - Undefined Weak Reference
    _rand_init                                - Undefined Weak Reference
    _signal_finish                            - Undefined Weak Reference
    _signal_init                              - Undefined Weak Reference
    __Vectors_End                            0x00000400   Data           0  startup_s32k142.o(RESET)
    __Vectors_Size                           0x00000400   Number         0  startup_s32k142.o ABSOLUTE
    __main                                   0x00000411   Thumb Code     8  __main.o(!!!main)
    __scatterload                            0x00000419   Thumb Code     0  __scatter.o(!!!scatter)
    __scatterload_rt2                        0x00000419   Thumb Code    44  __scatter.o(!!!scatter)
    __scatterload_rt2_thumb_only             0x00000419   Thumb Code     0  __scatter.o(!!!scatter)
    __scatterload_null                       0x00000427   Thumb Code     0  __scatter.o(!!!scatter)
    __scatterload_copy                       0x0000044d   Thumb Code    26  __scatter_copy.o(!!handler_copy)
    __scatterload_zeroinit                   0x00000469   Thumb Code    28  __scatter_zi.o(!!handler_zi)
    __rt_lib_init                            0x00000485   Thumb Code     0  libinit.o(.ARM.Collect$$libinit$$00000000)
    __rt_lib_init_fp_1                       0x00000487   Thumb Code     0  libinit2.o(.ARM.Collect$$libinit$$00000001)
    __rt_lib_init_heap_2                     0x0000048b   Thumb Code     0  libinit5.o(.ARM.Collect$$libinit$$00000008)
    __rt_lib_init_preinit_1                  0x0000048b   Thumb Code     0  libinit2.o(.ARM.Collect$$libinit$$00000004)
    __rt_lib_init_alloca_1                   0x00000493   Thumb Code     0  libinit2.o(.ARM.Collect$$libinit$$0000002E)
    __rt_lib_init_argv_1                     0x00000493   Thumb Code     0  libinit2.o(.ARM.Collect$$libinit$$0000002C)
    __rt_lib_init_atexit_1                   0x00000493   Thumb Code     0  libinit2.o(.ARM.Collect$$libinit$$0000001B)
    __rt_lib_init_clock_1                    0x00000493   Thumb Code     0  libinit2.o(.ARM.Collect$$libinit$$00000021)
    __rt_lib_init_cpp_1                      0x00000493   Thumb Code     0  libinit2.o(.ARM.Collect$$libinit$$00000032)
    __rt_lib_init_exceptions_1               0x00000493   Thumb Code     0  libinit2.o(.ARM.Collect$$libinit$$00000030)
    __rt_lib_init_fp_trap_1                  0x00000493   Thumb Code     0  libinit2.o(.ARM.Collect$$libinit$$0000001F)
    __rt_lib_init_getenv_1                   0x00000493   Thumb Code     0  libinit2.o(.ARM.Collect$$libinit$$00000023)
    __rt_lib_init_heap_1                     0x00000493   Thumb Code     0  libinit2.o(.ARM.Collect$$libinit$$0000000A)
    __rt_lib_init_lc_collate_1               0x00000493   Thumb Code     0  libinit2.o(.ARM.Collect$$libinit$$00000011)
    __rt_lib_init_lc_ctype_1                 0x00000493   Thumb Code     0  libinit2.o(.ARM.Collect$$libinit$$00000013)
    __rt_lib_init_lc_monetary_1              0x00000493   Thumb Code     0  libinit2.o(.ARM.Collect$$libinit$$00000015)
    __rt_lib_init_lc_numeric_1               0x00000493   Thumb Code     0  libinit2.o(.ARM.Collect$$libinit$$00000017)
    __rt_lib_init_lc_time_1                  0x00000493   Thumb Code     0  libinit2.o(.ARM.Collect$$libinit$$00000019)
    __rt_lib_init_rand_1                     0x00000493   Thumb Code     0  libinit2.o(.ARM.Collect$$libinit$$0000000E)
    __rt_lib_init_return                     0x00000493   Thumb Code     0  libinit2.o(.ARM.Collect$$libinit$$00000033)
    __rt_lib_init_signal_1                   0x00000493   Thumb Code     0  libinit2.o(.ARM.Collect$$libinit$$0000001D)
    __rt_lib_init_stdio_1                    0x00000493   Thumb Code     0  libinit2.o(.ARM.Collect$$libinit$$00000025)
    __rt_lib_init_user_alloc_1               0x00000493   Thumb Code     0  libinit2.o(.ARM.Collect$$libinit$$0000000C)
    __rt_lib_shutdown                        0x0000049d   Thumb Code     0  libshutdown.o(.ARM.Collect$$libshutdown$$00000000)
    __rt_lib_shutdown_cpp_1                  0x0000049f   Thumb Code     0  libshutdown2.o(.ARM.Collect$$libshutdown$$00000002)
    __rt_lib_shutdown_fp_trap_1              0x0000049f   Thumb Code     0  libshutdown2.o(.ARM.Collect$$libshutdown$$00000007)
    __rt_lib_shutdown_heap_1                 0x0000049f   Thumb Code     0  libshutdown2.o(.ARM.Collect$$libshutdown$$0000000F)
    __rt_lib_shutdown_return                 0x0000049f   Thumb Code     0  libshutdown2.o(.ARM.Collect$$libshutdown$$00000010)
    __rt_lib_shutdown_signal_1               0x0000049f   Thumb Code     0  libshutdown2.o(.ARM.Collect$$libshutdown$$0000000A)
    __rt_lib_shutdown_stdio_1                0x0000049f   Thumb Code     0  libshutdown2.o(.ARM.Collect$$libshutdown$$00000004)
    __rt_lib_shutdown_user_alloc_1           0x0000049f   Thumb Code     0  libshutdown2.o(.ARM.Collect$$libshutdown$$0000000C)
    __rt_entry                               0x000004a1   Thumb Code     0  __rtentry.o(.ARM.Collect$$rtentry$$00000000)
    __rt_entry_presh_1                       0x000004a1   Thumb Code     0  __rtentry2.o(.ARM.Collect$$rtentry$$00000002)
    __rt_entry_sh                            0x000004a1   Thumb Code     0  __rtentry7.o(.ARM.Collect$$rtentry$$00000007)
    __rt_entry_li                            0x000004a5   Thumb Code     0  __rtentry2.o(.ARM.Collect$$rtentry$$0000000A)
    __rt_entry_postsh_1                      0x000004a5   Thumb Code     0  __rtentry2.o(.ARM.Collect$$rtentry$$00000009)
    __rt_entry_main                          0x000004a9   Thumb Code     0  __rtentry2.o(.ARM.Collect$$rtentry$$0000000D)
    __rt_entry_postli_1                      0x000004a9   Thumb Code     0  __rtentry2.o(.ARM.Collect$$rtentry$$0000000C)
    __rt_exit                                0x000004b5   Thumb Code     0  rtexit.o(.ARM.Collect$$rtexit$$00000000)
    __rt_exit_ls                             0x000004b7   Thumb Code     0  rtexit2.o(.ARM.Collect$$rtexit$$00000003)
    __rt_exit_prels_1                        0x000004b7   Thumb Code     0  rtexit2.o(.ARM.Collect$$rtexit$$00000002)
    __rt_exit_exit                           0x000004bb   Thumb Code     0  rtexit2.o(.ARM.Collect$$rtexit$$00000004)
    Reset_Handler                            0x000004c1   Thumb Code    18  startup_s32k142.o(.text)
    _maybe_terminate_alloc                   0x000004c1   Thumb Code     0  maybetermalloc1.o(.emb_text)
    NMI_Handler                              0x000004d3   Thumb Code     2  startup_s32k142.o(.text)
    HardFault_Handler                        0x000004d5   Thumb Code     2  startup_s32k142.o(.text)
    MemManage_Handler                        0x000004d7   Thumb Code     2  startup_s32k142.o(.text)
    BusFault_Handler                         0x000004d9   Thumb Code     2  startup_s32k142.o(.text)
    UsageFault_Handler                       0x000004db   Thumb Code     2  startup_s32k142.o(.text)
    SVC_Handler                              0x000004dd   Thumb Code     2  startup_s32k142.o(.text)
    DebugMon_Handler                         0x000004df   Thumb Code     2  startup_s32k142.o(.text)
    PendSV_Handler                           0x000004e1   Thumb Code     2  startup_s32k142.o(.text)
    SysTick_Handler                          0x000004e3   Thumb Code     2  startup_s32k142.o(.text)
    ADC0_IRQHandler                          0x000004e5   Thumb Code     0  startup_s32k142.o(.text)
    ADC1_IRQHandler                          0x000004e5   Thumb Code     0  startup_s32k142.o(.text)
    CAN0_Error_IRQHandler                    0x000004e5   Thumb Code     0  startup_s32k142.o(.text)
    CAN0_ORed_IRQHandler                     0x000004e5   Thumb Code     0  startup_s32k142.o(.text)
    CAN0_Wake_Up_IRQHandler                  0x000004e5   Thumb Code     0  startup_s32k142.o(.text)
    CAN1_Error_IRQHandler                    0x000004e5   Thumb Code     0  startup_s32k142.o(.text)
    CAN1_ORed_0_15_MB_IRQHandler             0x000004e5   Thumb Code     0  startup_s32k142.o(.text)
    CAN1_ORed_IRQHandler                     0x000004e5   Thumb Code     0  startup_s32k142.o(.text)
    CMP0_IRQHandler                          0x000004e5   Thumb Code     0  startup_s32k142.o(.text)
    DMA0_IRQHandler                          0x000004e5   Thumb Code     0  startup_s32k142.o(.text)
    DMA10_IRQHandler                         0x000004e5   Thumb Code     0  startup_s32k142.o(.text)
    DMA11_IRQHandler                         0x000004e5   Thumb Code     0  startup_s32k142.o(.text)
    DMA12_IRQHandler                         0x000004e5   Thumb Code     0  startup_s32k142.o(.text)
    DMA13_IRQHandler                         0x000004e5   Thumb Code     0  startup_s32k142.o(.text)
    DMA14_IRQHandler                         0x000004e5   Thumb Code     0  startup_s32k142.o(.text)
    DMA15_IRQHandler                         0x000004e5   Thumb Code     0  startup_s32k142.o(.text)
    DMA1_IRQHandler                          0x000004e5   Thumb Code     0  startup_s32k142.o(.text)
    DMA2_IRQHandler                          0x000004e5   Thumb Code     0  startup_s32k142.o(.text)
    DMA3_IRQHandler                          0x000004e5   Thumb Code     0  startup_s32k142.o(.text)
    DMA4_IRQHandler                          0x000004e5   Thumb Code     0  startup_s32k142.o(.text)
    DMA5_IRQHandler                          0x000004e5   Thumb Code     0  startup_s32k142.o(.text)
    DMA6_IRQHandler                          0x000004e5   Thumb Code     0  startup_s32k142.o(.text)
    DMA7_IRQHandler                          0x000004e5   Thumb Code     0  startup_s32k142.o(.text)
    DMA8_IRQHandler                          0x000004e5   Thumb Code     0  startup_s32k142.o(.text)
    DMA9_IRQHandler                          0x000004e5   Thumb Code     0  startup_s32k142.o(.text)
    DMA_Error_IRQHandler                     0x000004e5   Thumb Code     0  startup_s32k142.o(.text)
    DefaultISR                               0x000004e5   Thumb Code     0  startup_s32k142.o(.text)
    ERM_double_fault_IRQHandler              0x000004e5   Thumb Code     0  startup_s32k142.o(.text)
    ERM_single_fault_IRQHandler              0x000004e5   Thumb Code     0  startup_s32k142.o(.text)
    FLEXIO_IRQHandler                        0x000004e5   Thumb Code     0  startup_s32k142.o(.text)
    FTFC_Fault_IRQHandler                    0x000004e5   Thumb Code     0  startup_s32k142.o(.text)
    FTFC_IRQHandler                          0x000004e5   Thumb Code     0  startup_s32k142.o(.text)
    FTM0_Ch0_Ch1_IRQHandler                  0x000004e5   Thumb Code     0  startup_s32k142.o(.text)
    FTM0_Ch2_Ch3_IRQHandler                  0x000004e5   Thumb Code     0  startup_s32k142.o(.text)
    FTM0_Ch4_Ch5_IRQHandler                  0x000004e5   Thumb Code     0  startup_s32k142.o(.text)
    FTM0_Ch6_Ch7_IRQHandler                  0x000004e5   Thumb Code     0  startup_s32k142.o(.text)
    FTM0_Fault_IRQHandler                    0x000004e5   Thumb Code     0  startup_s32k142.o(.text)
    FTM0_Ovf_Reload_IRQHandler               0x000004e5   Thumb Code     0  startup_s32k142.o(.text)
    FTM1_Ch0_Ch1_IRQHandler                  0x000004e5   Thumb Code     0  startup_s32k142.o(.text)
    FTM1_Ch2_Ch3_IRQHandler                  0x000004e5   Thumb Code     0  startup_s32k142.o(.text)
    FTM1_Ch4_Ch5_IRQHandler                  0x000004e5   Thumb Code     0  startup_s32k142.o(.text)
    FTM1_Ch6_Ch7_IRQHandler                  0x000004e5   Thumb Code     0  startup_s32k142.o(.text)
    FTM1_Fault_IRQHandler                    0x000004e5   Thumb Code     0  startup_s32k142.o(.text)
    FTM1_Ovf_Reload_IRQHandler               0x000004e5   Thumb Code     0  startup_s32k142.o(.text)
    FTM2_Ch0_Ch1_IRQHandler                  0x000004e5   Thumb Code     0  startup_s32k142.o(.text)
    FTM2_Ch2_Ch3_IRQHandler                  0x000004e5   Thumb Code     0  startup_s32k142.o(.text)
    FTM2_Ch4_Ch5_IRQHandler                  0x000004e5   Thumb Code     0  startup_s32k142.o(.text)
    FTM2_Ch6_Ch7_IRQHandler                  0x000004e5   Thumb Code     0  startup_s32k142.o(.text)
    FTM2_Fault_IRQHandler                    0x000004e5   Thumb Code     0  startup_s32k142.o(.text)
    FTM2_Ovf_Reload_IRQHandler               0x000004e5   Thumb Code     0  startup_s32k142.o(.text)
    FTM3_Ch0_Ch1_IRQHandler                  0x000004e5   Thumb Code     0  startup_s32k142.o(.text)
    FTM3_Ch2_Ch3_IRQHandler                  0x000004e5   Thumb Code     0  startup_s32k142.o(.text)
    FTM3_Ch4_Ch5_IRQHandler                  0x000004e5   Thumb Code     0  startup_s32k142.o(.text)
    FTM3_Ch6_Ch7_IRQHandler                  0x000004e5   Thumb Code     0  startup_s32k142.o(.text)
    FTM3_Fault_IRQHandler                    0x000004e5   Thumb Code     0  startup_s32k142.o(.text)
    FTM3_Ovf_Reload_IRQHandler               0x000004e5   Thumb Code     0  startup_s32k142.o(.text)
    LPI2C0_Master_IRQHandler                 0x000004e5   Thumb Code     0  startup_s32k142.o(.text)
    LPI2C0_Slave_IRQHandler                  0x000004e5   Thumb Code     0  startup_s32k142.o(.text)
    LPIT0_Ch1_IRQHandler                     0x000004e5   Thumb Code     0  startup_s32k142.o(.text)
    LPIT0_Ch2_IRQHandler                     0x000004e5   Thumb Code     0  startup_s32k142.o(.text)
    LPIT0_Ch3_IRQHandler                     0x000004e5   Thumb Code     0  startup_s32k142.o(.text)
    LPSPI1_IRQHandler                        0x000004e5   Thumb Code     0  startup_s32k142.o(.text)
    LVD_LVW_IRQHandler                       0x000004e5   Thumb Code     0  startup_s32k142.o(.text)
    MCM_IRQHandler                           0x000004e5   Thumb Code     0  startup_s32k142.o(.text)
    PDB0_IRQHandler                          0x000004e5   Thumb Code     0  startup_s32k142.o(.text)
    PDB1_IRQHandler                          0x000004e5   Thumb Code     0  startup_s32k142.o(.text)
    PORTA_IRQHandler                         0x000004e5   Thumb Code     0  startup_s32k142.o(.text)
    PORTC_IRQHandler                         0x000004e5   Thumb Code     0  startup_s32k142.o(.text)
    PORTD_IRQHandler                         0x000004e5   Thumb Code     0  startup_s32k142.o(.text)
    PORTE_IRQHandler                         0x000004e5   Thumb Code     0  startup_s32k142.o(.text)
    RCM_IRQHandler                           0x000004e5   Thumb Code     0  startup_s32k142.o(.text)
    RTC_IRQHandler                           0x000004e5   Thumb Code     0  startup_s32k142.o(.text)
    RTC_Seconds_IRQHandler                   0x000004e5   Thumb Code     0  startup_s32k142.o(.text)
    Read_Collision_IRQHandler                0x000004e5   Thumb Code     0  startup_s32k142.o(.text)
    Reserved100_IRQHandler                   0x000004e5   Thumb Code     0  startup_s32k142.o(.text)
    Reserved103_IRQHandler                   0x000004e5   Thumb Code     0  startup_s32k142.o(.text)
    Reserved105_IRQHandler                   0x000004e5   Thumb Code     0  startup_s32k142.o(.text)
    Reserved106_IRQHandler                   0x000004e5   Thumb Code     0  startup_s32k142.o(.text)
    Reserved107_IRQHandler                   0x000004e5   Thumb Code     0  startup_s32k142.o(.text)
    Reserved108_IRQHandler                   0x000004e5   Thumb Code     0  startup_s32k142.o(.text)
    Reserved109_IRQHandler                   0x000004e5   Thumb Code     0  startup_s32k142.o(.text)
    Reserved110_IRQHandler                   0x000004e5   Thumb Code     0  startup_s32k142.o(.text)
    Reserved111_IRQHandler                   0x000004e5   Thumb Code     0  startup_s32k142.o(.text)
    Reserved112_IRQHandler                   0x000004e5   Thumb Code     0  startup_s32k142.o(.text)
    Reserved113_IRQHandler                   0x000004e5   Thumb Code     0  startup_s32k142.o(.text)
    Reserved114_IRQHandler                   0x000004e5   Thumb Code     0  startup_s32k142.o(.text)
    Reserved44_IRQHandler                    0x000004e5   Thumb Code     0  startup_s32k142.o(.text)
    Reserved45_IRQHandler                    0x000004e5   Thumb Code     0  startup_s32k142.o(.text)
    Reserved46_IRQHandler                    0x000004e5   Thumb Code     0  startup_s32k142.o(.text)
    Reserved48_IRQHandler                    0x000004e5   Thumb Code     0  startup_s32k142.o(.text)
    Reserved50_IRQHandler                    0x000004e5   Thumb Code     0  startup_s32k142.o(.text)
    Reserved51_IRQHandler                    0x000004e5   Thumb Code     0  startup_s32k142.o(.text)
    Reserved52_IRQHandler                    0x000004e5   Thumb Code     0  startup_s32k142.o(.text)
    Reserved53_IRQHandler                    0x000004e5   Thumb Code     0  startup_s32k142.o(.text)
    Reserved54_IRQHandler                    0x000004e5   Thumb Code     0  startup_s32k142.o(.text)
    Reserved58_IRQHandler                    0x000004e5   Thumb Code     0  startup_s32k142.o(.text)
    Reserved59_IRQHandler                    0x000004e5   Thumb Code     0  startup_s32k142.o(.text)
    Reserved69_IRQHandler                    0x000004e5   Thumb Code     0  startup_s32k142.o(.text)
    Reserved70_IRQHandler                    0x000004e5   Thumb Code     0  startup_s32k142.o(.text)
    Reserved71_IRQHandler                    0x000004e5   Thumb Code     0  startup_s32k142.o(.text)
    Reserved72_IRQHandler                    0x000004e5   Thumb Code     0  startup_s32k142.o(.text)
    Reserved81_IRQHandler                    0x000004e5   Thumb Code     0  startup_s32k142.o(.text)
    Reserved82_IRQHandler                    0x000004e5   Thumb Code     0  startup_s32k142.o(.text)
    Reserved83_IRQHandler                    0x000004e5   Thumb Code     0  startup_s32k142.o(.text)
    Reserved86_IRQHandler                    0x000004e5   Thumb Code     0  startup_s32k142.o(.text)
    Reserved87_IRQHandler                    0x000004e5   Thumb Code     0  startup_s32k142.o(.text)
    Reserved88_IRQHandler                    0x000004e5   Thumb Code     0  startup_s32k142.o(.text)
    Reserved89_IRQHandler                    0x000004e5   Thumb Code     0  startup_s32k142.o(.text)
    Reserved90_IRQHandler                    0x000004e5   Thumb Code     0  startup_s32k142.o(.text)
    Reserved91_IRQHandler                    0x000004e5   Thumb Code     0  startup_s32k142.o(.text)
    Reserved92_IRQHandler                    0x000004e5   Thumb Code     0  startup_s32k142.o(.text)
    Reserved93_IRQHandler                    0x000004e5   Thumb Code     0  startup_s32k142.o(.text)
    Reserved99_IRQHandler                    0x000004e5   Thumb Code     0  startup_s32k142.o(.text)
    SCG_IRQHandler                           0x000004e5   Thumb Code     0  startup_s32k142.o(.text)
    SWI_IRQHandler                           0x000004e5   Thumb Code     0  startup_s32k142.o(.text)
    WDOG_EWM_IRQHandler                      0x000004e5   Thumb Code     0  startup_s32k142.o(.text)
    malloc                                   0x000004f9   Thumb Code    94  h1_alloc.o(.text)
    free                                     0x00000557   Thumb Code    78  h1_free.o(.text)
    strcpy                                   0x000005a5   Thumb Code    72  strcpy.o(.text)
    strlen                                   0x000005ed   Thumb Code    62  strlen.o(.text)
    __aeabi_memcpy                           0x0000062b   Thumb Code     0  rt_memcpy_v6.o(.text)
    __rt_memcpy                              0x0000062b   Thumb Code   138  rt_memcpy_v6.o(.text)
    _memcpy_lastbytes                        0x00000691   Thumb Code     0  rt_memcpy_v6.o(.text)
    __aeabi_memcpy4                          0x000006b5   Thumb Code     0  rt_memcpy_w.o(.text)
    __aeabi_memcpy8                          0x000006b5   Thumb Code     0  rt_memcpy_w.o(.text)
    __rt_memcpy_w                            0x000006b5   Thumb Code   100  rt_memcpy_w.o(.text)
    _memcpy_lastbytes_aligned                0x000006fd   Thumb Code     0  rt_memcpy_w.o(.text)
    __aeabi_memclr                           0x00000719   Thumb Code     0  rt_memclr.o(.text)
    __rt_memclr                              0x00000719   Thumb Code    68  rt_memclr.o(.text)
    _memset                                  0x0000071d   Thumb Code     0  rt_memclr.o(.text)
    __aeabi_memclr4                          0x0000075d   Thumb Code     0  rt_memclr_w.o(.text)
    __aeabi_memclr8                          0x0000075d   Thumb Code     0  rt_memclr_w.o(.text)
    __rt_memclr_w                            0x0000075d   Thumb Code    78  rt_memclr_w.o(.text)
    _memset_w                                0x00000761   Thumb Code     0  rt_memclr_w.o(.text)
    __rt_heap_descriptor                     0x000007ad   Thumb Code     8  rt_heap_descriptor_intlibspace.o(.text)
    __use_no_heap                            0x000007b5   Thumb Code     2  hguard.o(.text)
    __heap$guard                             0x000007b7   Thumb Code     2  hguard.o(.text)
    _terminate_user_alloc                    0x000007b9   Thumb Code     2  init_alloc.o(.text)
    _init_user_alloc                         0x000007bb   Thumb Code     2  init_alloc.o(.text)
    __Heap_Full                              0x000007bd   Thumb Code    34  init_alloc.o(.text)
    __Heap_Broken                            0x000007df   Thumb Code     6  init_alloc.o(.text)
    _init_alloc                              0x000007e5   Thumb Code    94  init_alloc.o(.text)
    __Heap_Initialize                        0x00000843   Thumb Code    10  h1_init.o(.text)
    __Heap_DescSize                          0x0000084d   Thumb Code     4  h1_init.o(.text)
    __Heap_ProvideMemory                     0x00000851   Thumb Code    52  h1_extend.o(.text)
    __rt_SIGRTMEM                            0x00000885   Thumb Code    14  defsig_rtmem_outer.o(.text)
    __I$use$semihosting                      0x00000893   Thumb Code     0  use_no_semi.o(.text)
    __use_no_semihosting_swi                 0x00000893   Thumb Code     2  use_no_semi.o(.text)
    __semihosting_library_function           0x00000895   Thumb Code     0  indicate_semi.o(.text)
    exit                                     0x00000895   Thumb Code    18  exit.o(.text)
    __sig_exit                               0x000008a7   Thumb Code    10  defsig_exit.o(.text)
    __rt_SIGRTMEM_inner                      0x000008b1   Thumb Code    22  defsig_rtmem_inner.o(.text)
    _sys_exit                                0x00000901   Thumb Code     8  sys_exit.o(.text)
    __default_signal_display                 0x0000090d   Thumb Code    50  defsig_general.o(.text)
    _ttywrch                                 0x0000093f   Thumb Code    14  sys_wrch.o(.text)
    CAN0_ORed_0_15_MB_IRQHandler             0x0000094d   Thumb Code    16  canbus.o(i.CAN0_ORed_0_15_MB_IRQHandler)
    CAN0_ORed_16_31_MB_IRQHandler            0x0000095d   Thumb Code    16  canbus.o(i.CAN0_ORed_16_31_MB_IRQHandler)
    Canbus0Recv                              0x0000096d   Thumb Code   348  canbus.o(i.Canbus0Recv)
    GpioInit                                 0x00000ae9   Thumb Code    72  gpio.o(i.GpioInit)
    GpioSetDirection                         0x00000b39   Thumb Code   284  gpio.o(i.GpioSetDirection)
    GpioSetVal                               0x00000c71   Thumb Code   234  gpio.o(i.GpioSetVal)
    LPIT0_Ch0_IRQHandler                     0x00000d65   Thumb Code    98  timer.o(i.LPIT0_Ch0_IRQHandler)
    LPIT0_init                               0x00000de1   Thumb Code    74  timer.o(i.LPIT0_init)
    LPSPI0_IRQHandler                        0x00000e3d   Thumb Code   248  spi.o(i.LPSPI0_IRQHandler)
    LPTMR0_IRQHandler                        0x00000f51   Thumb Code   106  timer.o(i.LPTMR0_IRQHandler)
    LPUART0_RxTx_IRQHandler                  0x00000fdd   Thumb Code   170  uart.o(i.LPUART0_RxTx_IRQHandler)
    LPUART1_RxTx_IRQHandler                  0x000010a5   Thumb Code   170  uart.o(i.LPUART1_RxTx_IRQHandler)
    NormalRUNmode_80MHz                      0x0000116d   Thumb Code    30  clocks_and_modes.o(i.NormalRUNmode_80MHz)
    PORTB_IRQHandler                         0x00001199   Thumb Code    34  nm_bsp.o(i.PORTB_IRQHandler)
    SOSC_init_8MHz                           0x000011c5   Thumb Code    58  clocks_and_modes.o(i.SOSC_init_8MHz)
    SPLL_init_160MHz                         0x00001209   Thumb Code    92  clocks_and_modes.o(i.SPLL_init_160MHz)
    Socket_ReadSocketData                    0x00001269   Thumb Code   226  socket.o(i.Socket_ReadSocketData)
    SpiInitMaster                            0x00001379   Thumb Code   178  spi.o(i.SpiInitMaster)
    SpiRecv                                  0x00001459   Thumb Code   180  spi.o(i.SpiRecv)
    SpiSend                                  0x00001519   Thumb Code   250  spi.o(i.SpiSend)
    SystemInit                               0x0000161d   Thumb Code    48  system_s32k142.o(i.SystemInit)
    accept                                   0x0000165d   Thumb Code    28  socket.o(i.accept)
    bind                                     0x0000167d   Thumb Code   122  socket.o(i.bind)
    chip_apply_conf                          0x000016fd   Thumb Code    64  nmasic.o(i.chip_apply_conf)
    chip_deinit                              0x0000173d   Thumb Code   108  nmasic.o(i.chip_deinit)
    chip_sleep                               0x000017e1   Thumb Code   128  nmasic.o(i.chip_sleep)
    chip_wake                                0x00001861   Thumb Code   210  nmasic.o(i.chip_wake)
    close                                    0x00001985   Thumb Code   132  socket.o(i.close)
    deQueue                                  0x00001a69   Thumb Code    48  nxpqueue.o(i.deQueue)
    deQueueCan                               0x00001a99   Thumb Code    54  nxpqueue.o(i.deQueueCan)
    enQueue                                  0x00001acf   Thumb Code    58  nxpqueue.o(i.enQueue)
    enQueueCan                               0x00001b09   Thumb Code    66  nxpqueue.o(i.enQueueCan)
    enable_interrupts                        0x00001b4b   Thumb Code    94  nmasic.o(i.enable_interrupts)
    getQueueLen                              0x00001ba9   Thumb Code    22  nxpqueue.o(i.getQueueLen)
    hif_chip_sleep                           0x00001bc1   Thumb Code    50  m2m_hif.o(i.hif_chip_sleep)
    hif_chip_sleep_sc                        0x00001bf9   Thumb Code    22  m2m_hif.o(i.hif_chip_sleep_sc)
    hif_chip_wake                            0x00001c15   Thumb Code    52  m2m_hif.o(i.hif_chip_wake)
    hif_handle_isr                           0x00001c4d   Thumb Code   142  m2m_hif.o(i.hif_handle_isr)
    hif_init                                 0x00001d39   Thumb Code    32  m2m_hif.o(i.hif_init)
    hif_receive                              0x000022bd   Thumb Code   224  m2m_hif.o(i.hif_receive)
    hif_register_cb                          0x000023e5   Thumb Code   108  m2m_hif.o(i.hif_register_cb)
    hif_send                                 0x0000247d   Thumb Code   558  m2m_hif.o(i.hif_send)
    initQueue                                0x00002789   Thumb Code    34  nxpqueue.o(i.initQueue)
    init_data_bss                            0x000027e5   Thumb Code    68  startup.o(i.init_data_bss)
    isEmpityQueue                            0x00002839   Thumb Code    18  nxpqueue.o(i.isEmpityQueue)
    isEmpityQueueCan                         0x0000284b   Thumb Code    18  nxpqueue.o(i.isEmpityQueueCan)
    isFullQueue                              0x0000285d   Thumb Code    30  nxpqueue.o(i.isFullQueue)
    isFullQueueCan                           0x0000287b   Thumb Code    30  nxpqueue.o(i.isFullQueueCan)
    listen                                   0x000028a9   Thumb Code    82  socket.o(i.listen)
    m2mStub_EintDisable                      0x00002901   Thumb Code    10  nm_bsp.o(i.m2mStub_EintDisable)
    m2mStub_EintEnable                       0x00002911   Thumb Code    30  nm_bsp.o(i.m2mStub_EintEnable)
    m2m_EintHandler                          0x00002941   Thumb Code    12  m2m_hif.o(i.m2m_EintHandler)
    m2m_memcpy                               0x00002c35   Thumb Code    24  nm_common.o(i.m2m_memcpy)
    m2m_memset                               0x00002c4d   Thumb Code    20  nm_common.o(i.m2m_memset)
    m2m_strlen                               0x00002c61   Thumb Code    20  nm_common.o(i.m2m_strlen)
    m2m_wifi_enable_ap                       0x00003245   Thumb Code    56  m2m_wifi.o(i.m2m_wifi_enable_ap)
    m2m_wifi_enable_ap_ext                   0x0000327d   Thumb Code    44  m2m_wifi.o(i.m2m_wifi_enable_ap_ext)
    m2m_wifi_handle_events                   0x000032a9   Thumb Code    10  m2m_wifi.o(i.m2m_wifi_handle_events)
    m2m_wifi_init                            0x000032b3   Thumb Code    26  m2m_wifi.o(i.m2m_wifi_init)
    m2m_wifi_init_hold                       0x000032cd   Thumb Code    24  m2m_wifi.o(i.m2m_wifi_init_hold)
    m2m_wifi_init_start                      0x000032e9   Thumb Code   290  m2m_wifi.o(i.m2m_wifi_init_start)
    m2m_wifi_request_dhcp_client             0x00003511   Thumb Code     4  m2m_wifi.o(i.m2m_wifi_request_dhcp_client)
    main                                     0x00003515   Thumb Code   284  main.o(i.main)
    nm_bsp_init                              0x0000370d   Thumb Code    24  nm_bsp.o(i.nm_bsp_init)
    nm_bsp_interrupt_ctrl                    0x00003729   Thumb Code    22  nm_bsp.o(i.nm_bsp_interrupt_ctrl)
    nm_bsp_register_isr                      0x00003741   Thumb Code    14  nm_bsp.o(i.nm_bsp_register_isr)
    nm_bsp_reset                             0x00003755   Thumb Code    62  nm_bsp.o(i.nm_bsp_reset)
    nm_bsp_sleep                             0x00003793   Thumb Code    20  nm_bsp.o(i.nm_bsp_sleep)
    nm_bus_deinit                            0x000037a7   Thumb Code     4  nm_bus_wrapper.o(i.nm_bus_deinit)
    nm_bus_iface_deinit                      0x000037ab   Thumb Code    14  nmbus.o(i.nm_bus_iface_deinit)
    nm_bus_iface_init                        0x000037b9   Thumb Code    18  nmbus.o(i.nm_bus_iface_init)
    nm_bus_init                              0x000037cb   Thumb Code     6  nm_bus_wrapper.o(i.nm_bus_init)
    nm_bus_ioctl                             0x000037d1   Thumb Code    72  nm_bus_wrapper.o(i.nm_bus_ioctl)
    nm_bus_reset                             0x00003849   Thumb Code    10  nmbus.o(i.nm_bus_reset)
    nm_drv_deinit                            0x00003855   Thumb Code   124  nmdrv.o(i.nm_drv_deinit)
    nm_drv_init_hold                         0x0000394d   Thumb Code    86  nmdrv.o(i.nm_drv_init_hold)
    nm_drv_init_start                        0x000039f9   Thumb Code   112  nmdrv.o(i.nm_drv_init_start)
    nm_get_firmware_full_info                0x00003aa5   Thumb Code   208  nmdrv.o(i.nm_get_firmware_full_info)
    nm_read_block                            0x00003b79   Thumb Code    84  nmbus.o(i.nm_read_block)
    nm_read_reg                              0x00003bd1   Thumb Code    12  nmbus.o(i.nm_read_reg)
    nm_read_reg_with_ret                     0x00003bdd   Thumb Code    16  nmbus.o(i.nm_read_reg_with_ret)
    nm_spi_deinit                            0x00003bed   Thumb Code     8  nmspi.o(i.nm_spi_deinit)
    nm_spi_init                              0x00003bf9   Thumb Code   238  nmspi.o(i.nm_spi_init)
    nm_spi_read_block                        0x00003f8d   Thumb Code    40  nmspi.o(i.nm_spi_read_block)
    nm_spi_read_reg                          0x00003fb5   Thumb Code    16  nmspi.o(i.nm_spi_read_reg)
    nm_spi_read_reg_with_ret                 0x00003fc5   Thumb Code    32  nmspi.o(i.nm_spi_read_reg_with_ret)
    nm_spi_reset                             0x00003fe5   Thumb Code    28  nmspi.o(i.nm_spi_reset)
    nm_spi_write_block                       0x00004209   Thumb Code    40  nmspi.o(i.nm_spi_write_block)
    nm_spi_write_reg                         0x00004231   Thumb Code    32  nmspi.o(i.nm_spi_write_reg)
    nm_write_block                           0x00004251   Thumb Code    84  nmbus.o(i.nm_write_block)
    nm_write_reg                             0x000042a9   Thumb Code    16  nmbus.o(i.nm_write_reg)
    nmi_get_chipid                           0x000042b9   Thumb Code   176  nmasic.o(i.nmi_get_chipid)
    nxpPrintf                                0x000043a9   Thumb Code    42  printf.o(i.nxpPrintf)
    out_char                                 0x000043d9   Thumb Code    20  printf.o(i.out_char)
    printk                                   0x00004419   Thumb Code  1156  printf.o(i.printk)
    recv                                     0x000049a9   Thumb Code   174  socket.o(i.recv)
    registerSocketCallback                   0x00004a5d   Thumb Code    10  socket.o(i.registerSocketCallback)
    send                                     0x00004a71   Thumb Code   144  socket.o(i.send)
    socket                                   0x00004b05   Thumb Code   270  socket.o(i.socket)
    socketInit                               0x00004c51   Thumb Code    40  socket.o(i.socketInit)
    uartInit                                 0x00005b91   Thumb Code   454  uart.o(i.uartInit)
    wait_for_bootrom                         0x00005da9   Thumb Code   262  nmasic.o(i.wait_for_bootrom)
    wait_for_firmware_start                  0x00005ee9   Thumb Code   106  nmasic.o(i.wait_for_firmware_start)
    __aeabi_dadd                             0x00006069   Thumb Code     0  daddsub_clz.o(x$fpl$dadd)
    _dadd                                    0x00006069   Thumb Code   332  daddsub_clz.o(x$fpl$dadd)
    __aeabi_ddiv                             0x000061b9   Thumb Code     0  ddiv.o(x$fpl$ddiv)
    _ddiv                                    0x000061b9   Thumb Code   552  ddiv.o(x$fpl$ddiv)
    __aeabi_d2iz                             0x00006469   Thumb Code     0  dfix.o(x$fpl$dfix)
    _dfix                                    0x00006469   Thumb Code    94  dfix.o(x$fpl$dfix)
    __aeabi_i2d                              0x000064c7   Thumb Code     0  dflt_clz.o(x$fpl$dflt)
    _dflt                                    0x000064c7   Thumb Code    46  dflt_clz.o(x$fpl$dflt)
    __aeabi_ui2d                             0x000064f5   Thumb Code     0  dflt_clz.o(x$fpl$dfltu)
    _dfltu                                   0x000064f5   Thumb Code    38  dflt_clz.o(x$fpl$dfltu)
    __fpl_dnaninf                            0x0000651b   Thumb Code   156  dnaninf.o(x$fpl$dnaninf)
    __fpl_dretinf                            0x000065b7   Thumb Code    12  dretinf.o(x$fpl$dretinf)
    __aeabi_dsub                             0x000065c5   Thumb Code     0  daddsub_clz.o(x$fpl$dsub)
    _dsub                                    0x000065c5   Thumb Code   464  daddsub_clz.o(x$fpl$dsub)
    _fp_init                                 0x00006799   Thumb Code    10  fpinit.o(x$fpl$fpinit)
    __fplib_config_fpu_vfp                   0x000067a1   Thumb Code     0  fpinit.o(x$fpl$fpinit)
    __fplib_config_pureend_doubles           0x000067a1   Thumb Code     0  fpinit.o(x$fpl$fpinit)
    __I$use$fp                               0x000067a2   Number         0  usenofp.o(x$fpl$usenofp)
    Region$$Table$$Base                      0x00006c00   Number         0  anon$$obj.o(Region$$Table)
    Region$$Table$$Limit                     0x00006c40   Number         0  anon$$obj.o(Region$$Table)
    Image$$RW_m_data$$Base                   0x1fffc000   Number         0  anon$$obj.o ABSOLUTE
    tx_socket                                0x1fffc013   Data           1  main.o(.data)
    rx_socket                                0x1fffc014   Data           1  main.o(.data)
    aceptflag                                0x1fffc018   Data           4  main.o(.data)
    modeTemp                                 0x1fffc02c   Data           4  timer.o(.data)
    buf                                      0x1fffc079   Data           8  nmspi.o(.data)
    buf56                                    0x1fffc081   Data           8  nmspi.o(.data)
    str_baudParameter                        0x1fffc08c   Data          30  canbus.o(.bss)
    spi_buf                                  0x1fffc0e8   Data        1024  spi.o(.bss)
    spi_recv                                 0x1fffc4e8   Data        1024  spi.o(.bss)
    uart0_buf                                0x1fffc8e8   Data        1024  uart.o(.bss)
    uart0_recv                               0x1fffcce8   Data        1024  uart.o(.bss)
    uart1_buf                                0x1fffd0e8   Data        1024  uart.o(.bss)
    uart1_recv                               0x1fffd4e8   Data        1024  uart.o(.bss)
    spi_txbuf                                0x1fffd928   Data        1024  nm_bus_wrapper.o(.bss)
    pu8Mosibuf                               0x1fffdd28   Data         100  nm_bus_wrapper.o(.bss)
    pu8Misobuf                               0x1fffdd8c   Data         100  nm_bus_wrapper.o(.bss)
    gastrSockets                             0x1fffddf0   Data         176  socket.o(.bss)
    __libspace_start                         0x1fffdea0   Data          96  libspace.o(.bss)
    __temporary_stack_top$libspace           0x1fffdf00   Data           0  libspace.o(.bss)
    RxCODE                                   0x20000000   Data           4  canbus.o(.data)
    RxID                                     0x20000004   Data           4  canbus.o(.data)
    RxLENGTH                                 0x20000008   Data           4  canbus.o(.data)
    RxDATA                                   0x2000000c   Data           8  canbus.o(.data)
    RxTIMESTAMP                              0x20000014   Data           4  canbus.o(.data)
    egstrNmBusCapabilities                   0x20000058   Data           2  nm_bus_wrapper.o(.data)
    g_winc_logstart                          0x2000005c   Data           4  nm_bus_wrapper.o(.data)
    str                                      0x20000060   Data           4  m2m_hif.o(.data)
    gsockerrno                               0x20000064   Data           1  socket.o(.data)
    gu8OpCode                                0x20000065   Data           1  socket.o(.data)
    gu16BufferSize                           0x20000066   Data           2  socket.o(.data)
    gu16SessionID                            0x20000068   Data           2  socket.o(.data)
    gpfAppSocketCb                           0x2000006c   Data           4  socket.o(.data)
    gpfAppResolveCb                          0x20000070   Data           4  socket.o(.data)
    gbSocketInit                             0x20000074   Data           1  socket.o(.data)
    gfpPingCb                                0x20000078   Data           4  socket.o(.data)
    gstrHifCxt                               0x200006d4   Data          44  m2m_hif.o(.bss)
    Image$$ARM_LIB_HEAP$$ZI$$Base            0x20000700   Number         0  anon$$obj.o ABSOLUTE
    Image$$ARM_LIB_HEAP$$ZI$$Limit           0x20000b00   Number         0  anon$$obj.o ABSOLUTE
    Image$$ARM_LIB_STACK$$ZI$$Limit          0x20003000   Number         0  anon$$obj.o ABSOLUTE



==============================================================================

Memory Map of the image

  Image Entry point : 0x00000411

  Load Region LR_m_text (Base: 0x00000410, Size: 0x0000693c, Max: 0x0003fbf0, ABSOLUTE)

    Execution Region ER_m_text (Exec base: 0x00000410, Load base: 0x00000410, Size: 0x00006830, Max: 0x0003fbf0, ABSOLUTE)

    Exec Addr    Load Addr    Size         Type   Attr      Idx    E Section Name        Object

    0x00000410   0x00000410   0x00000008   Code   RO         2915  * !!!main             c_w.l(__main.o)
    0x00000418   0x00000418   0x00000034   Code   RO         3388    !!!scatter          c_w.l(__scatter.o)
    0x0000044c   0x0000044c   0x0000001a   Code   RO         3390    !!handler_copy      c_w.l(__scatter_copy.o)
    0x00000466   0x00000466   0x00000002   PAD
    0x00000468   0x00000468   0x0000001c   Code   RO         3392    !!handler_zi        c_w.l(__scatter_zi.o)
    0x00000484   0x00000484   0x00000002   Code   RO         3283    .ARM.Collect$$libinit$$00000000  c_w.l(libinit.o)
    0x00000486   0x00000486   0x00000004   Code   RO         3062    .ARM.Collect$$libinit$$00000001  c_w.l(libinit2.o)
    0x0000048a   0x0000048a   0x00000000   Code   RO         3065    .ARM.Collect$$libinit$$00000004  c_w.l(libinit2.o)
    0x0000048a   0x0000048a   0x00000008   Code   RO         3339    .ARM.Collect$$libinit$$00000008  c_w.l(libinit5.o)
    0x00000492   0x00000492   0x00000000   Code   RO         3068    .ARM.Collect$$libinit$$0000000A  c_w.l(libinit2.o)
    0x00000492   0x00000492   0x00000000   Code   RO         3070    .ARM.Collect$$libinit$$0000000C  c_w.l(libinit2.o)
    0x00000492   0x00000492   0x00000000   Code   RO         3072    .ARM.Collect$$libinit$$0000000E  c_w.l(libinit2.o)
    0x00000492   0x00000492   0x00000000   Code   RO         3075    .ARM.Collect$$libinit$$00000011  c_w.l(libinit2.o)
    0x00000492   0x00000492   0x00000000   Code   RO         3077    .ARM.Collect$$libinit$$00000013  c_w.l(libinit2.o)
    0x00000492   0x00000492   0x00000000   Code   RO         3079    .ARM.Collect$$libinit$$00000015  c_w.l(libinit2.o)
    0x00000492   0x00000492   0x00000000   Code   RO         3081    .ARM.Collect$$libinit$$00000017  c_w.l(libinit2.o)
    0x00000492   0x00000492   0x00000000   Code   RO         3083    .ARM.Collect$$libinit$$00000019  c_w.l(libinit2.o)
    0x00000492   0x00000492   0x00000000   Code   RO         3085    .ARM.Collect$$libinit$$0000001B  c_w.l(libinit2.o)
    0x00000492   0x00000492   0x00000000   Code   RO         3087    .ARM.Collect$$libinit$$0000001D  c_w.l(libinit2.o)
    0x00000492   0x00000492   0x00000000   Code   RO         3089    .ARM.Collect$$libinit$$0000001F  c_w.l(libinit2.o)
    0x00000492   0x00000492   0x00000000   Code   RO         3091    .ARM.Collect$$libinit$$00000021  c_w.l(libinit2.o)
    0x00000492   0x00000492   0x00000000   Code   RO         3093    .ARM.Collect$$libinit$$00000023  c_w.l(libinit2.o)
    0x00000492   0x00000492   0x00000000   Code   RO         3095    .ARM.Collect$$libinit$$00000025  c_w.l(libinit2.o)
    0x00000492   0x00000492   0x00000000   Code   RO         3099    .ARM.Collect$$libinit$$0000002C  c_w.l(libinit2.o)
    0x00000492   0x00000492   0x00000000   Code   RO         3101    .ARM.Collect$$libinit$$0000002E  c_w.l(libinit2.o)
    0x00000492   0x00000492   0x00000000   Code   RO         3103    .ARM.Collect$$libinit$$00000030  c_w.l(libinit2.o)
    0x00000492   0x00000492   0x00000000   Code   RO         3105    .ARM.Collect$$libinit$$00000032  c_w.l(libinit2.o)
    0x00000492   0x00000492   0x00000002   Code   RO         3106    .ARM.Collect$$libinit$$00000033  c_w.l(libinit2.o)
    0x00000494   0x00000494   0x00000008   Code   RO         3340    .ARM.Collect$$libinit$$00002719  c_w.l(libinit5.o)
    0x0000049c   0x0000049c   0x00000002   Code   RO         3385    .ARM.Collect$$libshutdown$$00000000  c_w.l(libshutdown.o)
    0x0000049e   0x0000049e   0x00000000   Code   RO         3285    .ARM.Collect$$libshutdown$$00000002  c_w.l(libshutdown2.o)
    0x0000049e   0x0000049e   0x00000000   Code   RO         3287    .ARM.Collect$$libshutdown$$00000004  c_w.l(libshutdown2.o)
    0x0000049e   0x0000049e   0x00000000   Code   RO         3290    .ARM.Collect$$libshutdown$$00000007  c_w.l(libshutdown2.o)
    0x0000049e   0x0000049e   0x00000000   Code   RO         3293    .ARM.Collect$$libshutdown$$0000000A  c_w.l(libshutdown2.o)
    0x0000049e   0x0000049e   0x00000000   Code   RO         3295    .ARM.Collect$$libshutdown$$0000000C  c_w.l(libshutdown2.o)
    0x0000049e   0x0000049e   0x00000000   Code   RO         3298    .ARM.Collect$$libshutdown$$0000000F  c_w.l(libshutdown2.o)
    0x0000049e   0x0000049e   0x00000002   Code   RO         3299    .ARM.Collect$$libshutdown$$00000010  c_w.l(libshutdown2.o)
    0x000004a0   0x000004a0   0x00000000   Code   RO         2939    .ARM.Collect$$rtentry$$00000000  c_w.l(__rtentry.o)
    0x000004a0   0x000004a0   0x00000000   Code   RO         3126    .ARM.Collect$$rtentry$$00000002  c_w.l(__rtentry2.o)
    0x000004a0   0x000004a0   0x00000004   Code   RO         3140    .ARM.Collect$$rtentry$$00000007  c_w.l(__rtentry7.o)
    0x000004a4   0x000004a4   0x00000000   Code   RO         3128    .ARM.Collect$$rtentry$$00000009  c_w.l(__rtentry2.o)
    0x000004a4   0x000004a4   0x00000004   Code   RO         3129    .ARM.Collect$$rtentry$$0000000A  c_w.l(__rtentry2.o)
    0x000004a8   0x000004a8   0x00000000   Code   RO         3131    .ARM.Collect$$rtentry$$0000000C  c_w.l(__rtentry2.o)
    0x000004a8   0x000004a8   0x00000008   Code   RO         3132    .ARM.Collect$$rtentry$$0000000D  c_w.l(__rtentry2.o)
    0x000004b0   0x000004b0   0x00000004   Code   RO         3141    .ARM.Collect$$rtentry$$00002718  c_w.l(__rtentry7.o)
    0x000004b4   0x000004b4   0x00000002   Code   RO         3310    .ARM.Collect$$rtexit$$00000000  c_w.l(rtexit.o)
    0x000004b6   0x000004b6   0x00000000   Code   RO         3346    .ARM.Collect$$rtexit$$00000002  c_w.l(rtexit2.o)
    0x000004b6   0x000004b6   0x00000004   Code   RO         3347    .ARM.Collect$$rtexit$$00000003  c_w.l(rtexit2.o)
    0x000004ba   0x000004ba   0x00000006   Code   RO         3348    .ARM.Collect$$rtexit$$00000004  c_w.l(rtexit2.o)
    0x000004c0   0x000004c0   0x00000000   Code   RO         3147    .emb_text           c_w.l(maybetermalloc1.o)
    0x000004c0   0x000004c0   0x00000038   Code   RO         2786    .text               startup_s32k142.o
    0x000004f8   0x000004f8   0x0000005e   Code   RO         2839    .text               c_w.l(h1_alloc.o)
    0x00000556   0x00000556   0x0000004e   Code   RO         2841    .text               c_w.l(h1_free.o)
    0x000005a4   0x000005a4   0x00000048   Code   RO         2903    .text               c_w.l(strcpy.o)
    0x000005ec   0x000005ec   0x0000003e   Code   RO         2905    .text               c_w.l(strlen.o)
    0x0000062a   0x0000062a   0x0000008a   Code   RO         2907    .text               c_w.l(rt_memcpy_v6.o)
    0x000006b4   0x000006b4   0x00000064   Code   RO         2909    .text               c_w.l(rt_memcpy_w.o)
    0x00000718   0x00000718   0x00000044   Code   RO         2911    .text               c_w.l(rt_memclr.o)
    0x0000075c   0x0000075c   0x0000004e   Code   RO         2913    .text               c_w.l(rt_memclr_w.o)
    0x000007aa   0x000007aa   0x00000002   PAD
    0x000007ac   0x000007ac   0x00000008   Code   RO         2943    .text               c_w.l(rt_heap_descriptor_intlibspace.o)
    0x000007b4   0x000007b4   0x00000004   Code   RO         2945    .text               c_w.l(hguard.o)
    0x000007b8   0x000007b8   0x0000008a   Code   RO         2947    .text               c_w.l(init_alloc.o)
    0x00000842   0x00000842   0x0000000e   Code   RO         2951    .text               c_w.l(h1_init.o)
    0x00000850   0x00000850   0x00000034   Code   RO         3149    .text               c_w.l(h1_extend.o)
    0x00000884   0x00000884   0x0000000e   Code   RO         3185    .text               c_w.l(defsig_rtmem_outer.o)
    0x00000892   0x00000892   0x00000002   Code   RO         3203    .text               c_w.l(use_no_semi.o)
    0x00000894   0x00000894   0x00000000   Code   RO         3205    .text               c_w.l(indicate_semi.o)
    0x00000894   0x00000894   0x00000012   Code   RO         3264    .text               c_w.l(exit.o)
    0x000008a6   0x000008a6   0x0000000a   Code   RO         3266    .text               c_w.l(defsig_exit.o)
    0x000008b0   0x000008b0   0x00000050   Code   RO         3272    .text               c_w.l(defsig_rtmem_inner.o)
    0x00000900   0x00000900   0x0000000c   Code   RO         3306    .text               c_w.l(sys_exit.o)
    0x0000090c   0x0000090c   0x00000032   Code   RO         3331    .text               c_w.l(defsig_general.o)
    0x0000093e   0x0000093e   0x0000000e   Code   RO         3343    .text               c_w.l(sys_wrch.o)
    0x0000094c   0x0000094c   0x00000010   Code   RO          138    i.CAN0_ORed_0_15_MB_IRQHandler  canbus.o
    0x0000095c   0x0000095c   0x00000010   Code   RO          139    i.CAN0_ORed_16_31_MB_IRQHandler  canbus.o
    0x0000096c   0x0000096c   0x0000017c   Code   RO          142    i.Canbus0Recv       canbus.o
    0x00000ae8   0x00000ae8   0x00000050   Code   RO          481    i.GpioInit          gpio.o
    0x00000b38   0x00000b38   0x00000138   Code   RO          482    i.GpioSetDirection  gpio.o
    0x00000c70   0x00000c70   0x000000f4   Code   RO          483    i.GpioSetVal        gpio.o
    0x00000d64   0x00000d64   0x0000007c   Code   RO          781    i.LPIT0_Ch0_IRQHandler  timer.o
    0x00000de0   0x00000de0   0x0000005c   Code   RO          782    i.LPIT0_init        timer.o
    0x00000e3c   0x00000e3c   0x00000114   Code   RO          670    i.LPSPI0_IRQHandler  spi.o
    0x00000f50   0x00000f50   0x0000008c   Code   RO          785    i.LPTMR0_IRQHandler  timer.o
    0x00000fdc   0x00000fdc   0x000000c8   Code   RO          911    i.LPUART0_RxTx_IRQHandler  uart.o
    0x000010a4   0x000010a4   0x000000c8   Code   RO          912    i.LPUART1_RxTx_IRQHandler  uart.o
    0x0000116c   0x0000116c   0x0000002c   Code   RO          237    i.NormalRUNmode_80MHz  clocks_and_modes.o
    0x00001198   0x00001198   0x0000002c   Code   RO         1075    i.PORTB_IRQHandler  nm_bsp.o
    0x000011c4   0x000011c4   0x00000044   Code   RO          238    i.SOSC_init_8MHz    clocks_and_modes.o
    0x00001208   0x00001208   0x00000060   Code   RO          239    i.SPLL_init_160MHz  clocks_and_modes.o
    0x00001268   0x00001268   0x00000110   Code   RO         2599    i.Socket_ReadSocketData  socket.o
    0x00001378   0x00001378   0x000000e0   Code   RO          677    i.SpiInitMaster     spi.o
    0x00001458   0x00001458   0x000000c0   Code   RO          678    i.SpiRecv           spi.o
    0x00001518   0x00001518   0x00000104   Code   RO          679    i.SpiSend           spi.o
    0x0000161c   0x0000161c   0x00000040   Code   RO         2794    i.SystemInit        system_s32k142.o
    0x0000165c   0x0000165c   0x00000020   Code   RO         2600    i.accept            socket.o
    0x0000167c   0x0000167c   0x00000080   Code   RO         2601    i.bind              socket.o
    0x000016fc   0x000016fc   0x00000040   Code   RO         2147    i.chip_apply_conf   nmasic.o
    0x0000173c   0x0000173c   0x000000a4   Code   RO         2148    i.chip_deinit       nmasic.o
    0x000017e0   0x000017e0   0x00000080   Code   RO         2152    i.chip_sleep        nmasic.o
    0x00001860   0x00001860   0x00000124   Code   RO         2153    i.chip_wake         nmasic.o
    0x00001984   0x00001984   0x000000b0   Code   RO         2602    i.close             socket.o
    0x00001a34   0x00001a34   0x00000022   Code   RO         2455    i.crc7              nmspi.o
    0x00001a56   0x00001a56   0x00000002   PAD
    0x00001a58   0x00001a58   0x00000010   Code   RO         2456    i.crc7_byte         nmspi.o
    0x00001a68   0x00001a68   0x00000030   Code   RO          521    i.deQueue           nxpqueue.o
    0x00001a98   0x00001a98   0x00000036   Code   RO          522    i.deQueueCan        nxpqueue.o
    0x00001ace   0x00001ace   0x0000003a   Code   RO          525    i.enQueue           nxpqueue.o
    0x00001b08   0x00001b08   0x00000042   Code   RO          526    i.enQueueCan        nxpqueue.o
    0x00001b4a   0x00001b4a   0x0000005e   Code   RO         2156    i.enable_interrupts  nmasic.o
    0x00001ba8   0x00001ba8   0x00000016   Code   RO          527    i.getQueueLen       nxpqueue.o
    0x00001bbe   0x00001bbe   0x00000002   PAD
    0x00001bc0   0x00001bc0   0x00000038   Code   RO         1294    i.hif_chip_sleep    m2m_hif.o
    0x00001bf8   0x00001bf8   0x0000001c   Code   RO         1295    i.hif_chip_sleep_sc  m2m_hif.o
    0x00001c14   0x00001c14   0x00000038   Code   RO         1296    i.hif_chip_wake     m2m_hif.o
    0x00001c4c   0x00001c4c   0x000000ec   Code   RO         1299    i.hif_handle_isr    m2m_hif.o
    0x00001d38   0x00001d38   0x0000002c   Code   RO         1300    i.hif_init          m2m_hif.o
    0x00001d64   0x00001d64   0x00000558   Code   RO         1301    i.hif_isr           m2m_hif.o
    0x000022bc   0x000022bc   0x00000128   Code   RO         1302    i.hif_receive       m2m_hif.o
    0x000023e4   0x000023e4   0x00000098   Code   RO         1303    i.hif_register_cb   m2m_hif.o
    0x0000247c   0x0000247c   0x000002c8   Code   RO         1304    i.hif_send          m2m_hif.o
    0x00002744   0x00002744   0x00000044   Code   RO         1305    i.hif_set_rx_done   m2m_hif.o
    0x00002788   0x00002788   0x00000022   Code   RO          529    i.initQueue         nxpqueue.o
    0x000027aa   0x000027aa   0x0000003a   Code   RO         1077    i.init_chip_pins    nm_bsp.o
    0x000027e4   0x000027e4   0x00000054   Code   RO         2758    i.init_data_bss     startup.o
    0x00002838   0x00002838   0x00000012   Code   RO          531    i.isEmpityQueue     nxpqueue.o
    0x0000284a   0x0000284a   0x00000012   Code   RO          532    i.isEmpityQueueCan  nxpqueue.o
    0x0000285c   0x0000285c   0x0000001e   Code   RO          533    i.isFullQueue       nxpqueue.o
    0x0000287a   0x0000287a   0x0000001e   Code   RO          534    i.isFullQueueCan    nxpqueue.o
    0x00002898   0x00002898   0x00000010   Code   RO         1308    i.isr               m2m_hif.o
    0x000028a8   0x000028a8   0x00000058   Code   RO         2606    i.listen            socket.o
    0x00002900   0x00002900   0x00000010   Code   RO         1078    i.m2mStub_EintDisable  nm_bsp.o
    0x00002910   0x00002910   0x00000030   Code   RO         1079    i.m2mStub_EintEnable  nm_bsp.o
    0x00002940   0x00002940   0x00000010   Code   RO         1309    i.m2m_EintHandler   m2m_hif.o
    0x00002950   0x00002950   0x00000002   Code   RO         1310    i.m2m_hif_cb        m2m_hif.o
    0x00002952   0x00002952   0x00000002   PAD
    0x00002954   0x00002954   0x000002e0   Code   RO         2607    i.m2m_ip_cb         socket.o
    0x00002c34   0x00002c34   0x00000018   Code   RO         1175    i.m2m_memcpy        nm_common.o
    0x00002c4c   0x00002c4c   0x00000014   Code   RO         1176    i.m2m_memset        nm_common.o
    0x00002c60   0x00002c60   0x00000014   Code   RO         1177    i.m2m_strlen        nm_common.o
    0x00002c74   0x00002c74   0x000002bc   Code   RO         1671    i.m2m_validate_ap_parameters  m2m_wifi.o
    0x00002f30   0x00002f30   0x00000314   Code   RO         1673    i.m2m_wifi_cb       m2m_wifi.o
    0x00003244   0x00003244   0x00000038   Code   RO         1691    i.m2m_wifi_enable_ap  m2m_wifi.o
    0x0000327c   0x0000327c   0x0000002c   Code   RO         1692    i.m2m_wifi_enable_ap_ext  m2m_wifi.o
    0x000032a8   0x000032a8   0x0000000a   Code   RO         1705    i.m2m_wifi_handle_events  m2m_wifi.o
    0x000032b2   0x000032b2   0x0000001a   Code   RO         1706    i.m2m_wifi_init     m2m_wifi.o
    0x000032cc   0x000032cc   0x0000001c   Code   RO         1707    i.m2m_wifi_init_hold  m2m_wifi.o
    0x000032e8   0x000032e8   0x00000228   Code   RO         1708    i.m2m_wifi_init_start  m2m_wifi.o
    0x00003510   0x00003510   0x00000004   Code   RO         1719    i.m2m_wifi_request_dhcp_client  m2m_wifi.o
    0x00003514   0x00003514   0x000001f8   Code   RO            7    i.main              main.o
    0x0000370c   0x0000370c   0x0000001c   Code   RO         1081    i.nm_bsp_init       nm_bsp.o
    0x00003728   0x00003728   0x00000016   Code   RO         1082    i.nm_bsp_interrupt_ctrl  nm_bsp.o
    0x0000373e   0x0000373e   0x00000002   PAD
    0x00003740   0x00003740   0x00000014   Code   RO         1083    i.nm_bsp_register_isr  nm_bsp.o
    0x00003754   0x00003754   0x0000003e   Code   RO         1084    i.nm_bsp_reset      nm_bsp.o
    0x00003792   0x00003792   0x00000014   Code   RO         1085    i.nm_bsp_sleep      nm_bsp.o
    0x000037a6   0x000037a6   0x00000004   Code   RO         1225    i.nm_bus_deinit     nm_bus_wrapper.o
    0x000037aa   0x000037aa   0x0000000e   Code   RO         2297    i.nm_bus_iface_deinit  nmbus.o
    0x000037b8   0x000037b8   0x00000012   Code   RO         2298    i.nm_bus_iface_init  nmbus.o
    0x000037ca   0x000037ca   0x00000006   Code   RO         1226    i.nm_bus_init       nm_bus_wrapper.o
    0x000037d0   0x000037d0   0x00000078   Code   RO         1227    i.nm_bus_ioctl      nm_bus_wrapper.o
    0x00003848   0x00003848   0x0000000a   Code   RO         2300    i.nm_bus_reset      nmbus.o
    0x00003852   0x00003852   0x00000002   PAD
    0x00003854   0x00003854   0x000000f8   Code   RO         2383    i.nm_drv_deinit     nmdrv.o
    0x0000394c   0x0000394c   0x000000ac   Code   RO         2386    i.nm_drv_init_hold  nmdrv.o
    0x000039f8   0x000039f8   0x000000ac   Code   RO         2387    i.nm_drv_init_start  nmdrv.o
    0x00003aa4   0x00003aa4   0x000000d4   Code   RO         2388    i.nm_get_firmware_full_info  nmdrv.o
    0x00003b78   0x00003b78   0x00000058   Code   RO         2301    i.nm_read_block     nmbus.o
    0x00003bd0   0x00003bd0   0x0000000c   Code   RO         2302    i.nm_read_reg       nmbus.o
    0x00003bdc   0x00003bdc   0x00000010   Code   RO         2303    i.nm_read_reg_with_ret  nmbus.o
    0x00003bec   0x00003bec   0x0000000c   Code   RO         2457    i.nm_spi_deinit     nmspi.o
    0x00003bf8   0x00003bf8   0x000001a0   Code   RO         2458    i.nm_spi_init       nmspi.o
    0x00003d98   0x00003d98   0x000001f4   Code   RO         2459    i.nm_spi_read       nmspi.o
    0x00003f8c   0x00003f8c   0x00000028   Code   RO         2460    i.nm_spi_read_block  nmspi.o
    0x00003fb4   0x00003fb4   0x00000010   Code   RO         2461    i.nm_spi_read_reg   nmspi.o
    0x00003fc4   0x00003fc4   0x00000020   Code   RO         2462    i.nm_spi_read_reg_with_ret  nmspi.o
    0x00003fe4   0x00003fe4   0x0000001c   Code   RO         2463    i.nm_spi_reset      nmspi.o
    0x00004000   0x00004000   0x00000208   Code   RO         2464    i.nm_spi_write      nmspi.o
    0x00004208   0x00004208   0x00000028   Code   RO         2465    i.nm_spi_write_block  nmspi.o
    0x00004230   0x00004230   0x00000020   Code   RO         2466    i.nm_spi_write_reg  nmspi.o
    0x00004250   0x00004250   0x00000058   Code   RO         2304    i.nm_write_block    nmbus.o
    0x000042a8   0x000042a8   0x00000010   Code   RO         2305    i.nm_write_reg      nmbus.o
    0x000042b8   0x000042b8   0x000000bc   Code   RO         2158    i.nmi_get_chipid    nmasic.o
    0x00004374   0x00004374   0x0000001a   Code   RO         2467    i.nmi_spi_read      nmspi.o
    0x0000438e   0x0000438e   0x0000001a   Code   RO         2468    i.nmi_spi_write     nmspi.o
    0x000043a8   0x000043a8   0x00000030   Code   RO         1004    i.nxpPrintf         printf.o
    0x000043d8   0x000043d8   0x00000018   Code   RO         1005    i.out_char          printf.o
    0x000043f0   0x000043f0   0x00000014   Code   RO         2306    i.p_nm_read_block   nmbus.o
    0x00004404   0x00004404   0x00000014   Code   RO         2307    i.p_nm_write_block  nmbus.o
    0x00004418   0x00004418   0x00000484   Code   RO         1006    i.printk            printf.o
    0x0000489c   0x0000489c   0x0000008c   Code   RO         1007    i.printk_mknumstr   printf.o
    0x00004928   0x00004928   0x00000026   Code   RO         1008    i.printk_pad_space  printf.o
    0x0000494e   0x0000494e   0x00000026   Code   RO         1009    i.printk_pad_zero   printf.o
    0x00004974   0x00004974   0x00000034   Code   RO         1010    i.printk_putc       printf.o
    0x000049a8   0x000049a8   0x000000b4   Code   RO         2610    i.recv              socket.o
    0x00004a5c   0x00004a5c   0x00000014   Code   RO         2612    i.registerSocketCallback  socket.o
    0x00004a70   0x00004a70   0x00000094   Code   RO         2613    i.send              socket.o
    0x00004b04   0x00004b04   0x0000014c   Code   RO         2616    i.socket            socket.o
    0x00004c50   0x00004c50   0x00000038   Code   RO         2618    i.socketInit        socket.o
    0x00004c88   0x00004c88   0x0000028c   Code   RO            8    i.socket_cb         main.o
    0x00004f14   0x00004f14   0x00000210   Code   RO         2469    i.spi_cmd           nmspi.o
    0x00005124   0x00005124   0x000000f4   Code   RO         2470    i.spi_cmd_rsp       nmspi.o
    0x00005218   0x00005218   0x00000214   Code   RO         2471    i.spi_data_read     nmspi.o
    0x0000542c   0x0000542c   0x000000f0   Code   RO         2472    i.spi_data_rsp      nmspi.o
    0x0000551c   0x0000551c   0x000001cc   Code   RO         2473    i.spi_data_write    nmspi.o
    0x000056e8   0x000056e8   0x0000006e   Code   RO         2474    i.spi_init_pkt_sz   nmspi.o
    0x00005756   0x00005756   0x00000002   PAD
    0x00005758   0x00005758   0x000001e4   Code   RO         2475    i.spi_read_reg      nmspi.o
    0x0000593c   0x0000593c   0x000000d0   Code   RO         1228    i.spi_rw            nm_bus_wrapper.o
    0x00005a0c   0x00005a0c   0x00000184   Code   RO         2476    i.spi_write_reg     nmspi.o
    0x00005b90   0x00005b90   0x00000218   Code   RO          915    i.uartInit          uart.o
    0x00005da8   0x00005da8   0x00000140   Code   RO         2168    i.wait_for_bootrom  nmasic.o
    0x00005ee8   0x00005ee8   0x00000078   Code   RO         2169    i.wait_for_firmware_start  nmasic.o
    0x00005f60   0x00005f60   0x00000108   Code   RO            9    i.wifi_cb           main.o
    0x00006068   0x00006068   0x00000150   Code   RO         2917    x$fpl$dadd          fz_wm.l(daddsub_clz.o)
    0x000061b8   0x000061b8   0x000002b0   Code   RO         2924    x$fpl$ddiv          fz_wm.l(ddiv.o)
    0x00006468   0x00006468   0x0000005e   Code   RO         2927    x$fpl$dfix          fz_wm.l(dfix.o)
    0x000064c6   0x000064c6   0x0000002e   Code   RO         2932    x$fpl$dflt          fz_wm.l(dflt_clz.o)
    0x000064f4   0x000064f4   0x00000026   Code   RO         2931    x$fpl$dfltu         fz_wm.l(dflt_clz.o)
    0x0000651a   0x0000651a   0x0000009c   Code   RO         3107    x$fpl$dnaninf       fz_wm.l(dnaninf.o)
    0x000065b6   0x000065b6   0x0000000c   Code   RO         3109    x$fpl$dretinf       fz_wm.l(dretinf.o)
    0x000065c2   0x000065c2   0x00000002   PAD
    0x000065c4   0x000065c4   0x000001d4   Code   RO         2919    x$fpl$dsub          fz_wm.l(daddsub_clz.o)
    0x00006798   0x00006798   0x0000000a   Code   RO         3196    x$fpl$fpinit        fz_wm.l(fpinit.o)
    0x000067a2   0x000067a2   0x00000000   Code   RO         3119    x$fpl$usenofp       fz_wm.l(usenofp.o)
    0x000067a2   0x000067a2   0x00000002   PAD
    0x000067a4   0x000067a4   0x00000024   Data   RO          923    .constdata          uart.o
    0x000067c8   0x000067c8   0x0000000d   Data   RO         1230    .constdata          nm_bus_wrapper.o
    0x000067d5   0x000067d5   0x0000003c   Data   RO         1312    .constdata          m2m_hif.o
    0x00006811   0x00006811   0x000000d5   Data   RO         1747    .constdata          m2m_wifi.o
    0x000068e6   0x000068e6   0x00000022   Data   RO         2170    .constdata          nmasic.o
    0x00006908   0x00006908   0x0000004b   Data   RO         2391    .constdata          nmdrv.o
    0x00006953   0x00006953   0x0000017e   Data   RO         2477    .constdata          nmspi.o
    0x00006ad1   0x00006ad1   0x00000003   PAD
    0x00006ad4   0x00006ad4   0x00000004   Data   RO         2759    .constdata          startup.o
    0x00006ad8   0x00006ad8   0x000000d7   Data   RO         1313    .conststring        m2m_hif.o
    0x00006baf   0x00006baf   0x00000001   PAD
    0x00006bb0   0x00006bb0   0x00000050   Data   RO         2478    .conststring        nmspi.o
    0x00006c00   0x00006c00   0x00000040   Data   RO         3386    Region$$Table       anon$$obj.o


    Execution Region RW_m_data (Exec base: 0x1fffc000, Load base: 0x00006c40, Size: 0x00001f00, Max: 0x00004000, ABSOLUTE)

    Exec Addr    Load Addr    Size         Type   Attr      Idx    E Section Name        Object

    0x1fffc000   0x00006c40   0x0000001c   Data   RW           11    .data               main.o
    0x1fffc01c   0x00006c5c   0x00000024   Data   RW          797    .data               timer.o
    0x1fffc040   0x00006c80   0x0000002c   Data   RW          924    .data               uart.o
    0x1fffc06c   0x00006cac   0x00000008   Data   RW         1748    .data               m2m_wifi.o
    0x1fffc074   0x00006cb4   0x00000004   Data   RW         2171    .data               nmasic.o
    0x1fffc078   0x00006cb8   0x00000011   Data   RW         2479    .data               nmspi.o
    0x1fffc089   0x00006cc9   0x00000003   PAD
    0x1fffc08c        -       0x0000003c   Zero   RW          146    .bss                canbus.o
    0x1fffc0c8        -       0x00000820   Zero   RW          683    .bss                spi.o
    0x1fffc8e8        -       0x00001040   Zero   RW          922    .bss                uart.o
    0x1fffd928        -       0x000004c8   Zero   RW         1229    .bss                nm_bus_wrapper.o
    0x1fffddf0        -       0x000000b0   Zero   RW         2621    .bss                socket.o
    0x1fffdea0        -       0x00000060   Zero   RW         3123    .bss                c_w.l(libspace.o)


    Execution Region RW_m_data_2 (Exec base: 0x20000000, Load base: 0x00006ccc, Size: 0x00000700, Max: 0x00002800, ABSOLUTE)

    Exec Addr    Load Addr    Size         Type   Attr      Idx    E Section Name        Object

    0x20000000   0x00006ccc   0x00000030   Data   RW          147    .data               canbus.o
    0x20000030   0x00006cfc   0x0000001d   Data   RW          684    .data               spi.o
    0x2000004d   0x00006d19   0x00000003   PAD
    0x20000050   0x00006d1c   0x00000004   Data   RW         1086    .data               nm_bsp.o
    0x20000054   0x00006d20   0x0000000c   Data   RW         1231    .data               nm_bus_wrapper.o
    0x20000060   0x00006d2c   0x00000004   Data   RW         1314    .data               m2m_hif.o
    0x20000064   0x00006d30   0x0000001a   Data   RW         2623    .data               socket.o
    0x2000007e   0x00006d4a   0x00000002   PAD
    0x20000080        -       0x000005b4   Zero   RW           10    .bss                main.o
    0x20000634        -       0x000000a0   Zero   RW          796    .bss                timer.o
    0x200006d4        -       0x0000002c   Zero   RW         1311    .bss                m2m_hif.o


    Execution Region ARM_LIB_HEAP (Exec base: 0x20000700, Load base: 0x00006d4c, Size: 0x00000400, Max: 0x00000400, ABSOLUTE)

    Exec Addr    Load Addr    Size         Type   Attr      Idx    E Section Name        Object

    0x20000700        -       0x00000400   Zero   RW            1    ARM_LIB_HEAP.bss    anon$$obj.o


    Execution Region ARM_LIB_STACK (Exec base: 0x20002c00, Load base: 0x00006d4c, Size: 0x00000400, Max: 0x00000400, ABSOLUTE)

    Exec Addr    Load Addr    Size         Type   Attr      Idx    E Section Name        Object

    0x20002c00        -       0x00000400   Zero   RW            2    ARM_LIB_STACK.bss   anon$$obj.o



  Load Region LR_m_interrupts (Base: 0x00000000, Size: 0x00000400, Max: 0x00000400, ABSOLUTE)

    Execution Region VECTOR_RAM (Exec base: 0x00000000, Load base: 0x00000000, Size: 0x00000000, Max: 0x00000000, ABSOLUTE)

    Exec Addr    Load Addr    Size         Type   Attr      Idx    E Section Name        Object

    0x00000000        -       0x00000000   Zero   RW            3    VECTOR_RAM.bss      anon$$obj.o


    Execution Region VECTOR_ROM (Exec base: 0x00000000, Load base: 0x00000000, Size: 0x00000400, Max: 0x00000400, ABSOLUTE)

    Exec Addr    Load Addr    Size         Type   Attr      Idx    E Section Name        Object

    0x00000000   0x00000000   0x00000400   Data   RO         2784    RESET               startup_s32k142.o



  Load Region LR_m_flash_config (Base: 0x00000400, Size: 0x00000010, Max: 0x00000010, ABSOLUTE)

    Execution Region ER_m_flash_config (Exec base: 0x00000400, Load base: 0x00000400, Size: 0x00000010, Max: 0x00000010, ABSOLUTE)

    Exec Addr    Load Addr    Size         Type   Attr      Idx    E Section Name        Object

    0x00000400   0x00000400   0x00000010   Data   RO         2785    FlashConfig         startup_s32k142.o


==============================================================================

Image component sizes


      Code (inc. data)   RO Data    RW Data    ZI Data      Debug   Object Name

       412         32          0         48         60       4201   canbus.o
       208         28          0          0          0       1498   clocks_and_modes.o
       636         58          0          0          0       1859   gpio.o
         0          0          0          0          0       2665   m2m_crypto.o
      3050        936        275          4         44      11223   m2m_hif.o
         0          0          0          0          0       5104   m2m_ssl.o
      2208        598        213          8          0      14091   m2m_wifi.o
      1420        726          0         28       1460      39395   main.o
       318         44          0          4          0       4804   nm_bsp.o
       338         52         13         12       1224       5590   nm_bus_wrapper.o
        64          0          0          0          0       2179   nm_common.o
      1370        222         34          4          0       7273   nmasic.o
       302          8          0          0          0       6778   nmbus.o
       804        274         75          0          0       4191   nmdrv.o
      4724       1660        462         17          0      18610   nmspi.o
       378          0          0          0          0       6346   nxpqueue.o
      1496         30          0          0          0       7732   printf.o
      2168        224          0         26        176      15337   socket.o
       952         96          0         29       2080       5071   spi.o
        84         16          4          0          0       1941   startup.o
        56         18       1040          0          0        860   startup_s32k142.o
        64         16          0          0          0        521   system_s32k142.o
       356         78          0         36        160       2743   timer.o
       936        150         36         44       4160       3819   uart.o

    ----------------------------------------------------------------------
     22356       5266       2220        268      11412     173831   Object Totals
         0          0         64          0       2048          0   (incl. Generated)
        12          0          4          8          0          0   (incl. Padding)

    ----------------------------------------------------------------------

      Code (inc. data)   RO Data    RW Data    ZI Data      Debug   Library Member Name

         8          0          0          0          0         68   __main.o
         0          0          0          0          0          0   __rtentry.o
        12          0          0          0          0          0   __rtentry2.o
         8          4          0          0          0          0   __rtentry7.o
        52          8          0          0          0          0   __scatter.o
        26          0          0          0          0          0   __scatter_copy.o
        28          0          0          0          0          0   __scatter_zi.o
        10          0          0          0          0         68   defsig_exit.o
        50          0          0          0          0         88   defsig_general.o
        80         58          0          0          0         76   defsig_rtmem_inner.o
        14          0          0          0          0         80   defsig_rtmem_outer.o
        18          0          0          0          0         80   exit.o
        94          0          0          0          0         80   h1_alloc.o
        52          0          0          0          0         68   h1_extend.o
        78          0          0          0          0         80   h1_free.o
        14          0          0          0          0         84   h1_init.o
         4          0          0          0          0        136   hguard.o
         0          0          0          0          0          0   indicate_semi.o
       138          0          0          0          0        168   init_alloc.o
         2          0          0          0          0          0   libinit.o
         6          0          0          0          0          0   libinit2.o
        16          8          0          0          0          0   libinit5.o
         2          0          0          0          0          0   libshutdown.o
         2          0          0          0          0          0   libshutdown2.o
         0          0          0          0         96          0   libspace.o
         0          0          0          0          0          0   maybetermalloc1.o
         8          4          0          0          0         68   rt_heap_descriptor_intlibspace.o
        68          0          0          0          0         68   rt_memclr.o
        78          0          0          0          0         80   rt_memclr_w.o
       138          0          0          0          0         68   rt_memcpy_v6.o
       100          0          0          0          0         80   rt_memcpy_w.o
         2          0          0          0          0          0   rtexit.o
        10          0          0          0          0          0   rtexit2.o
        72          0          0          0          0         80   strcpy.o
        62          0          0          0          0         76   strlen.o
        12          4          0          0          0         68   sys_exit.o
        14          0          0          0          0         76   sys_wrch.o
         2          0          0          0          0         68   use_no_semi.o
       804         16          0          0          0        368   daddsub_clz.o
       688        140          0          0          0        256   ddiv.o
        94          4          0          0          0        140   dfix.o
        84          0          0          0          0        232   dflt_clz.o
       156          4          0          0          0        140   dnaninf.o
        12          0          0          0          0        116   dretinf.o
        10          0          0          0          0        116   fpinit.o
         0          0          0          0          0          0   usenofp.o

    ----------------------------------------------------------------------
      3136        250          0          0         96       3176   Library Totals
         8          0          0          0          0          0   (incl. Padding)

    ----------------------------------------------------------------------

      Code (inc. data)   RO Data    RW Data    ZI Data      Debug   Library Name

      1280         86          0          0         96       1808   c_w.l
      1848        164          0          0          0       1368   fz_wm.l

    ----------------------------------------------------------------------
      3136        250          0          0         96       3176   Library Totals

    ----------------------------------------------------------------------

==============================================================================


      Code (inc. data)   RO Data    RW Data    ZI Data      Debug   

     25492       5516       2220        268      11508     162371   Grand Totals
     25492       5516       2220        268      11508     162371   ELF Image Totals
     25492       5516       2220        268          0          0   ROM Totals

==============================================================================

    Total RO  Size (Code + RO Data)                27712 (  27.06kB)
    Total RW  Size (RW Data + ZI Data)             11776 (  11.50kB)
    Total ROM Size (Code + RO Data + RW Data)      27980 (  27.32kB)

==============================================================================

